SUMMARY OF C0NVERGENCE INFORMATION
  STEP   INC  ATT   ITER     CONT.   RESID.        CORR.      RESID.      CORR.
                              EL.    FORCE         DISP       FLUX        TEMP.
                              (#)     (%)           (%)        (%)         (%)
     1     1     1     1        0  0.1801E+04  0.1000E+03  0.0000E+00  0.0000E+00
     1     1     1     2        0  0.1524E+04  0.4034E+00  0.0000E+00  0.0000E+00
     1     1     1     3        0  0.1227E+04  0.1614E+00  0.0000E+00  0.0000E+00
     1     1     1     4        0  0.7324E+03  0.7194E-01  0.0000E+00  0.0000E+00
     1     1     1     5        0  0.3040E+03  0.2362E-01  0.0000E+00  0.0000E+00
     1     1     1     6        0  0.1409E+03  0.7717E-02  0.0000E+00  0.0000E+00
     1     1     1     7        0  0.0000E+00  0.2090E-02  0.0000E+00  0.0000E+00
     1     2     1     1        0  0.6664E+00  0.7503E+00  0.0000E+00  0.0000E+00
     1     2     1     2        0  0.0000E+00  0.6451E-01  0.0000E+00  0.0000E+00
     1     3     1     1        0  0.4072E+00  0.6754E+00  0.0000E+00  0.0000E+00
     1     3     1     2        0  0.0000E+00  0.6428E-01  0.0000E+00  0.0000E+00
     1     4     1     1        0  0.8729E+00  0.7548E+00  0.0000E+00  0.0000E+00
     1     4     1     2        0  0.0000E+00  0.1372E+00  0.0000E+00  0.0000E+00
     1     5     1     1        0  0.1810E+01  0.9292E+00  0.0000E+00  0.0000E+00
     1     5     1     2        0  0.2310E-01  0.3015E+00  0.0000E+00  0.0000E+00
     1     6     1     1        0  0.1430E+01  0.9282E+00  0.0000E+00  0.0000E+00
     1     6     1     2        0  0.2570E-01  0.3492E+00  0.0000E+00  0.0000E+00
     1     7     1     1        0  0.4060E+00  0.7441E+00  0.0000E+00  0.0000E+00
     1     7     1     2        0  0.0000E+00  0.1982E+00  0.0000E+00  0.0000E+00
