{
  "valid": true,
  "solid_count": 1,
  "bbox_mm": [
    316.0,
    396.0,
    8.0
  ],
  "z_extent_mm": [
    27.0,
    35.0
  ],
  "base_volume_mm3": 141823.99999999977,
  "retention_frame_volume_mm3": 143744.00000000015,
  "volume_delta_mm3": 1920.0000000003783,
  "mass_delta_g_density_1p20": 2.3040000000004537,
  "mass_delta_g_density_1p30": 2.496000000000492,
  "mass_delta_g_density_1p40": 2.6880000000005295,
  "tab_base_overlap_mm3": {
    "TAB_TOP_L": 192.0,
    "TAB_TOP_R": 192.0
  },
  "tab_exclusion_intersections_mm3": {
    "TAB_TOP_L": {
      "CLEAT_L": 0.0,
      "CLEAT_R": 0.0,
      "UPPER_VENT_L": 0.0,
      "UPPER_VENT_R": 0.0,
      "MAIN_C": 0.0,
      "ESP32_RF_COARSE": 0.0
    },
    "TAB_TOP_R": {
      "CLEAT_L": 0.0,
      "CLEAT_R": 0.0,
      "UPPER_VENT_L": 0.0,
      "UPPER_VENT_R": 0.0,
      "MAIN_C": 0.0,
      "ESP32_RF_COARSE": 0.0
    }
  },
  "artifact": "AP22_REAR_PC_CF_FRAME_RETENTION_REV_AP.step",
  "limitations": [
    "density values are sensitivity only",
    "no fastener boss/hole yet",
    "coarse keepouts/RF mask",
    "local FEA not run"
  ]
}
