SUMMARY OF C0NVERGENCE INFORMATION
  STEP   INC  ATT   ITER     CONT.   RESID.        CORR.      RESID.      CORR.
                              EL.    FORCE         DISP       FLUX        TEMP.
                              (#)     (%)           (%)        (%)         (%)
     1     1     1     1        0  0.2041E+04  0.1000E+03  0.0000E+00  0.0000E+00
     1     1     1     2        0  0.4298E+03  0.9577E+00  0.0000E+00  0.0000E+00
     1     1     1     3        0  0.5762E+03  0.3227E+00  0.0000E+00  0.0000E+00
     1     1     1     4        0  0.4613E+03  0.1830E+00  0.0000E+00  0.0000E+00
     1     1     2     1        0  0.5470E+03  0.1000E+03  0.0000E+00  0.0000E+00
     1     1     2     2        0  0.4300E+03  0.2385E+00  0.0000E+00  0.0000E+00
     1     1     2     3        0  0.5763E+03  0.3231E+00  0.0000E+00  0.0000E+00
     1     1     2     4        0  0.4352E+03  0.1612E+00  0.0000E+00  0.0000E+00
     1     1     3     1        0  0.1383E+03  0.1000E+03  0.0000E+00  0.0000E+00
     1     1     3     2        0  0.4301E+03  0.1910E+00  0.0000E+00  0.0000E+00
     1     1     3     3        0  0.5763E+03  0.3236E+00  0.0000E+00  0.0000E+00
     1     1     3     4        0  0.4352E+03  0.1615E+00  0.0000E+00  0.0000E+00
     1     1     4     1        0  0.9592E+02  0.1000E+03  0.0000E+00  0.0000E+00
     1     1     4     2        0  0.4301E+03  0.1899E+00  0.0000E+00  0.0000E+00
     1     1     4     3        0  0.5763E+03  0.3237E+00  0.0000E+00  0.0000E+00
     1     1     4     4        0  0.4352E+03  0.1616E+00  0.0000E+00  0.0000E+00
     1     1     5     1        0  0.9594E+02  0.1000E+03  0.0000E+00  0.0000E+00
     1     1     5     2        0  0.4301E+03  0.1896E+00  0.0000E+00  0.0000E+00
     1     1     5     3        0  0.5763E+03  0.3237E+00  0.0000E+00  0.0000E+00
     1     1     5     4        0  0.4352E+03  0.1616E+00  0.0000E+00  0.0000E+00
     1     1     6     1        0  0.9594E+02  0.1000E+03  0.0000E+00  0.0000E+00
     1     1     6     2        0  0.4301E+03  0.1895E+00  0.0000E+00  0.0000E+00
     1     1     6     3        0  0.5763E+03  0.3237E+00  0.0000E+00  0.0000E+00
     1     1     6     4        0  0.4352E+03  0.1616E+00  0.0000E+00  0.0000E+00
