
************************************************************

CalculiX Version 2.23, Copyright(C) 1998-2025 Guido Dhondt
CalculiX comes with ABSOLUTELY NO WARRANTY. This is free
software, and you are welcome to redistribute it under
certain conditions, see gpl.htm

************************************************************

You are using an executable made on Sun Oct 19 18:23:34 CEST 2025
 Decascading the MPC's

 Determining the structure of the matrix:
 Using up to 2 cpu(s) for setting up the structure of the matrix.
 number of equations
 480458
 number of nonzero lower triangular matrix elements
 16459124

 increment 1 attempt 1 
 increment size= 1.000000e-01
 sum of previous increments=0.000000e+00
 actual step time=1.000000e-01
 actual total time=1.000000e-01

 iteration 1

 Using up to 2 cpu(s) for the stress calculation.

 Using up to 2 cpu(s) for the symmetric stiffness/mass contributions.

 Factoring the system of equations using the symmetric spooles solver
 Using 1 cpu for spooles.

 Using up to 2 cpu(s) for the stress calculation.

 average force= 0.012080
 time avg. forc= 0.012080
 largest residual force= 0.246510 in node 80807 and dof 2
 largest increment of disp= 5.630929e-01
 largest correction to disp= 5.630929e-01 in node 10746 and dof 2

 no convergence

 iteration 2

 Using up to 2 cpu(s) for the symmetric stiffness/mass contributions.

 Factoring the system of equations using the symmetric spooles solver
 Using 1 cpu for spooles.

 Using up to 2 cpu(s) for the stress calculation.

 average force= 0.011094
 time avg. forc= 0.011094
 largest residual force= 0.047688 in node 86685 and dof 3
 largest increment of disp= 5.630929e-01
 largest correction to disp= 5.392690e-03 in node 349 and dof 1

 no convergence

 iteration 3

 Using up to 2 cpu(s) for the symmetric stiffness/mass contributions.

 Factoring the system of equations using the symmetric spooles solver
 Using 1 cpu for spooles.

 Using up to 2 cpu(s) for the stress calculation.

 average force= 0.011091
 time avg. forc= 0.011091
 largest residual force= 0.063901 in node 86714 and dof 3
 largest increment of disp= 5.630929e-01
 largest correction to disp= 1.816914e-03 in node 76812 and dof 3

 no convergence

 iteration 4

 Using up to 2 cpu(s) for the symmetric stiffness/mass contributions.

 Factoring the system of equations using the symmetric spooles solver
 Using 1 cpu for spooles.

 Using up to 2 cpu(s) for the stress calculation.

 average force= 0.011088
 time avg. forc= 0.011088
 largest residual force= 0.051154 in node 86696 and dof 3
 largest increment of disp= 5.630929e-01
 largest correction to disp= 1.030536e-03 in node 76745 and dof 3

 divergence; the increment size is decreased to 2.500000e-02
 the increment is reattempted

 increment 1 attempt 2 
 increment size= 2.500000e-02
 sum of previous increments=0.000000e+00
 actual step time=2.500000e-02
 actual total time=2.500000e-02

 iteration 1

 Using up to 2 cpu(s) for the stress calculation.

 Using up to 2 cpu(s) for the symmetric stiffness/mass contributions.

 Factoring the system of equations using the symmetric spooles solver
 Using 1 cpu for spooles.

 Using up to 2 cpu(s) for the stress calculation.

 average force= 0.002816
 time avg. forc= 0.002816
 largest residual force= 0.015407 in node 80807 and dof 2
 largest increment of disp= 1.407732e-01
 largest correction to disp= 1.407732e-01 in node 10746 and dof 2

 no convergence

 iteration 2

 Using up to 2 cpu(s) for the symmetric stiffness/mass contributions.

 Factoring the system of equations using the symmetric spooles solver
 Using 1 cpu for spooles.

 Using up to 2 cpu(s) for the stress calculation.

 average force= 0.002778
 time avg. forc= 0.002778
 largest residual force= 0.011945 in node 86685 and dof 3
 largest increment of disp= 1.407732e-01
 largest correction to disp= 3.357431e-04 in node 349 and dof 1

 no convergence

 iteration 3

 Using up to 2 cpu(s) for the symmetric stiffness/mass contributions.

 Factoring the system of equations using the symmetric spooles solver
 Using 1 cpu for spooles.

 Using up to 2 cpu(s) for the stress calculation.

 average force= 0.002777
 time avg. forc= 0.002777
 largest residual force= 0.016004 in node 86714 and dof 3
 largest increment of disp= 1.407732e-01
 largest correction to disp= 4.548767e-04 in node 76812 and dof 3

 no convergence

 iteration 4

 Using up to 2 cpu(s) for the symmetric stiffness/mass contributions.

 Factoring the system of equations using the symmetric spooles solver
 Using 1 cpu for spooles.

 Using up to 2 cpu(s) for the stress calculation.

 average force= 0.002776
 time avg. forc= 0.002776
 largest residual force= 0.012084 in node 86697 and dof 3
 largest increment of disp= 1.407732e-01
 largest correction to disp= 2.269771e-04 in node 76814 and dof 3

 divergence; the increment size is decreased to 6.250000e-03
 the increment is reattempted

 increment 1 attempt 3 
 increment size= 6.250000e-03
 sum of previous increments=0.000000e+00
 actual step time=6.250000e-03
 actual total time=6.250000e-03

 iteration 1

 Using up to 2 cpu(s) for the stress calculation.

 Using up to 2 cpu(s) for the symmetric stiffness/mass contributions.

 Factoring the system of equations using the symmetric spooles solver
 Using 1 cpu for spooles.

 Using up to 2 cpu(s) for the stress calculation.

 average force= 0.000696
 time avg. forc= 0.000696
 largest residual force= 0.000963 in node 80807 and dof 2
 largest increment of disp= 3.519331e-02
 largest correction to disp= 3.519331e-02 in node 10746 and dof 2

 no convergence

 iteration 2

 Using up to 2 cpu(s) for the symmetric stiffness/mass contributions.

 Factoring the system of equations using the symmetric spooles solver
 Using 1 cpu for spooles.

 Using up to 2 cpu(s) for the stress calculation.

 average force= 0.000695
 time avg. forc= 0.000695
 largest residual force= 0.002988 in node 86685 and dof 3
 largest increment of disp= 3.519331e-02
 largest correction to disp= 6.723526e-05 in node 76881 and dof 3

 no convergence

 iteration 3

 Using up to 2 cpu(s) for the symmetric stiffness/mass contributions.

 Factoring the system of equations using the symmetric spooles solver
 Using 1 cpu for spooles.

 Using up to 2 cpu(s) for the stress calculation.

 average force= 0.000695
 time avg. forc= 0.000695
 largest residual force= 0.004003 in node 86714 and dof 3
 largest increment of disp= 3.519331e-02
 largest correction to disp= 1.138750e-04 in node 76812 and dof 3

 no convergence

 iteration 4

 Using up to 2 cpu(s) for the symmetric stiffness/mass contributions.

 Factoring the system of equations using the symmetric spooles solver
 Using 1 cpu for spooles.

 Using up to 2 cpu(s) for the stress calculation.

 average force= 0.000694
 time avg. forc= 0.000694
 largest residual force= 0.003022 in node 86697 and dof 3
 largest increment of disp= 3.519331e-02
 largest correction to disp= 5.683953e-05 in node 76814 and dof 3

 divergence; the increment size is decreased to 1.562500e-03
 the increment is reattempted

 increment 1 attempt 4 
 increment size= 1.562500e-03
 sum of previous increments=0.000000e+00
 actual step time=1.562500e-03
 actual total time=1.562500e-03

 iteration 1

 Using up to 2 cpu(s) for the stress calculation.

 Using up to 2 cpu(s) for the symmetric stiffness/mass contributions.

 Factoring the system of equations using the symmetric spooles solver
 Using 1 cpu for spooles.

 Using up to 2 cpu(s) for the stress calculation.

 average force= 0.000174
 time avg. forc= 0.000174
 largest residual force= 0.000167 in node 14569 and dof 3
 largest increment of disp= 8.798327e-03
 largest correction to disp= 8.798327e-03 in node 10746 and dof 2

 no convergence

 iteration 2

 Using up to 2 cpu(s) for the symmetric stiffness/mass contributions.

 Factoring the system of equations using the symmetric spooles solver
 Using 1 cpu for spooles.

 Using up to 2 cpu(s) for the stress calculation.

 average force= 0.000174
 time avg. forc= 0.000174
 largest residual force= 0.000747 in node 86685 and dof 3
 largest increment of disp= 8.798327e-03
 largest correction to disp= 1.670632e-05 in node 76814 and dof 3

 no convergence

 iteration 3

 Using up to 2 cpu(s) for the symmetric stiffness/mass contributions.

 Factoring the system of equations using the symmetric spooles solver
 Using 1 cpu for spooles.

 Using up to 2 cpu(s) for the stress calculation.

 average force= 0.000174
 time avg. forc= 0.000174
 largest residual force= 0.001001 in node 86714 and dof 3
 largest increment of disp= 8.798327e-03
 largest correction to disp= 2.848036e-05 in node 76812 and dof 3

 no convergence

 iteration 4

 Using up to 2 cpu(s) for the symmetric stiffness/mass contributions.

 Factoring the system of equations using the symmetric spooles solver
 Using 1 cpu for spooles.

 Using up to 2 cpu(s) for the stress calculation.

 average force= 0.000174
 time avg. forc= 0.000174
 largest residual force= 0.000756 in node 86697 and dof 3
 largest increment of disp= 8.798327e-03
 largest correction to disp= 1.421585e-05 in node 76814 and dof 3

 divergence; the increment size is decreased to 3.906250e-04
 the increment is reattempted

 increment 1 attempt 5 
 increment size= 3.906250e-04
 sum of previous increments=0.000000e+00
 actual step time=3.906250e-04
 actual total time=3.906250e-04

 iteration 1

 Using up to 2 cpu(s) for the stress calculation.

 Using up to 2 cpu(s) for the symmetric stiffness/mass contributions.

 Factoring the system of equations using the symmetric spooles solver
 Using 1 cpu for spooles.

 Using up to 2 cpu(s) for the stress calculation.

 average force= 0.000043
 time avg. forc= 0.000043
 largest residual force= 0.000042 in node 14569 and dof 3
 largest increment of disp= 2.199582e-03
 largest correction to disp= 2.199582e-03 in node 10746 and dof 2

 no convergence

 iteration 2

 Using up to 2 cpu(s) for the symmetric stiffness/mass contributions.

 Factoring the system of equations using the symmetric spooles solver
 Using 1 cpu for spooles.

 Using up to 2 cpu(s) for the stress calculation.

 average force= 0.000043
 time avg. forc= 0.000043
 largest residual force= 0.000187 in node 86685 and dof 3
 largest increment of disp= 2.199582e-03
 largest correction to disp= 4.170181e-06 in node 76814 and dof 3

 no convergence

 iteration 3

 Using up to 2 cpu(s) for the symmetric stiffness/mass contributions.

 Factoring the system of equations using the symmetric spooles solver
 Using 1 cpu for spooles.

 Using up to 2 cpu(s) for the stress calculation.

 average force= 0.000043
 time avg. forc= 0.000043
 largest residual force= 0.000250 in node 86714 and dof 3
 largest increment of disp= 2.199582e-03
 largest correction to disp= 7.120846e-06 in node 76812 and dof 3

 no convergence

 iteration 4

 Using up to 2 cpu(s) for the symmetric stiffness/mass contributions.

 Factoring the system of equations using the symmetric spooles solver
 Using 1 cpu for spooles.

 Using up to 2 cpu(s) for the stress calculation.

 average force= 0.000043
 time avg. forc= 0.000043
 largest residual force= 0.000189 in node 86697 and dof 3
 largest increment of disp= 2.199582e-03
 largest correction to disp= 3.554336e-06 in node 76814 and dof 3

 divergence; the increment size is decreased to 9.765625e-05
 the increment is reattempted

 increment 1 attempt 6 
 increment size= 9.765625e-05
 sum of previous increments=0.000000e+00
 actual step time=9.765625e-05
 actual total time=9.765625e-05

 iteration 1

 Using up to 2 cpu(s) for the stress calculation.

 Using up to 2 cpu(s) for the symmetric stiffness/mass contributions.

 Factoring the system of equations using the symmetric spooles solver
 Using 1 cpu for spooles.

 Using up to 2 cpu(s) for the stress calculation.

 average force= 0.000011
 time avg. forc= 0.000011
 largest residual force= 0.000010 in node 14569 and dof 3
 largest increment of disp= 5.498954e-04
 largest correction to disp= 5.498954e-04 in node 10746 and dof 2

 no convergence

 iteration 2

 Using up to 2 cpu(s) for the symmetric stiffness/mass contributions.

 Factoring the system of equations using the symmetric spooles solver
 Using 1 cpu for spooles.

 Using up to 2 cpu(s) for the stress calculation.

 average force= 0.000011
 time avg. forc= 0.000011
 largest residual force= 0.000047 in node 86685 and dof 3
 largest increment of disp= 5.498954e-04
 largest correction to disp= 1.042145e-06 in node 76814 and dof 3

 no convergence

 iteration 3

 Using up to 2 cpu(s) for the symmetric stiffness/mass contributions.

 Factoring the system of equations using the symmetric spooles solver
 Using 1 cpu for spooles.

 Using up to 2 cpu(s) for the stress calculation.

 average force= 0.000011
 time avg. forc= 0.000011
 largest residual force= 0.000063 in node 86714 and dof 3
 largest increment of disp= 5.498954e-04
 largest correction to disp= 1.780259e-06 in node 76812 and dof 3

 no convergence

 iteration 4

 Using up to 2 cpu(s) for the symmetric stiffness/mass contributions.

 Factoring the system of equations using the symmetric spooles solver
 Using 1 cpu for spooles.

 Using up to 2 cpu(s) for the stress calculation.

 average force= 0.000011
 time avg. forc= 0.000011
 largest residual force= 0.000047 in node 86697 and dof 3
 largest increment of disp= 5.498954e-04
 largest correction to disp= 8.886070e-07 in node 76814 and dof 3


  The numbers below are estimated upper bounds

  number of:

   nodes:       161384
   elements:        82571
   one-dimensional elements:            0
   two-dimensional elements:            0
   integration points per element:            4
   degrees of freedom per node:            3
   layers per element:            1

   distributed facial loads:            0
   distributed volumetric loads:            0
   concentrated loads:       160178
   single point constraints:         3694
   multiple point constraints:            1
   terms in all multiple point constraints:            1
   tie constraints:            0
   dependent nodes tied by cyclic constraints:            0
   dependent nodes in pre-tension constraints:            0

   sets:           18
   terms in all sets:       492243

   materials:            2
   constants per material and temperature:            9
   temperature points per material:            1
   plastic data points per material:            0

   orientations:            0
   amplitudes:            2
   data points in all amplitudes:            2
   print requests:            2
   transformations:            0
   property cards:            0


 STEP            1

 *INFO reading *STEP: nonlinear geometric
       effects are turned on

 Static analysis was selected

 Newton-Raphson iterative procedure is active

 Nonlinear geometric effects are taken into account

 divergence; the increment size is decreased to 2.441406e-05
 the increment is reattempted


 *ERROR: too many cutbacks
 best solution and residuals are in the frd file

