SUMMARY OF C0NVERGENCE INFORMATION
  STEP   INC  ATT   ITER     CONT.   RESID.        CORR.      RESID.      CORR.
                              EL.    FORCE         DISP       FLUX        TEMP.
                              (#)     (%)           (%)        (%)         (%)
     1     1     1     1        0  0.3262E+04  0.1000E+03  0.0000E+00  0.0000E+00
     1     1     1     2        0  0.3376E+05  0.1297E+01  0.0000E+00  0.0000E+00
     1     1     1     3        0  0.8681E+04  0.2891E+01  0.0000E+00  0.0000E+00
     1     1     1     4        0  0.1717E+04  0.1271E+00  0.0000E+00  0.0000E+00
     1     1     1     5        0  0.2015E+04  0.9812E-01  0.0000E+00  0.0000E+00
     1     1     1     6        0  0.6796E+02  0.8964E-01  0.0000E+00  0.0000E+00
     1     1     1     7        0  0.1946E+05  0.3713E-02  0.0000E+00  0.0000E+00
     1     1     1     8        0  0.5307E+02  0.4589E-02  0.0000E+00  0.0000E+00
     1     1     1     9        0  0.4500E+01  0.2611E-02  0.0000E+00  0.0000E+00
     1     1     1    10        0  0.0000E+00  0.4619E-04  0.0000E+00  0.0000E+00
     1     2     1     1        0  0.5713E+04  0.2110E+01  0.0000E+00  0.0000E+00
     1     2     1     2        0  0.3126E+04  0.6077E+01  0.0000E+00  0.0000E+00
     1     2     1     3        0  0.0000E+00  0.2419E-01  0.0000E+00  0.0000E+00
     1     3     1     1        0  0.7306E+04  0.1665E+01  0.0000E+00  0.0000E+00
     1     3     1     2        0  0.4911E+03  0.5514E+01  0.0000E+00  0.0000E+00
     1     3     1     3        0  0.0000E+00  0.1623E-01  0.0000E+00  0.0000E+00
     1     4     1     1        0  0.1457E+05  0.1953E+01  0.0000E+00  0.0000E+00
     1     4     1     2        0  0.2128E+04  0.6790E+01  0.0000E+00  0.0000E+00
     1     4     1     3        0  0.3504E-02  0.4526E-01  0.0000E+00  0.0000E+00
     1     5     1     1        0  0.2840E+04  0.2626E+01  0.0000E+00  0.0000E+00
     1     5     1     2        0  0.3954E+04  0.9030E+01  0.0000E+00  0.0000E+00
     1     5     1     3        0  0.3466E-01  0.1365E+00  0.0000E+00  0.0000E+00
     1     6     1     1        0  0.1101E+03  0.2800E+01  0.0000E+00  0.0000E+00
     1     6     1     2        0  0.6199E+02  0.9205E+01  0.0000E+00  0.0000E+00
     1     6     1     3        0  0.1831E-01  0.1248E+00  0.0000E+00  0.0000E+00
     1     7     1     1        0  0.3553E+03  0.2265E+01  0.0000E+00  0.0000E+00
     1     7     1     2        0  0.7997E+03  0.6805E+01  0.0000E+00  0.0000E+00
     1     7     1     3        0  0.3121E+00  0.3087E-01  0.0000E+00  0.0000E+00
