SUMMARY OF C0NVERGENCE INFORMATION
  STEP   INC  ATT   ITER     CONT.   RESID.        CORR.      RESID.      CORR.
                              EL.    FORCE         DISP       FLUX        TEMP.
                              (#)     (%)           (%)        (%)         (%)
     1     1     1     1        0  0.1448E+05  0.1000E+03  0.0000E+00  0.0000E+00
     1     1     1     2        0  0.2927E+05  0.7072E+02  0.0000E+00  0.0000E+00
     1     1     1     3        0  0.2546E+05  0.5149E+02  0.0000E+00  0.0000E+00
     1     1     1     4        0  0.3023E+05  0.3334E+02  0.0000E+00  0.0000E+00
     1     1     1     5        0  0.9632E+05  0.1000E+03  0.0000E+00  0.0000E+00
     1     1     1     6        0  0.1316E+04  0.1000E+03  0.0000E+00  0.0000E+00
     1     1     1     7        0  0.3447E+03  0.2887E+00  0.0000E+00  0.0000E+00
     1     1     1     8        0  0.0000E+00  0.4451E-01  0.0000E+00  0.0000E+00
     1     2     1     1        0  0.0000E+00  0.6804E-01  0.0000E+00  0.0000E+00
     1     2     1     2        0  0.0000E+00  0.1761E-04  0.0000E+00  0.0000E+00
     1     3     1     1        0  0.0000E+00  0.6802E-01  0.0000E+00  0.0000E+00
     1     3     1     2        0  0.0000E+00  0.1750E-04  0.0000E+00  0.0000E+00
     1     4     1     1        0  0.0000E+00  0.8498E-01  0.0000E+00  0.0000E+00
     1     4     1     2        0  0.0000E+00  0.4061E-04  0.0000E+00  0.0000E+00
     1     5     1     1        0  0.0000E+00  0.1189E+00  0.0000E+00  0.0000E+00
     1     5     1     2        0  0.0000E+00  0.1045E-03  0.0000E+00  0.0000E+00
     1     6     1     1        0  0.0000E+00  0.1357E+00  0.0000E+00  0.0000E+00
     1     6     1     2        0  0.0000E+00  0.1348E-03  0.0000E+00  0.0000E+00
     1     7     1     1        0  0.0000E+00  0.1187E+00  0.0000E+00  0.0000E+00
     1     7     1     2        0  0.0000E+00  0.7670E-04  0.0000E+00  0.0000E+00
