{
  "groups": {
    "LL": [
      [
        "V",
        17,
        20,
        14,
        54
      ],
      [
        "V",
        24,
        27,
        14,
        54
      ],
      [
        "V",
        17,
        20,
        62,
        102
      ],
      [
        "V",
        24,
        27,
        62,
        102
      ],
      [
        "V",
        17,
        20,
        110,
        150
      ],
      [
        "V",
        24,
        27,
        110,
        150
      ]
    ],
    "LR": [
      [
        "V",
        300,
        303,
        14,
        54
      ],
      [
        "V",
        293,
        296,
        14,
        54
      ],
      [
        "V",
        300,
        303,
        62,
        102
      ],
      [
        "V",
        293,
        296,
        62,
        102
      ],
      [
        "V",
        300,
        303,
        110,
        150
      ],
      [
        "V",
        293,
        296,
        110,
        150
      ]
    ],
    "UL": [
      [
        "V",
        17,
        20,
        315,
        360
      ],
      [
        "V",
        24,
        27,
        315,
        360
      ],
      [
        "V",
        31,
        34,
        315,
        360
      ],
      [
        "V",
        38,
        41,
        315,
        360
      ],
      [
        "V",
        45,
        48,
        315,
        360
      ]
    ],
    "UR": [
      [
        "V",
        300,
        303,
        315,
        360
      ],
      [
        "V",
        293,
        296,
        315,
        360
      ],
      [
        "V",
        286,
        289,
        315,
        360
      ],
      [
        "V",
        279,
        282,
        315,
        360
      ],
      [
        "V",
        272,
        275,
        315,
        360
      ]
    ]
  },
  "checks": {
    "LL": {
      "all_frame_clear": true,
      "min_pair_gap_mm": 4.0
    },
    "LR": {
      "all_frame_clear": true,
      "min_pair_gap_mm": 4.0
    },
    "UL": {
      "all_frame_clear": false,
      "min_pair_gap_mm": 4.0
    },
    "UR": {
      "all_frame_clear": false,
      "min_pair_gap_mm": 4.0
    }
  },
  "all_frame_clear": false,
  "all_web_ge_4": true,
  "note": "Explicit seed may fail because documented keepouts/cleat islands constrain these corridors; failure is informative and triggers search refinement."
}
