SUMMARY OF C0NVERGENCE INFORMATION
  STEP   INC  ATT   ITER     CONT.   RESID.        CORR.      RESID.      CORR.
                              EL.    FORCE         DISP       FLUX        TEMP.
                              (#)     (%)           (%)        (%)         (%)
     1     1     1     1        0  0.1648E+05  0.1000E+03  0.0000E+00  0.0000E+00
     1     1     1     2        0  0.2976E+05  0.6732E+02  0.0000E+00  0.0000E+00
     1     1     1     3        0  0.3120E+05  0.4699E+02  0.0000E+00  0.0000E+00
     1     1     1     4        0  0.8986E+05  0.1000E+03  0.0000E+00  0.0000E+00
     1     1     1     5        0  0.1345E+04  0.1000E+03  0.0000E+00  0.0000E+00
     1     1     1     6        0  0.8326E+03  0.5730E+00  0.0000E+00  0.0000E+00
     1     1     1     7        0  0.1132E+03  0.1125E+00  0.0000E+00  0.0000E+00
     1     1     1     8        0  0.0000E+00  0.8572E-02  0.0000E+00  0.0000E+00
     1     2     1     1        0  0.0000E+00  0.5524E-01  0.0000E+00  0.0000E+00
     1     2     1     2        0  0.0000E+00  0.1274E-04  0.0000E+00  0.0000E+00
     1     3     1     1        0  0.0000E+00  0.5521E-01  0.0000E+00  0.0000E+00
     1     3     1     2        0  0.0000E+00  0.1266E-04  0.0000E+00  0.0000E+00
     1     4     1     1        0  0.0000E+00  0.6896E-01  0.0000E+00  0.0000E+00
     1     4     1     2        0  0.0000E+00  0.2942E-04  0.0000E+00  0.0000E+00
     1     5     1     1        0  0.0000E+00  0.9644E-01  0.0000E+00  0.0000E+00
     1     5     1     2        0  0.0000E+00  0.7588E-04  0.0000E+00  0.0000E+00
     1     6     1     1        0  0.0000E+00  0.1101E+00  0.0000E+00  0.0000E+00
     1     6     1     2        0  0.0000E+00  0.9794E-04  0.0000E+00  0.0000E+00
     1     7     1     1        0  0.0000E+00  0.9623E-01  0.0000E+00  0.0000E+00
     1     7     1     2        0  0.0000E+00  0.5586E-04  0.0000E+00  0.0000E+00
