SUMMARY OF C0NVERGENCE INFORMATION
  STEP   INC  ATT   ITER     CONT.   RESID.        CORR.      RESID.      CORR.
                              EL.    FORCE         DISP       FLUX        TEMP.
                              (#)     (%)           (%)        (%)         (%)
     1     1     1     1        0  0.1885E+05  0.1000E+03  0.0000E+00  0.0000E+00
     1     1     1     2        0  0.4101E+06  0.9232E+01  0.0000E+00  0.0000E+00
     1     1     1     3        0  0.1562E+08  0.5025E+02  0.0000E+00  0.0000E+00
     1     1     1     4        0  0.9097E+05  0.5438E+02  0.0000E+00  0.0000E+00
     1     1     1     5        0  0.7336E+05  0.6933E+02  0.0000E+00  0.0000E+00
     1     1     1     6        0  0.8558E+04  0.3333E+02  0.0000E+00  0.0000E+00
     1     1     1     7        0  0.1644E+04  0.1000E+03  0.0000E+00  0.0000E+00
     1     1     1     8        0  0.4661E-01  0.3014E+00  0.0000E+00  0.0000E+00
     1     2     1     1        0  0.3502E-01  0.2212E+00  0.0000E+00  0.0000E+00
     1     2     1     2        0  0.0000E+00  0.1406E-02  0.0000E+00  0.0000E+00
     1     3     1     1        0  0.2788E-01  0.2244E+00  0.0000E+00  0.0000E+00
     1     3     1     2        0  0.0000E+00  0.1374E-02  0.0000E+00  0.0000E+00
     1     4     1     1        0  0.8103E-01  0.2763E+00  0.0000E+00  0.0000E+00
     1     4     1     2        0  0.0000E+00  0.3155E-02  0.0000E+00  0.0000E+00
     1     5     1     1        0  0.2421E+00  0.3812E+00  0.0000E+00  0.0000E+00
     1     5     1     2        0  0.0000E+00  0.7992E-02  0.0000E+00  0.0000E+00
     1     6     1     1        0  0.2920E+00  0.4305E+00  0.0000E+00  0.0000E+00
     1     6     1     2        0  0.0000E+00  0.1057E-01  0.0000E+00  0.0000E+00
     1     7     1     1        0  0.1242E+00  0.3898E+00  0.0000E+00  0.0000E+00
     1     7     1     2        0  0.0000E+00  0.7109E-02  0.0000E+00  0.0000E+00
