
************************************************************

CalculiX Version 2.23, Copyright(C) 1998-2025 Guido Dhondt
CalculiX comes with ABSOLUTELY NO WARRANTY. This is free
software, and you are welcome to redistribute it under
certain conditions, see gpl.htm

************************************************************

You are using an executable made on Sun Oct 19 18:23:34 CEST 2025
 Decascading the MPC's

 Determining the structure of the matrix:
 Using up to 2 cpu(s) for setting up the structure of the matrix.
 number of equations
 341534
 number of nonzero lower triangular matrix elements
 11480705

 increment 1 attempt 1 
 increment size= 1.000000e-01
 sum of previous increments=0.000000e+00
 actual step time=1.000000e-01
 actual total time=1.000000e-01

 iteration 1

 Using up to 2 cpu(s) for the stress calculation.

 Using up to 2 cpu(s) for the symmetric stiffness/mass contributions.

 Factoring the system of equations using the symmetric spooles solver
 Using 1 cpu for spooles.

 Using up to 2 cpu(s) for the stress calculation.

 average force= 0.002351
 time avg. forc= 0.002351
 largest residual force= 0.443234 in node 73463 and dof 3
 largest increment of disp= 5.828526e-02
 largest correction to disp= 5.828526e-02 in node 6 and dof 3

 no convergence

 iteration 2

 Using up to 2 cpu(s) for the symmetric stiffness/mass contributions.

 Factoring the system of equations using the symmetric spooles solver
 Using 1 cpu for spooles.

 Using up to 2 cpu(s) for the stress calculation.

 average force= 0.002546
 time avg. forc= 0.002546
 largest residual force= 10.441035 in node 73438 and dof 3
 largest increment of disp= 5.828526e-02
 largest correction to disp= 5.380621e-03 in node 6 and dof 3

 no convergence

 iteration 3

 Using up to 2 cpu(s) for the symmetric stiffness/mass contributions.

 Factoring the system of equations using the symmetric spooles solver
 Using 1 cpu for spooles.

 Using up to 2 cpu(s) for the stress calculation.

 average force= 0.004096
 time avg. forc= 0.004096
 largest residual force= 639.977779 in node 73445 and dof 3
 largest increment of disp= 5.828526e-02
 largest correction to disp= 2.928544e-02 in node 6 and dof 3

 no convergence

 iteration 4

 Using up to 2 cpu(s) for the symmetric stiffness/mass contributions.

 Factoring the system of equations using the symmetric spooles solver
 Using 1 cpu for spooles.

 Using up to 2 cpu(s) for the stress calculation.

 average force= 0.004208
 time avg. forc= 0.004208
 largest residual force= 3.827835 in node 73445 and dof 3
 largest increment of disp= 5.828526e-02
 largest correction to disp= 3.169772e-02 in node 6 and dof 3

 no convergence

 iteration 5

 Using up to 2 cpu(s) for the symmetric stiffness/mass contributions.

 Factoring the system of equations using the symmetric spooles solver
 Using 1 cpu for spooles.

 Using up to 2 cpu(s) for the stress calculation.

 average force= 0.005344
 time avg. forc= 0.005344
 largest residual force= 3.920014 in node 73455 and dof 3
 largest increment of disp= 5.828526e-02
 largest correction to disp= 4.040799e-02 in node 6 and dof 3

 no convergence

 iteration 6

 Using up to 2 cpu(s) for the symmetric stiffness/mass contributions.

 Factoring the system of equations using the symmetric spooles solver
 Using 1 cpu for spooles.

 Using up to 2 cpu(s) for the stress calculation.

 average force= 0.005903
 time avg. forc= 0.005903
 largest residual force= 0.505161 in node 12770 and dof 3
 largest increment of disp= 5.828526e-02
 largest correction to disp= 1.942449e-02 in node 62772 and dof 3

 no convergence

 iteration 7

 Using up to 2 cpu(s) for the symmetric stiffness/mass contributions.

 Factoring the system of equations using the symmetric spooles solver
 Using 1 cpu for spooles.

 Using up to 2 cpu(s) for the stress calculation.

 average force= 0.007227
 time avg. forc= 0.007227
 largest residual force= 0.118781 in node 65025 and dof 2
 largest increment of disp= 2.641048e-01
 largest correction to disp= 2.641048e-01 in node 65896 and dof 3

 no convergence

 iteration 8

 Using up to 2 cpu(s) for the symmetric stiffness/mass contributions.

 Factoring the system of equations using the symmetric spooles solver
 Using 1 cpu for spooles.

 Using up to 2 cpu(s) for the stress calculation.

 average force= 0.007007
 time avg. forc= 0.007007
 largest residual force= 0.000003 in node 65025 and dof 2
 largest increment of disp= 2.641048e-01
 largest correction to disp= 7.961072e-04 in node 7115 and dof 1

 convergence

 increment 2 attempt 1 
 increment size= 1.000000e-01
 sum of previous increments=1.000000e-01
 actual step time=2.000000e-01
 actual total time=2.000000e-01

 iteration 1

 Using up to 2 cpu(s) for the stress calculation.

 Using up to 2 cpu(s) for the symmetric stiffness/mass contributions.

 Factoring the system of equations using the symmetric spooles solver
 Using 1 cpu for spooles.

 Using up to 2 cpu(s) for the stress calculation.

 average force= 0.014021
 time avg. forc= 0.010514
 largest residual force= 0.000004 in node 52597 and dof 2
 largest increment of disp= 3.000034e-01
 largest correction to disp= 6.637373e-04 in node 388 and dof 1

 no convergence

 iteration 2

 Using up to 2 cpu(s) for the symmetric stiffness/mass contributions.

 Factoring the system of equations using the symmetric spooles solver
 Using 1 cpu for spooles.

 Using up to 2 cpu(s) for the stress calculation.

 average force= 0.014021
 time avg. forc= 0.010514
 largest residual force= 0.000000 in node 63616 and dof 2
 largest increment of disp= 3.000034e-01
 largest correction to disp= 4.217617e-06 in node 7153 and dof 1

 convergence

 increment 3 attempt 1 
 increment size= 1.000000e-01
 sum of previous increments=2.000000e-01
 actual step time=3.000000e-01
 actual total time=3.000000e-01

 iteration 1

 Using up to 2 cpu(s) for the stress calculation.

 Using up to 2 cpu(s) for the symmetric stiffness/mass contributions.

 Factoring the system of equations using the symmetric spooles solver
 Using 1 cpu for spooles.

 Using up to 2 cpu(s) for the stress calculation.

 average force= 0.021040
 time avg. forc= 0.014023
 largest residual force= 0.000004 in node 52597 and dof 2
 largest increment of disp= 3.001880e-01
 largest correction to disp= 6.736905e-04 in node 388 and dof 1

 no convergence

 iteration 2

 Using up to 2 cpu(s) for the symmetric stiffness/mass contributions.

 Factoring the system of equations using the symmetric spooles solver
 Using 1 cpu for spooles.

 Using up to 2 cpu(s) for the stress calculation.

 average force= 0.021041
 time avg. forc= 0.014023
 largest residual force= 0.000000 in node 63616 and dof 2
 largest increment of disp= 3.001880e-01
 largest correction to disp= 4.124953e-06 in node 72369 and dof 1

 convergence; the increment size is increased to 1.500000e-01

 increment 4 attempt 1 
 increment size= 1.500000e-01
 sum of previous increments=3.000000e-01
 actual step time=4.500000e-01
 actual total time=4.500000e-01

 iteration 1

 Using up to 2 cpu(s) for the stress calculation.

 Using up to 2 cpu(s) for the symmetric stiffness/mass contributions.

 Factoring the system of equations using the symmetric spooles solver
 Using 1 cpu for spooles.

 Using up to 2 cpu(s) for the stress calculation.

 average force= 0.031583
 time avg. forc= 0.018413
 largest residual force= 0.000015 in node 52588 and dof 2
 largest increment of disp= 4.505552e-01
 largest correction to disp= 1.244733e-03 in node 388 and dof 1

 no convergence

 iteration 2

 Using up to 2 cpu(s) for the symmetric stiffness/mass contributions.

 Factoring the system of equations using the symmetric spooles solver
 Using 1 cpu for spooles.

 Using up to 2 cpu(s) for the stress calculation.

 average force= 0.031583
 time avg. forc= 0.018413
 largest residual force= 0.000000 in node 63616 and dof 2
 largest increment of disp= 4.505552e-01
 largest correction to disp= 1.421469e-05 in node 11488 and dof 1

 convergence; the increment size is increased to 2.250000e-01

 the increment size exceeds the maximum allowed and is decreased to 2.000000e-01

 increment 5 attempt 1 
 increment size= 2.000000e-01
 sum of previous increments=4.500000e-01
 actual step time=6.500000e-01
 actual total time=6.500000e-01

 iteration 1

 Using up to 2 cpu(s) for the stress calculation.

 Using up to 2 cpu(s) for the symmetric stiffness/mass contributions.

 Factoring the system of equations using the symmetric spooles solver
 Using 1 cpu for spooles.

 Using up to 2 cpu(s) for the stress calculation.

 average force= 0.045668
 time avg. forc= 0.023864
 largest residual force= 0.000058 in node 52588 and dof 2
 largest increment of disp= 6.012011e-01
 largest correction to disp= 2.292028e-03 in node 388 and dof 1

 no convergence

 iteration 2

 Using up to 2 cpu(s) for the symmetric stiffness/mass contributions.

 Factoring the system of equations using the symmetric spooles solver
 Using 1 cpu for spooles.

 Using up to 2 cpu(s) for the stress calculation.

 average force= 0.045669
 time avg. forc= 0.023864
 largest residual force= 0.000000 in node 63616 and dof 2
 largest increment of disp= 6.012011e-01
 largest correction to disp= 4.804964e-05 in node 7141 and dof 1

 convergence; the increment size is increased to 3.000000e-01

 the increment size exceeds the maximum allowed and is decreased to 2.000000e-01

 increment 6 attempt 1 
 increment size= 2.000000e-01
 sum of previous increments=6.500000e-01
 actual step time=8.500000e-01
 actual total time=8.500000e-01

 iteration 1

 Using up to 2 cpu(s) for the stress calculation.

 Using up to 2 cpu(s) for the symmetric stiffness/mass contributions.

 Factoring the system of equations using the symmetric spooles solver
 Using 1 cpu for spooles.

 Using up to 2 cpu(s) for the stress calculation.

 average force= 0.059791
 time avg. forc= 0.029852
 largest residual force= 0.000087 in node 52588 and dof 2
 largest increment of disp= 6.018544e-01
 largest correction to disp= 2.591105e-03 in node 388 and dof 1

 no convergence

 iteration 2

 Using up to 2 cpu(s) for the symmetric stiffness/mass contributions.

 Factoring the system of equations using the symmetric spooles solver
 Using 1 cpu for spooles.

 Using up to 2 cpu(s) for the stress calculation.

 average force= 0.059791
 time avg. forc= 0.029852
 largest residual force= 0.000000 in node 63616 and dof 2
 largest increment of disp= 6.018544e-01
 largest correction to disp= 6.362533e-05 in node 11705 and dof 2

 convergence; the increment size is increased to 3.000000e-01

 the increment size exceeds the maximum allowed and is decreased to 2.000000e-01

 the increment size exceeds the remainder of the step and is decreased to 1.500000e-01

 increment 7 attempt 1 
 increment size= 1.500000e-01
 sum of previous increments=8.500000e-01
 actual step time=1.000000e+00
 actual total time=1.000000e+00

 iteration 1

 Using up to 2 cpu(s) for the stress calculation.

 Using up to 2 cpu(s) for the symmetric stiffness/mass contributions.

 Factoring the system of equations using the symmetric spooles solver
 Using 1 cpu for spooles.

 Using up to 2 cpu(s) for the stress calculation.

 average force= 0.070409
 time avg. forc= 0.035646
 largest residual force= 0.000044 in node 52588 and dof 2
 largest increment of disp= 4.519630e-01
 largest correction to disp= 1.761615e-03 in node 11628 and dof 2

 no convergence

 iteration 2

 Using up to 2 cpu(s) for the symmetric stiffness/mass contributions.

 Factoring the system of equations using the symmetric spooles solver
 Using 1 cpu for spooles.

 Using up to 2 cpu(s) for the stress calculation.

 average force= 0.070410
 time avg. forc= 0.035646
 largest residual force= 0.000000 in node 52615 and dof 2
 largest increment of disp= 4.519630e-01
 largest correction to disp= 3.213002e-05 in node 11630 and dof 2

 convergence; the increment size is increased to 2.250000e-01

 the increment size exceeds the maximum allowed and is decreased to 2.000000e-01

 the increment size exceeds the remainder of the step and is decreased to 0.000000e+00

 Using up to 2 cpu(s) for the stress calculation.


  The numbers below are estimated upper bounds

  number of:

   nodes:       116092
   elements:        58240
   one-dimensional elements:            0
   two-dimensional elements:            0
   integration points per element:            4
   degrees of freedom per node:            3
   layers per element:            1

   distributed facial loads:            0
   distributed volumetric loads:            0
   concentrated loads:           41
   single point constraints:         6742
   multiple point constraints:            1
   terms in all multiple point constraints:            1
   tie constraints:            0
   dependent nodes tied by cyclic constraints:            0
   dependent nodes in pre-tension constraints:            0

   sets:           18
   terms in all sets:       355051

   materials:            2
   constants per material and temperature:            9
   temperature points per material:            1
   plastic data points per material:            0

   orientations:            0
   amplitudes:            2
   data points in all amplitudes:            2
   print requests:            2
   transformations:            0
   property cards:            0


 STEP            1

 *INFO reading *STEP: nonlinear geometric
       effects are turned on

 Static analysis was selected

 Newton-Raphson iterative procedure is active

 Nonlinear geometric effects are taken into account


 Job finished

________________________________________

Total CalculiX Time: 173.705757
________________________________________
