SUMMARY OF C0NVERGENCE INFORMATION
  STEP   INC  ATT   ITER     CONT.   RESID.        CORR.      RESID.      CORR.
                              EL.    FORCE         DISP       FLUX        TEMP.
                              (#)     (%)           (%)        (%)         (%)
     1     1     1     1        0  0.1168E+05  0.1000E+03  0.0000E+00  0.0000E+00
     1     1     1     2        0  0.5951E+05  0.7424E+02  0.0000E+00  0.0000E+00
     1     1     1     3        0  0.3285E+05  0.7015E+02  0.0000E+00  0.0000E+00
     1     1     1     4        0  0.1079E+05  0.4708E+02  0.0000E+00  0.0000E+00
     1     1     1     5        0  0.3004E+04  0.1000E+03  0.0000E+00  0.0000E+00
     1     1     1     6        0  0.4009E+00  0.6440E+00  0.0000E+00  0.0000E+00
     1     2     1     1        0  0.0000E+00  0.8116E-01  0.0000E+00  0.0000E+00
     1     2     1     2        0  0.0000E+00  0.2437E-03  0.0000E+00  0.0000E+00
     1     3     1     1        0  0.0000E+00  0.8216E-01  0.0000E+00  0.0000E+00
     1     3     1     2        0  0.0000E+00  0.2367E-03  0.0000E+00  0.0000E+00
     1     4     1     1        0  0.0000E+00  0.1023E+00  0.0000E+00  0.0000E+00
     1     4     1     2        0  0.0000E+00  0.5601E-03  0.0000E+00  0.0000E+00
     1     5     1     1        0  0.1259E-01  0.1436E+00  0.0000E+00  0.0000E+00
     1     5     1     2        0  0.0000E+00  0.1452E-02  0.0000E+00  0.0000E+00
     1     6     1     1        0  0.1316E-01  0.1643E+00  0.0000E+00  0.0000E+00
     1     6     1     2        0  0.0000E+00  0.1906E-02  0.0000E+00  0.0000E+00
     1     7     1     1        0  0.4758E-02  0.1434E+00  0.0000E+00  0.0000E+00
     1     7     1     2        0  0.0000E+00  0.1120E-02  0.0000E+00  0.0000E+00
