SUMMARY OF C0NVERGENCE INFORMATION
  STEP   INC  ATT   ITER     CONT.   RESID.        CORR.      RESID.      CORR.
                              EL.    FORCE         DISP       FLUX        TEMP.
                              (#)     (%)           (%)        (%)         (%)
     1     1     1     1        0  0.3765E+05  0.1000E+03  0.0000E+00  0.0000E+00
     1     1     1     2        0  0.5413E+05  0.7531E+02  0.0000E+00  0.0000E+00
     1     1     1     3        0  0.5321E+05  0.7955E+02  0.0000E+00  0.0000E+00
     1     1     1     4        0  0.5889E+05  0.7021E+02  0.0000E+00  0.0000E+00
     1     1     1     5        0  0.1675E+06  0.1000E+03  0.0000E+00  0.0000E+00
     1     1     1     6        0  0.1497E+04  0.1000E+03  0.0000E+00  0.0000E+00
     1     1     1     7        0  0.1251E+04  0.2435E+00  0.0000E+00  0.0000E+00
     1     1     1     8        0  0.4539E-01  0.7101E-01  0.0000E+00  0.0000E+00
     1     2     1     1        0  0.2236E-01  0.1462E+00  0.0000E+00  0.0000E+00
     1     2     1     2        0  0.0000E+00  0.7909E-03  0.0000E+00  0.0000E+00
     1     3     1     1        0  0.1681E-01  0.1460E+00  0.0000E+00  0.0000E+00
     1     3     1     2        0  0.0000E+00  0.7799E-03  0.0000E+00  0.0000E+00
     1     4     1     1        0  0.4512E-01  0.1824E+00  0.0000E+00  0.0000E+00
     1     4     1     2        0  0.0000E+00  0.1750E-02  0.0000E+00  0.0000E+00
     1     5     1     1        0  0.1216E+00  0.2551E+00  0.0000E+00  0.0000E+00
     1     5     1     2        0  0.0000E+00  0.4259E-02  0.0000E+00  0.0000E+00
     1     6     1     1        0  0.1275E+00  0.2908E+00  0.0000E+00  0.0000E+00
     1     6     1     2        0  0.0000E+00  0.5333E-02  0.0000E+00  0.0000E+00
     1     7     1     1        0  0.4626E-01  0.2535E+00  0.0000E+00  0.0000E+00
     1     7     1     2        0  0.0000E+00  0.3099E-02  0.0000E+00  0.0000E+00
