SUMMARY OF C0NVERGENCE INFORMATION
  STEP   INC  ATT   ITER     CONT.   RESID.        CORR.      RESID.      CORR.
                              EL.    FORCE         DISP       FLUX        TEMP.
                              (#)     (%)           (%)        (%)         (%)
     1     1     1     1        0  0.7845E+04  0.1000E+03  0.0000E+00  0.0000E+00
     1     1     1     2        0  0.5537E+05  0.1000E+03  0.0000E+00  0.0000E+00
     1     1     1     3        0  0.3022E+05  0.9056E+02  0.0000E+00  0.0000E+00
     1     1     1     4        0  0.5284E+04  0.5870E+02  0.0000E+00  0.0000E+00
     1     1     1     5        0  0.1979E+05  0.1000E+03  0.0000E+00  0.0000E+00
     1     1     1     6        0  0.1625E+04  0.1000E+03  0.0000E+00  0.0000E+00
     1     1     1     7        0  0.1153E+01  0.3888E+01  0.0000E+00  0.0000E+00
     1     1     1     8        0  0.0000E+00  0.2321E-01  0.0000E+00  0.0000E+00
     1     2     1     1        0  0.2045E-01  0.2498E+00  0.0000E+00  0.0000E+00
     1     2     1     2        0  0.0000E+00  0.2629E-02  0.0000E+00  0.0000E+00
     1     3     1     1        0  0.1579E-01  0.2510E+00  0.0000E+00  0.0000E+00
     1     3     1     2        0  0.0000E+00  0.2724E-02  0.0000E+00  0.0000E+00
     1     4     1     1        0  0.4337E-01  0.3134E+00  0.0000E+00  0.0000E+00
     1     4     1     2        0  0.0000E+00  0.6589E-02  0.0000E+00  0.0000E+00
     1     5     1     1        0  0.1198E+00  0.4361E+00  0.0000E+00  0.0000E+00
     1     5     1     2        0  0.0000E+00  0.1784E-01  0.0000E+00  0.0000E+00
     1     6     1     1        0  0.1311E+00  0.5006E+00  0.0000E+00  0.0000E+00
     1     6     1     2        0  0.0000E+00  0.2470E-01  0.0000E+00  0.0000E+00
     1     7     1     1        0  0.5047E-01  0.4467E+00  0.0000E+00  0.0000E+00
     1     7     1     2        0  0.0000E+00  0.1533E-01  0.0000E+00  0.0000E+00
