SUMMARY OF C0NVERGENCE INFORMATION
  STEP   INC  ATT   ITER     CONT.   RESID.        CORR.      RESID.      CORR.
                              EL.    FORCE         DISP       FLUX        TEMP.
                              (#)     (%)           (%)        (%)         (%)
     1     1     1     1        0  0.7594E+04  0.1000E+03  0.0000E+00  0.0000E+00
     1     1     1     2        0  0.6038E+04  0.1619E+01  0.0000E+00  0.0000E+00
     1     1     1     3        0  0.9407E+04  0.1457E+01  0.0000E+00  0.0000E+00
     1     1     1     4        0  0.9663E+04  0.1338E+01  0.0000E+00  0.0000E+00
     1     1     1     5        0  0.5641E+04  0.3854E+00  0.0000E+00  0.0000E+00
     1     1     1     6        0  0.5692E+02  0.9152E+00  0.0000E+00  0.0000E+00
     1     1     1     7        0  0.0000E+00  0.6664E-03  0.0000E+00  0.0000E+00
     1     2     1     1        0  0.8305E+02  0.6792E+01  0.0000E+00  0.0000E+00
     1     2     1     2        0  0.1339E+03  0.7813E+01  0.0000E+00  0.0000E+00
     1     2     1     3        0  0.2177E+00  0.3328E+00  0.0000E+00  0.0000E+00
     1     3     1     1        0  0.6337E+02  0.7619E+01  0.0000E+00  0.0000E+00
     1     3     1     2        0  0.4241E+02  0.5893E+01  0.0000E+00  0.0000E+00
     1     3     1     3        0  0.1953E-01  0.1324E+00  0.0000E+00  0.0000E+00
     1     4     1     1        0  0.5978E+02  0.6271E+01  0.0000E+00  0.0000E+00
     1     4     1     2        0  0.4478E+02  0.5550E+01  0.0000E+00  0.0000E+00
     1     4     1     3        0  0.2713E-01  0.1333E+00  0.0000E+00  0.0000E+00
     1     5     1     1        0  0.5375E+02  0.5722E+01  0.0000E+00  0.0000E+00
     1     5     1     2        0  0.5324E+02  0.6519E+01  0.0000E+00  0.0000E+00
     1     5     1     3        0  0.3394E-01  0.1615E+00  0.0000E+00  0.0000E+00
     1     6     1     1        0  0.2730E+02  0.5219E+01  0.0000E+00  0.0000E+00
     1     6     1     2        0  0.3318E+02  0.6519E+01  0.0000E+00  0.0000E+00
     1     6     1     3        0  0.1635E-01  0.1142E+00  0.0000E+00  0.0000E+00
     1     7     1     1        0  0.6409E+01  0.4581E+01  0.0000E+00  0.0000E+00
     1     7     1     2        0  0.9678E+01  0.4918E+01  0.0000E+00  0.0000E+00
     1     7     1     3        0  0.0000E+00  0.3230E-01  0.0000E+00  0.0000E+00
