
************************************************************

CalculiX Version 2.23, Copyright(C) 1998-2025 Guido Dhondt
CalculiX comes with ABSOLUTELY NO WARRANTY. This is free
software, and you are welcome to redistribute it under
certain conditions, see gpl.htm

************************************************************

You are using an executable made on Sun Oct 19 18:23:34 CEST 2025
 Decascading the MPC's

 Determining the structure of the matrix:
 Using up to 2 cpu(s) for setting up the structure of the matrix.
 number of equations
 456700
 number of nonzero lower triangular matrix elements
 15065438

 increment 1 attempt 1 
 increment size= 1.000000e-01
 sum of previous increments=0.000000e+00
 actual step time=1.000000e-01
 actual total time=1.000000e-01

 iteration 1

 Using up to 2 cpu(s) for the stress calculation.

 Using up to 2 cpu(s) for the symmetric stiffness/mass contributions.

 Factoring the system of equations using the symmetric spooles solver
 Using 1 cpu for spooles.

 Using up to 2 cpu(s) for the stress calculation.

 average force= 0.013160
 time avg. forc= 0.013160
 largest residual force= 0.999417 in node 53916 and dof 3
 largest increment of disp= 3.204514e+00
 largest correction to disp= 3.204514e+00 in node 86571 and dof 3

 no convergence

 iteration 2

 Using up to 2 cpu(s) for the symmetric stiffness/mass contributions.

 Factoring the system of equations using the symmetric spooles solver
 Using 1 cpu for spooles.

 Using up to 2 cpu(s) for the stress calculation.

 average force= 0.007264
 time avg. forc= 0.007264
 largest residual force= 0.438591 in node 95945 and dof 3
 largest increment of disp= 3.204514e+00
 largest correction to disp= 5.189548e-02 in node 10967 and dof 3

 no convergence

 iteration 3

 Using up to 2 cpu(s) for the symmetric stiffness/mass contributions.

 Factoring the system of equations using the symmetric spooles solver
 Using 1 cpu for spooles.

 Using up to 2 cpu(s) for the stress calculation.

 average force= 0.007326
 time avg. forc= 0.007326
 largest residual force= 0.689153 in node 95997 and dof 3
 largest increment of disp= 3.204514e+00
 largest correction to disp= 4.667421e-02 in node 91204 and dof 3

 no convergence

 iteration 4

 Using up to 2 cpu(s) for the symmetric stiffness/mass contributions.

 Factoring the system of equations using the symmetric spooles solver
 Using 1 cpu for spooles.

 Using up to 2 cpu(s) for the stress calculation.

 average force= 0.007536
 time avg. forc= 0.007536
 largest residual force= 0.728158 in node 19338 and dof 3
 largest increment of disp= 3.204514e+00
 largest correction to disp= 4.286578e-02 in node 11684 and dof 3

 no convergence

 iteration 5

 Using up to 2 cpu(s) for the symmetric stiffness/mass contributions.

 Factoring the system of equations using the symmetric spooles solver
 Using 1 cpu for spooles.

 Using up to 2 cpu(s) for the stress calculation.

 average force= 0.007777
 time avg. forc= 0.007777
 largest residual force= 0.438710 in node 1491 and dof 3
 largest increment of disp= 3.204514e+00
 largest correction to disp= 1.235062e-02 in node 11682 and dof 3

 no convergence

 iteration 6

 Using up to 2 cpu(s) for the symmetric stiffness/mass contributions.

 Factoring the system of equations using the symmetric spooles solver
 Using 1 cpu for spooles.

 Using up to 2 cpu(s) for the stress calculation.

 average force= 0.008114
 time avg. forc= 0.008114
 largest residual force= 0.004619 in node 91012 and dof 1
 largest increment of disp= 3.204514e+00
 largest correction to disp= 2.932694e-02 in node 10996 and dof 3

 no convergence

 iteration 7

 Using up to 2 cpu(s) for the symmetric stiffness/mass contributions.

 Factoring the system of equations using the symmetric spooles solver
 Using 1 cpu for spooles.

 Using up to 2 cpu(s) for the stress calculation.

 average force= 0.008113
 time avg. forc= 0.008113
 largest residual force= 0.000000 in node 91012 and dof 1
 largest increment of disp= 3.204514e+00
 largest correction to disp= 2.135611e-05 in node 18411 and dof 3

 convergence

 increment 2 attempt 1 
 increment size= 1.000000e-01
 sum of previous increments=1.000000e-01
 actual step time=2.000000e-01
 actual total time=2.000000e-01

 iteration 1

 Using up to 2 cpu(s) for the stress calculation.

 Using up to 2 cpu(s) for the symmetric stiffness/mass contributions.

 Factoring the system of equations using the symmetric spooles solver
 Using 1 cpu for spooles.

 Using up to 2 cpu(s) for the stress calculation.

 average force= 0.017183
 time avg. forc= 0.012648
 largest residual force= 0.010504 in node 83099 and dof 3
 largest increment of disp= 3.166723e+00
 largest correction to disp= 2.150755e-01 in node 10932 and dof 3

 no convergence

 iteration 2

 Using up to 2 cpu(s) for the symmetric stiffness/mass contributions.

 Factoring the system of equations using the symmetric spooles solver
 Using 1 cpu for spooles.

 Using up to 2 cpu(s) for the stress calculation.

 average force= 0.016352
 time avg. forc= 0.012233
 largest residual force= 0.016380 in node 84917 and dof 3
 largest increment of disp= 3.166723e+00
 largest correction to disp= 2.474250e-01 in node 91438 and dof 3

 no convergence

 iteration 3

 Using up to 2 cpu(s) for the symmetric stiffness/mass contributions.

 Factoring the system of equations using the symmetric spooles solver
 Using 1 cpu for spooles.

 Using up to 2 cpu(s) for the stress calculation.

 average force= 0.016322
 time avg. forc= 0.012218
 largest residual force= 0.000027 in node 54129 and dof 3
 largest increment of disp= 3.166723e+00
 largest correction to disp= 1.053883e-02 in node 10932 and dof 3

 convergence

 increment 3 attempt 1 
 increment size= 1.000000e-01
 sum of previous increments=2.000000e-01
 actual step time=3.000000e-01
 actual total time=3.000000e-01

 iteration 1

 Using up to 2 cpu(s) for the stress calculation.

 Using up to 2 cpu(s) for the symmetric stiffness/mass contributions.

 Factoring the system of equations using the symmetric spooles solver
 Using 1 cpu for spooles.

 Using up to 2 cpu(s) for the stress calculation.

 average force= 0.024866
 time avg. forc= 0.016434
 largest residual force= 0.010415 in node 83099 and dof 3
 largest increment of disp= 2.761071e+00
 largest correction to disp= 2.103628e-01 in node 10932 and dof 3

 no convergence

 iteration 2

 Using up to 2 cpu(s) for the symmetric stiffness/mass contributions.

 Factoring the system of equations using the symmetric spooles solver
 Using 1 cpu for spooles.

 Using up to 2 cpu(s) for the stress calculation.

 average force= 0.024261
 time avg. forc= 0.016232
 largest residual force= 0.006884 in node 84212 and dof 3
 largest increment of disp= 2.761071e+00
 largest correction to disp= 1.627172e-01 in node 92466 and dof 3

 no convergence

 iteration 3

 Using up to 2 cpu(s) for the symmetric stiffness/mass contributions.

 Factoring the system of equations using the symmetric spooles solver
 Using 1 cpu for spooles.

 Using up to 2 cpu(s) for the stress calculation.

 average force= 0.024247
 time avg. forc= 0.016228
 largest residual force= 0.000003 in node 53660 and dof 3
 largest increment of disp= 2.761071e+00
 largest correction to disp= 3.656095e-03 in node 88009 and dof 3

 convergence; the increment size is increased to 1.500000e-01

 increment 4 attempt 1 
 increment size= 1.500000e-01
 sum of previous increments=3.000000e-01
 actual step time=4.500000e-01
 actual total time=4.500000e-01

 iteration 1

 Using up to 2 cpu(s) for the stress calculation.

 Using up to 2 cpu(s) for the symmetric stiffness/mass contributions.

 Factoring the system of equations using the symmetric spooles solver
 Using 1 cpu for spooles.

 Using up to 2 cpu(s) for the stress calculation.

 average force= 0.036384
 time avg. forc= 0.021267
 largest residual force= 0.012713 in node 83099 and dof 3
 largest increment of disp= 3.634164e+00
 largest correction to disp= 2.279044e-01 in node 11723 and dof 3

 no convergence

 iteration 2

 Using up to 2 cpu(s) for the symmetric stiffness/mass contributions.

 Factoring the system of equations using the symmetric spooles solver
 Using 1 cpu for spooles.

 Using up to 2 cpu(s) for the stress calculation.

 average force= 0.035573
 time avg. forc= 0.021064
 largest residual force= 0.009433 in node 53660 and dof 3
 largest increment of disp= 3.634164e+00
 largest correction to disp= 2.017097e-01 in node 18623 and dof 3

 no convergence

 iteration 3

 Using up to 2 cpu(s) for the symmetric stiffness/mass contributions.

 Factoring the system of equations using the symmetric spooles solver
 Using 1 cpu for spooles.

 Using up to 2 cpu(s) for the stress calculation.

 average force= 0.035553
 time avg. forc= 0.021059
 largest residual force= 0.000006 in node 53660 and dof 3
 largest increment of disp= 3.634164e+00
 largest correction to disp= 4.843191e-03 in node 92532 and dof 3

 convergence; the increment size is increased to 2.250000e-01

 the increment size exceeds the maximum allowed and is decreased to 2.000000e-01

 increment 5 attempt 1 
 increment size= 2.000000e-01
 sum of previous increments=4.500000e-01
 actual step time=6.500000e-01
 actual total time=6.500000e-01

 iteration 1

 Using up to 2 cpu(s) for the stress calculation.

 Using up to 2 cpu(s) for the symmetric stiffness/mass contributions.

 Factoring the system of equations using the symmetric spooles solver
 Using 1 cpu for spooles.

 Using up to 2 cpu(s) for the stress calculation.

 average force= 0.050858
 time avg. forc= 0.027019
 largest residual force= 0.014523 in node 83099 and dof 3
 largest increment of disp= 4.293267e+00
 largest correction to disp= 2.456647e-01 in node 12542 and dof 3

 no convergence

 iteration 2

 Using up to 2 cpu(s) for the symmetric stiffness/mass contributions.

 Factoring the system of equations using the symmetric spooles solver
 Using 1 cpu for spooles.

 Using up to 2 cpu(s) for the stress calculation.

 average force= 0.049789
 time avg. forc= 0.026805
 largest residual force= 0.014272 in node 84212 and dof 3
 largest increment of disp= 4.293267e+00
 largest correction to disp= 2.798839e-01 in node 92886 and dof 3

 no convergence

 iteration 3

 Using up to 2 cpu(s) for the symmetric stiffness/mass contributions.

 Factoring the system of equations using the symmetric spooles solver
 Using 1 cpu for spooles.

 Using up to 2 cpu(s) for the stress calculation.

 average force= 0.049759
 time avg. forc= 0.026799
 largest residual force= 0.000009 in node 53916 and dof 3
 largest increment of disp= 4.293267e+00
 largest correction to disp= 6.935745e-03 in node 92872 and dof 3

 convergence; the increment size is increased to 3.000000e-01

 the increment size exceeds the maximum allowed and is decreased to 2.000000e-01

 increment 6 attempt 1 
 increment size= 2.000000e-01
 sum of previous increments=6.500000e-01
 actual step time=8.500000e-01
 actual total time=8.500000e-01

 iteration 1

 Using up to 2 cpu(s) for the stress calculation.

 Using up to 2 cpu(s) for the symmetric stiffness/mass contributions.

 Factoring the system of equations using the symmetric spooles solver
 Using 1 cpu for spooles.

 Using up to 2 cpu(s) for the stress calculation.

 average force= 0.063977
 time avg. forc= 0.032995
 largest residual force= 0.009008 in node 83507 and dof 3
 largest increment of disp= 3.772415e+00
 largest correction to disp= 1.968767e-01 in node 12656 and dof 3

 no convergence

 iteration 2

 Using up to 2 cpu(s) for the symmetric stiffness/mass contributions.

 Factoring the system of equations using the symmetric spooles solver
 Using 1 cpu for spooles.

 Using up to 2 cpu(s) for the stress calculation.

 average force= 0.063233
 time avg. forc= 0.032871
 largest residual force= 0.010905 in node 84202 and dof 3
 largest increment of disp= 3.772415e+00
 largest correction to disp= 2.459353e-01 in node 18164 and dof 3

 no convergence

 iteration 3

 Using up to 2 cpu(s) for the symmetric stiffness/mass contributions.

 Factoring the system of equations using the symmetric spooles solver
 Using 1 cpu for spooles.

 Using up to 2 cpu(s) for the stress calculation.

 average force= 0.063215
 time avg. forc= 0.032868
 largest residual force= 0.000005 in node 54301 and dof 3
 largest increment of disp= 3.772415e+00
 largest correction to disp= 4.306901e-03 in node 86521 and dof 3

 convergence; the increment size is increased to 3.000000e-01

 the increment size exceeds the maximum allowed and is decreased to 2.000000e-01

 the increment size exceeds the remainder of the step and is decreased to 1.500000e-01

 increment 7 attempt 1 
 increment size= 1.500000e-01
 sum of previous increments=8.500000e-01
 actual step time=1.000000e+00
 actual total time=1.000000e+00

 iteration 1

 Using up to 2 cpu(s) for the stress calculation.

 Using up to 2 cpu(s) for the symmetric stiffness/mass contributions.

 Factoring the system of equations using the symmetric spooles solver
 Using 1 cpu for spooles.

 Using up to 2 cpu(s) for the stress calculation.

 average force= 0.073202
 time avg. forc= 0.038630
 largest residual force= 0.002476 in node 53660 and dof 3
 largest increment of disp= 2.502227e+00
 largest correction to disp= 1.146289e-01 in node 12694 and dof 3

 no convergence

 iteration 2

 Using up to 2 cpu(s) for the symmetric stiffness/mass contributions.

 Factoring the system of equations using the symmetric spooles solver
 Using 1 cpu for spooles.

 Using up to 2 cpu(s) for the stress calculation.

 average force= 0.072924
 time avg. forc= 0.038590
 largest residual force= 0.003735 in node 54301 and dof 3
 largest increment of disp= 2.502227e+00
 largest correction to disp= 1.230598e-01 in node 18166 and dof 3

 no convergence

 iteration 3

 Using up to 2 cpu(s) for the symmetric stiffness/mass contributions.

 Factoring the system of equations using the symmetric spooles solver
 Using 1 cpu for spooles.

 Using up to 2 cpu(s) for the stress calculation.

 average force= 0.072920
 time avg. forc= 0.038590
 largest residual force= 0.000000 in node 54301 and dof 3
 largest increment of disp= 2.502227e+00
 largest correction to disp= 8.082615e-04 in node 18149 and dof 3

 convergence; the increment size is increased to 2.250000e-01

 the increment size exceeds the maximum allowed and is decreased to 2.000000e-01

 the increment size exceeds the remainder of the step and is decreased to 0.000000e+00

 Using up to 2 cpu(s) for the stress calculation.


  The numbers below are estimated upper bounds

  number of:

   nodes:       154491
   elements:        74642
   one-dimensional elements:            0
   two-dimensional elements:            0
   integration points per element:            4
   degrees of freedom per node:            3
   layers per element:            1

   distributed facial loads:            0
   distributed volumetric loads:            0
   concentrated loads:       152269
   single point constraints:         6773
   multiple point constraints:            1
   terms in all multiple point constraints:            1
   tie constraints:            0
   dependent nodes tied by cyclic constraints:            0
   dependent nodes in pre-tension constraints:            0

   sets:           18
   terms in all sets:       464668

   materials:            2
   constants per material and temperature:            9
   temperature points per material:            1
   plastic data points per material:            0

   orientations:            0
   amplitudes:            2
   data points in all amplitudes:            2
   print requests:            2
   transformations:            0
   property cards:            0


 STEP            1

 *INFO reading *STEP: nonlinear geometric
       effects are turned on

 *INFO: time control parameters set to:
        i0 =           12
        ir =           20
        ip =           99
        ic =           40
        il =           12
        ig =            4
        is =            0
        ia =           10
        ij =            0
        it =            0
        df =   0.25000000000000000     
        dc =   0.50000000000000000     
        db =   0.75000000000000000     
        da =   0.84999999999999998     
        ds =    0.0000000000000000     
        dh =    0.0000000000000000     
        dd =    1.5000000000000000     
        wg =    0.0000000000000000     
 Static analysis was selected

 Newton-Raphson iterative procedure is active

 Nonlinear geometric effects are taken into account


 Job finished

________________________________________

Total CalculiX Time: 250.184576
________________________________________
