SUMMARY OF C0NVERGENCE INFORMATION
  STEP   INC  ATT   ITER     CONT.   RESID.        CORR.      RESID.      CORR.
                              EL.    FORCE         DISP       FLUX        TEMP.
                              (#)     (%)           (%)        (%)         (%)
     1     1     1     1        0  0.2325E+05  0.1000E+03  0.0000E+00  0.0000E+00
     1     1     1     2        0  0.1038E+06  0.1067E+02  0.0000E+00  0.0000E+00
     1     1     1     3        0  0.9454E+05  0.6490E+02  0.0000E+00  0.0000E+00
     1     1     1     4        0  0.1975E+06  0.3999E+02  0.0000E+00  0.0000E+00
     1     1     2     1        0  0.2326E+05  0.1000E+03  0.0000E+00  0.0000E+00
     1     1     2     2        0  0.1037E+06  0.1068E+02  0.0000E+00  0.0000E+00
     1     1     2     3        0  0.9442E+05  0.6496E+02  0.0000E+00  0.0000E+00
     1     1     2     4        0  0.1976E+06  0.4007E+02  0.0000E+00  0.0000E+00
     1     1     3     1        0  0.2326E+05  0.1000E+03  0.0000E+00  0.0000E+00
     1     1     3     2        0  0.1037E+06  0.1068E+02  0.0000E+00  0.0000E+00
     1     1     3     3        0  0.9438E+05  0.6497E+02  0.0000E+00  0.0000E+00
     1     1     3     4        0  0.1977E+06  0.4008E+02  0.0000E+00  0.0000E+00
     1     1     4     1        0  0.2326E+05  0.1000E+03  0.0000E+00  0.0000E+00
     1     1     4     2        0  0.1037E+06  0.1068E+02  0.0000E+00  0.0000E+00
     1     1     4     3        0  0.9437E+05  0.6497E+02  0.0000E+00  0.0000E+00
     1     1     4     4        0  0.1977E+06  0.4009E+02  0.0000E+00  0.0000E+00
     1     1     5     1        0  0.2326E+05  0.1000E+03  0.0000E+00  0.0000E+00
     1     1     5     2        0  0.1037E+06  0.1068E+02  0.0000E+00  0.0000E+00
     1     1     5     3        0  0.9437E+05  0.6497E+02  0.0000E+00  0.0000E+00
     1     1     5     4        0  0.1977E+06  0.4009E+02  0.0000E+00  0.0000E+00
     1     1     6     1        0  0.2326E+05  0.1000E+03  0.0000E+00  0.0000E+00
