
************************************************************

CalculiX Version 2.23, Copyright(C) 1998-2025 Guido Dhondt
CalculiX comes with ABSOLUTELY NO WARRANTY. This is free
software, and you are welcome to redistribute it under
certain conditions, see gpl.htm

************************************************************

You are using an executable made on Sun Oct 19 18:23:34 CEST 2025
 Decascading the MPC's

 Determining the structure of the matrix:
 Using up to 2 cpu(s) for setting up the structure of the matrix.
 number of equations
 477410
 number of nonzero lower triangular matrix elements
 16311149

 increment 1 attempt 1 
 increment size= 1.000000e-01
 sum of previous increments=0.000000e+00
 actual step time=1.000000e-01
 actual total time=1.000000e-01

 iteration 1

 Using up to 2 cpu(s) for the stress calculation.

 Using up to 2 cpu(s) for the symmetric stiffness/mass contributions.

 Factoring the system of equations using the symmetric spooles solver
 Using 1 cpu for spooles.

 Using up to 2 cpu(s) for the stress calculation.

 average force= 0.001499
 time avg. forc= 0.001499
 largest residual force= 0.348521 in node 86709 and dof 3
 largest increment of disp= 3.057205e-02
 largest correction to disp= 3.057205e-02 in node 18 and dof 3

 no convergence

 iteration 2

 Using up to 2 cpu(s) for the symmetric stiffness/mass contributions.

 Factoring the system of equations using the symmetric spooles solver
 Using 1 cpu for spooles.

 Using up to 2 cpu(s) for the stress calculation.

 average force= 0.001608
 time avg. forc= 0.001608
 largest residual force= 1.668389 in node 86690 and dof 3
 largest increment of disp= 3.057205e-02
 largest correction to disp= 3.262851e-03 in node 17 and dof 3

 no convergence

 iteration 3

 Using up to 2 cpu(s) for the symmetric stiffness/mass contributions.

 Factoring the system of equations using the symmetric spooles solver
 Using 1 cpu for spooles.

 Using up to 2 cpu(s) for the stress calculation.

 average force= 0.002228
 time avg. forc= 0.002228
 largest residual force= 2.106749 in node 86727 and dof 3
 largest increment of disp= 3.057205e-02
 largest correction to disp= 1.984120e-02 in node 17 and dof 3

 no convergence

 iteration 4

 Using up to 2 cpu(s) for the symmetric stiffness/mass contributions.

 Factoring the system of equations using the symmetric spooles solver
 Using 1 cpu for spooles.

 Using up to 2 cpu(s) for the stress calculation.

 average force= 0.002620
 time avg. forc= 0.002620
 largest residual force= 5.175051 in node 86753 and dof 3
 largest increment of disp= 3.057205e-02
 largest correction to disp= 1.222699e-02 in node 17 and dof 3

 divergence; the increment size is decreased to 2.500000e-02
 the increment is reattempted

 increment 1 attempt 2 
 increment size= 2.500000e-02
 sum of previous increments=0.000000e+00
 actual step time=2.500000e-02
 actual total time=2.500000e-02

 iteration 1

 Using up to 2 cpu(s) for the stress calculation.

 Using up to 2 cpu(s) for the symmetric stiffness/mass contributions.

 Factoring the system of equations using the symmetric spooles solver
 Using 1 cpu for spooles.

 Using up to 2 cpu(s) for the stress calculation.

 average force= 0.000375
 time avg. forc= 0.000375
 largest residual force= 0.087115 in node 86709 and dof 3
 largest increment of disp= 7.643011e-03
 largest correction to disp= 7.643011e-03 in node 18 and dof 3

 no convergence

 iteration 2

 Using up to 2 cpu(s) for the symmetric stiffness/mass contributions.

 Factoring the system of equations using the symmetric spooles solver
 Using 1 cpu for spooles.

 Using up to 2 cpu(s) for the stress calculation.

 average force= 0.000402
 time avg. forc= 0.000402
 largest residual force= 0.416923 in node 86690 and dof 3
 largest increment of disp= 7.643011e-03
 largest correction to disp= 8.162027e-04 in node 17 and dof 3

 no convergence

 iteration 3

 Using up to 2 cpu(s) for the symmetric stiffness/mass contributions.

 Factoring the system of equations using the symmetric spooles solver
 Using 1 cpu for spooles.

 Using up to 2 cpu(s) for the stress calculation.

 average force= 0.000557
 time avg. forc= 0.000557
 largest residual force= 0.526053 in node 86727 and dof 3
 largest increment of disp= 7.643011e-03
 largest correction to disp= 4.964527e-03 in node 17 and dof 3

 no convergence

 iteration 4

 Using up to 2 cpu(s) for the symmetric stiffness/mass contributions.

 Factoring the system of equations using the symmetric spooles solver
 Using 1 cpu for spooles.

 Using up to 2 cpu(s) for the stress calculation.

 average force= 0.000655
 time avg. forc= 0.000655
 largest residual force= 1.294906 in node 86753 and dof 3
 largest increment of disp= 7.643011e-03
 largest correction to disp= 3.062302e-03 in node 17 and dof 3

 divergence; the increment size is decreased to 6.250000e-03
 the increment is reattempted

 increment 1 attempt 3 
 increment size= 6.250000e-03
 sum of previous increments=0.000000e+00
 actual step time=6.250000e-03
 actual total time=6.250000e-03

 iteration 1

 Using up to 2 cpu(s) for the stress calculation.

 Using up to 2 cpu(s) for the symmetric stiffness/mass contributions.

 Factoring the system of equations using the symmetric spooles solver
 Using 1 cpu for spooles.

 Using up to 2 cpu(s) for the stress calculation.

 average force= 0.000094
 time avg. forc= 0.000094
 largest residual force= 0.021778 in node 86709 and dof 3
 largest increment of disp= 1.910753e-03
 largest correction to disp= 1.910753e-03 in node 18 and dof 3

 no convergence

 iteration 2

 Using up to 2 cpu(s) for the symmetric stiffness/mass contributions.

 Factoring the system of equations using the symmetric spooles solver
 Using 1 cpu for spooles.

 Using up to 2 cpu(s) for the stress calculation.

 average force= 0.000100
 time avg. forc= 0.000100
 largest residual force= 0.104220 in node 86690 and dof 3
 largest increment of disp= 1.910753e-03
 largest correction to disp= 2.040804e-04 in node 17 and dof 3

 no convergence

 iteration 3

 Using up to 2 cpu(s) for the symmetric stiffness/mass contributions.

 Factoring the system of equations using the symmetric spooles solver
 Using 1 cpu for spooles.

 Using up to 2 cpu(s) for the stress calculation.

 average force= 0.000139
 time avg. forc= 0.000139
 largest residual force= 0.131474 in node 86727 and dof 3
 largest increment of disp= 1.910753e-03
 largest correction to disp= 1.241396e-03 in node 17 and dof 3

 no convergence

 iteration 4

 Using up to 2 cpu(s) for the symmetric stiffness/mass contributions.

 Factoring the system of equations using the symmetric spooles solver
 Using 1 cpu for spooles.

 Using up to 2 cpu(s) for the stress calculation.

 average force= 0.000164
 time avg. forc= 0.000164
 largest residual force= 0.323795 in node 86753 and dof 3
 largest increment of disp= 1.910753e-03
 largest correction to disp= 7.659020e-04 in node 17 and dof 3

 divergence; the increment size is decreased to 1.562500e-03
 the increment is reattempted

 increment 1 attempt 4 
 increment size= 1.562500e-03
 sum of previous increments=0.000000e+00
 actual step time=1.562500e-03
 actual total time=1.562500e-03

 iteration 1

 Using up to 2 cpu(s) for the stress calculation.

 Using up to 2 cpu(s) for the symmetric stiffness/mass contributions.

 Factoring the system of equations using the symmetric spooles solver
 Using 1 cpu for spooles.

 Using up to 2 cpu(s) for the stress calculation.

 average force= 0.000023
 time avg. forc= 0.000023
 largest residual force= 0.005444 in node 86709 and dof 3
 largest increment of disp= 4.776882e-04
 largest correction to disp= 4.776882e-04 in node 18 and dof 3

 no convergence

 iteration 2

 Using up to 2 cpu(s) for the symmetric stiffness/mass contributions.

 Factoring the system of equations using the symmetric spooles solver
 Using 1 cpu for spooles.

 Using up to 2 cpu(s) for the stress calculation.

 average force= 0.000025
 time avg. forc= 0.000025
 largest residual force= 0.026054 in node 86690 and dof 3
 largest increment of disp= 4.776882e-04
 largest correction to disp= 5.102195e-05 in node 17 and dof 3

 no convergence

 iteration 3

 Using up to 2 cpu(s) for the symmetric stiffness/mass contributions.

 Factoring the system of equations using the symmetric spooles solver
 Using 1 cpu for spooles.

 Using up to 2 cpu(s) for the stress calculation.

 average force= 0.000035
 time avg. forc= 0.000035
 largest residual force= 0.032866 in node 86727 and dof 3
 largest increment of disp= 4.776882e-04
 largest correction to disp= 3.103654e-04 in node 17 and dof 3

 no convergence

 iteration 4

 Using up to 2 cpu(s) for the symmetric stiffness/mass contributions.

 Factoring the system of equations using the symmetric spooles solver
 Using 1 cpu for spooles.

 Using up to 2 cpu(s) for the stress calculation.

 average force= 0.000041
 time avg. forc= 0.000041
 largest residual force= 0.080953 in node 86753 and dof 3
 largest increment of disp= 4.776882e-04
 largest correction to disp= 1.914956e-04 in node 17 and dof 3

 divergence; the increment size is decreased to 3.906250e-04
 the increment is reattempted

 increment 1 attempt 5 
 increment size= 3.906250e-04
 sum of previous increments=0.000000e+00
 actual step time=3.906250e-04
 actual total time=3.906250e-04

 iteration 1

 Using up to 2 cpu(s) for the stress calculation.

 Using up to 2 cpu(s) for the symmetric stiffness/mass contributions.

 Factoring the system of equations using the symmetric spooles solver
 Using 1 cpu for spooles.

 Using up to 2 cpu(s) for the stress calculation.

 average force= 0.000006
 time avg. forc= 0.000006
 largest residual force= 0.001361 in node 86709 and dof 3
 largest increment of disp= 1.194221e-04
 largest correction to disp= 1.194221e-04 in node 18 and dof 3

 no convergence

 iteration 2

 Using up to 2 cpu(s) for the symmetric stiffness/mass contributions.

 Factoring the system of equations using the symmetric spooles solver
 Using 1 cpu for spooles.

 Using up to 2 cpu(s) for the stress calculation.

 average force= 0.000006
 time avg. forc= 0.000006
 largest residual force= 0.006514 in node 86690 and dof 3
 largest increment of disp= 1.194221e-04
 largest correction to disp= 1.275560e-05 in node 17 and dof 3

 no convergence

 iteration 3

 Using up to 2 cpu(s) for the symmetric stiffness/mass contributions.

 Factoring the system of equations using the symmetric spooles solver
 Using 1 cpu for spooles.

 Using up to 2 cpu(s) for the stress calculation.

 average force= 0.000009
 time avg. forc= 0.000009
 largest residual force= 0.008216 in node 86727 and dof 3
 largest increment of disp= 1.194221e-04
 largest correction to disp= 7.759239e-05 in node 17 and dof 3

 no convergence

 iteration 4

 Using up to 2 cpu(s) for the symmetric stiffness/mass contributions.

 Factoring the system of equations using the symmetric spooles solver
 Using 1 cpu for spooles.

 Using up to 2 cpu(s) for the stress calculation.

 average force= 0.000010
 time avg. forc= 0.000010
 largest residual force= 0.020239 in node 86753 and dof 3
 largest increment of disp= 1.194221e-04
 largest correction to disp= 4.787515e-05 in node 17 and dof 3

 divergence; the increment size is decreased to 9.765625e-05
 the increment is reattempted

 increment 1 attempt 6 
 increment size= 9.765625e-05
 sum of previous increments=0.000000e+00
 actual step time=9.765625e-05
 actual total time=9.765625e-05

 iteration 1

 Using up to 2 cpu(s) for the stress calculation.

 Using up to 2 cpu(s) for the symmetric stiffness/mass contributions.

 Factoring the system of equations using the symmetric spooles solver
 Using 1 cpu for spooles.

 Using up to 2 cpu(s) for the stress calculation.

 average force= 0.000001
 time avg. forc= 0.000001
 largest residual force= 0.000340 in node 86709 and dof 3
 largest increment of disp= 2.985551e-05
 largest correction to disp= 2.985551e-05 in node 18 and dof 3

