SUMMARY OF C0NVERGENCE INFORMATION
  STEP   INC  ATT   ITER     CONT.   RESID.        CORR.      RESID.      CORR.
                              EL.    FORCE         DISP       FLUX        TEMP.
                              (#)     (%)           (%)        (%)         (%)
     1     1     1     1        0  0.4619E+04  0.1000E+03  0.0000E+00  0.0000E+00
     1     1     1     2        0  0.1795E+05  0.4361E+01  0.0000E+00  0.0000E+00
     1     1     1     3        0  0.2374E+06  0.7112E+00  0.0000E+00  0.0000E+00
     1     1     1     4        0  0.2207E+04  0.1079E+01  0.0000E+00  0.0000E+00
     1     1     1     5        0  0.2466E+04  0.9103E+00  0.0000E+00  0.0000E+00
     1     1     1     6        0  0.2405E+03  0.1356E+01  0.0000E+00  0.0000E+00
     1     1     1     7        0  0.9078E+03  0.9643E+00  0.0000E+00  0.0000E+00
     1     1     1     8        0  0.2143E+03  0.4768E+00  0.0000E+00  0.0000E+00
     1     1     1     9        0  0.5676E+00  0.6592E+00  0.0000E+00  0.0000E+00
     1     1     1    10        0  0.0000E+00  0.9123E-04  0.0000E+00  0.0000E+00
     1     2     1     1        0  0.2980E+02  0.8643E+01  0.0000E+00  0.0000E+00
     1     2     1     2        0  0.8166E+00  0.1753E+01  0.0000E+00  0.0000E+00
     1     2     1     3        0  0.0000E+00  0.1163E-02  0.0000E+00  0.0000E+00
     1     3     1     1        0  0.2951E+02  0.9110E+01  0.0000E+00  0.0000E+00
     1     3     1     2        0  0.1221E+01  0.2394E+01  0.0000E+00  0.0000E+00
     1     3     1     3        0  0.0000E+00  0.2469E-02  0.0000E+00  0.0000E+00
     1     4     1     1        0  0.6983E+02  0.9522E+01  0.0000E+00  0.0000E+00
     1     4     1     2        0  0.2033E+02  0.6640E+01  0.0000E+00  0.0000E+00
     1     4     1     3        0  0.0000E+00  0.1291E-01  0.0000E+00  0.0000E+00
     1     5     1     1        0  0.4111E+03  0.7062E+01  0.0000E+00  0.0000E+00
     1     5     1     2        0  0.2229E+03  0.1615E+02  0.0000E+00  0.0000E+00
     1     5     1     3        0  0.1163E+00  0.2145E+00  0.0000E+00  0.0000E+00
     1     6     1     1        0  0.4703E+07  0.3653E+01  0.0000E+00  0.0000E+00
     1     6     1     2        0  0.8543E+03  0.1523E+02  0.0000E+00  0.0000E+00
     1     6     1     3        0  0.8048E+00  0.2864E+00  0.0000E+00  0.0000E+00
     1     6     1     4        0  0.0000E+00  0.1891E-01  0.0000E+00  0.0000E+00
     1     7     1     1        0  0.2924E+03  0.3108E+01  0.0000E+00  0.0000E+00
     1     7     1     2        0  0.3073E+02  0.5171E+01  0.0000E+00  0.0000E+00
     1     7     1     3        0  0.1825E+02  0.4942E-01  0.0000E+00  0.0000E+00
     1     7     1     4        0  0.3303E+01  0.3809E-02  0.0000E+00  0.0000E+00
     1     7     1     5        0  0.0000E+00  0.9880E-03  0.0000E+00  0.0000E+00
