SUMMARY OF C0NVERGENCE INFORMATION
  STEP   INC  ATT   ITER     CONT.   RESID.        CORR.      RESID.      CORR.
                              EL.    FORCE         DISP       FLUX        TEMP.
                              (#)     (%)           (%)        (%)         (%)
     1     1     1     1        0  0.1507E+05  0.1000E+03  0.0000E+00  0.0000E+00
     1     1     1     2        0  0.2799E+05  0.6510E+02  0.0000E+00  0.0000E+00
     1     1     1     3        0  0.3041E+05  0.5282E+02  0.0000E+00  0.0000E+00
     1     1     1     4        0  0.8678E+05  0.1000E+03  0.0000E+00  0.0000E+00
     1     1     1     5        0  0.1630E+04  0.1000E+03  0.0000E+00  0.0000E+00
     1     1     1     6        0  0.3349E+03  0.3298E+00  0.0000E+00  0.0000E+00
     1     1     1     7        0  0.9943E+01  0.5622E-01  0.0000E+00  0.0000E+00
     1     1     1     8        0  0.0000E+00  0.7902E-03  0.0000E+00  0.0000E+00
     1     2     1     1        0  0.0000E+00  0.6385E-01  0.0000E+00  0.0000E+00
     1     2     1     2        0  0.0000E+00  0.1393E-04  0.0000E+00  0.0000E+00
     1     3     1     1        0  0.0000E+00  0.6386E-01  0.0000E+00  0.0000E+00
     1     3     1     2        0  0.0000E+00  0.1388E-04  0.0000E+00  0.0000E+00
     1     4     1     1        0  0.0000E+00  0.7982E-01  0.0000E+00  0.0000E+00
     1     4     1     2        0  0.0000E+00  0.3237E-04  0.0000E+00  0.0000E+00
     1     5     1     1        0  0.0000E+00  0.1117E+00  0.0000E+00  0.0000E+00
     1     5     1     2        0  0.0000E+00  0.8394E-04  0.0000E+00  0.0000E+00
     1     6     1     1        0  0.0000E+00  0.1277E+00  0.0000E+00  0.0000E+00
     1     6     1     2        0  0.0000E+00  0.1089E-03  0.0000E+00  0.0000E+00
     1     7     1     1        0  0.0000E+00  0.1118E+00  0.0000E+00  0.0000E+00
     1     7     1     2        0  0.0000E+00  0.6227E-04  0.0000E+00  0.0000E+00
