SUMMARY OF C0NVERGENCE INFORMATION
  STEP   INC  ATT   ITER     CONT.   RESID.        CORR.      RESID.      CORR.
                              EL.    FORCE         DISP       FLUX        TEMP.
                              (#)     (%)           (%)        (%)         (%)
     1     1     1     1        0  0.1280E+04  0.1000E+03  0.0000E+00  0.0000E+00
     1     1     1     2        0  0.8422E+03  0.4013E+01  0.0000E+00  0.0000E+00
     1     1     1     3        0  0.1002E+04  0.9717E+00  0.0000E+00  0.0000E+00
     1     1     1     4        0  0.1177E+04  0.1811E+01  0.0000E+00  0.0000E+00
     1     1     2     1        0  0.3267E+03  0.1000E+03  0.0000E+00  0.0000E+00
     1     1     2     2        0  0.8461E+03  0.1023E+01  0.0000E+00  0.0000E+00
     1     1     2     3        0  0.1002E+04  0.9608E+00  0.0000E+00  0.0000E+00
     1     1     2     4        0  0.1180E+04  0.1809E+01  0.0000E+00  0.0000E+00
     1     1     3     1        0  0.9495E+02  0.1000E+03  0.0000E+00  0.0000E+00
     1     1     3     2        0  0.8465E+03  0.7393E+00  0.0000E+00  0.0000E+00
     1     1     3     3        0  0.1003E+04  0.9583E+00  0.0000E+00  0.0000E+00
     1     1     3     4        0  0.1180E+04  0.1809E+01  0.0000E+00  0.0000E+00
     1     1     4     1        0  0.8982E+02  0.1000E+03  0.0000E+00  0.0000E+00
     1     1     4     2        0  0.8466E+03  0.7392E+00  0.0000E+00  0.0000E+00
     1     1     4     3        0  0.1003E+04  0.9577E+00  0.0000E+00  0.0000E+00
     1     1     4     4        0  0.1181E+04  0.1808E+01  0.0000E+00  0.0000E+00
     1     1     5     1        0  0.8853E+02  0.1000E+03  0.0000E+00  0.0000E+00
     1     1     5     2        0  0.8466E+03  0.7392E+00  0.0000E+00  0.0000E+00
     1     1     5     3        0  0.1003E+04  0.9576E+00  0.0000E+00  0.0000E+00
     1     1     5     4        0  0.1181E+04  0.1808E+01  0.0000E+00  0.0000E+00
     1     1     6     1        0  0.8821E+02  0.1000E+03  0.0000E+00  0.0000E+00
     1     1     6     2        0  0.8467E+03  0.7392E+00  0.0000E+00  0.0000E+00
     1     1     6     3        0  0.1003E+04  0.9575E+00  0.0000E+00  0.0000E+00
     1     1     6     4        0  0.1181E+04  0.1808E+01  0.0000E+00  0.0000E+00
