
************************************************************

CalculiX Version 2.23, Copyright(C) 1998-2025 Guido Dhondt
CalculiX comes with ABSOLUTELY NO WARRANTY. This is free
software, and you are welcome to redistribute it under
certain conditions, see gpl.htm

************************************************************

You are using an executable made on Sun Oct 19 18:23:34 CEST 2025
 Decascading the MPC's

 Determining the structure of the matrix:
 Using up to 2 cpu(s) for setting up the structure of the matrix.
 number of equations
 477410
 number of nonzero lower triangular matrix elements
 16311149

 increment 1 attempt 1 
 increment size= 1.000000e-01
 sum of previous increments=0.000000e+00
 actual step time=1.000000e-01
 actual total time=1.000000e-01

 iteration 1

 Using up to 2 cpu(s) for the stress calculation.

 Using up to 2 cpu(s) for the symmetric stiffness/mass contributions.

 Factoring the system of equations using the symmetric spooles solver
 Using 1 cpu for spooles.

 Using up to 2 cpu(s) for the stress calculation.

 average force= 0.008047
 time avg. forc= 0.008047
 largest residual force= 0.103031 in node 73320 and dof 1
 largest increment of disp= 2.186554e-01
 largest correction to disp= 2.186554e-01 in node 62432 and dof 1

 no convergence

 iteration 2

 Using up to 2 cpu(s) for the symmetric stiffness/mass contributions.

 Factoring the system of equations using the symmetric spooles solver
 Using 1 cpu for spooles.

 Using up to 2 cpu(s) for the stress calculation.

 average force= 0.007900
 time avg. forc= 0.007900
 largest residual force= 0.066535 in node 14051 and dof 3
 largest increment of disp= 2.186554e-01
 largest correction to disp= 8.774548e-03 in node 9722 and dof 1

 no convergence

 iteration 3

 Using up to 2 cpu(s) for the symmetric stiffness/mass contributions.

 Factoring the system of equations using the symmetric spooles solver
 Using 1 cpu for spooles.

 Using up to 2 cpu(s) for the stress calculation.

 average force= 0.007907
 time avg. forc= 0.007907
 largest residual force= 0.079203 in node 14052 and dof 3
 largest increment of disp= 2.186554e-01
 largest correction to disp= 2.124696e-03 in node 80064 and dof 3

 no convergence

 iteration 4

 Using up to 2 cpu(s) for the symmetric stiffness/mass contributions.

 Factoring the system of equations using the symmetric spooles solver
 Using 1 cpu for spooles.

 Using up to 2 cpu(s) for the stress calculation.

 average force= 0.007914
 time avg. forc= 0.007914
 largest residual force= 0.093166 in node 14563 and dof 3
 largest increment of disp= 2.186554e-01
 largest correction to disp= 3.960417e-03 in node 76703 and dof 3

 divergence; the increment size is decreased to 2.500000e-02
 the increment is reattempted

 increment 1 attempt 2 
 increment size= 2.500000e-02
 sum of previous increments=0.000000e+00
 actual step time=2.500000e-02
 actual total time=2.500000e-02

 iteration 1

 Using up to 2 cpu(s) for the stress calculation.

 Using up to 2 cpu(s) for the symmetric stiffness/mass contributions.

 Factoring the system of equations using the symmetric spooles solver
 Using 1 cpu for spooles.

 Using up to 2 cpu(s) for the stress calculation.

 average force= 0.001971
 time avg. forc= 0.001971
 largest residual force= 0.006440 in node 73320 and dof 1
 largest increment of disp= 5.466385e-02
 largest correction to disp= 5.466385e-02 in node 62432 and dof 1

 no convergence

 iteration 2

 Using up to 2 cpu(s) for the symmetric stiffness/mass contributions.

 Factoring the system of equations using the symmetric spooles solver
 Using 1 cpu for spooles.

 Using up to 2 cpu(s) for the stress calculation.

 average force= 0.001971
 time avg. forc= 0.001971
 largest residual force= 0.016672 in node 14051 and dof 3
 largest increment of disp= 5.466385e-02
 largest correction to disp= 5.592848e-04 in node 9696 and dof 1

 no convergence

 iteration 3

 Using up to 2 cpu(s) for the symmetric stiffness/mass contributions.

 Factoring the system of equations using the symmetric spooles solver
 Using 1 cpu for spooles.

 Using up to 2 cpu(s) for the stress calculation.

 average force= 0.001972
 time avg. forc= 0.001972
 largest residual force= 0.019769 in node 14052 and dof 3
 largest increment of disp= 5.466385e-02
 largest correction to disp= 5.251903e-04 in node 80066 and dof 3

 no convergence

 iteration 4

 Using up to 2 cpu(s) for the symmetric stiffness/mass contributions.

 Factoring the system of equations using the symmetric spooles solver
 Using 1 cpu for spooles.

 Using up to 2 cpu(s) for the stress calculation.

 average force= 0.001974
 time avg. forc= 0.001974
 largest residual force= 0.023289 in node 14563 and dof 3
 largest increment of disp= 5.466385e-02
 largest correction to disp= 9.889299e-04 in node 76703 and dof 3

 divergence; the increment size is decreased to 6.250000e-03
 the increment is reattempted

 increment 1 attempt 3 
 increment size= 6.250000e-03
 sum of previous increments=0.000000e+00
 actual step time=6.250000e-03
 actual total time=6.250000e-03

 iteration 1

 Using up to 2 cpu(s) for the stress calculation.

 Using up to 2 cpu(s) for the symmetric stiffness/mass contributions.

 Factoring the system of equations using the symmetric spooles solver
 Using 1 cpu for spooles.

 Using up to 2 cpu(s) for the stress calculation.

 average force= 0.000492
 time avg. forc= 0.000492
 largest residual force= 0.000467 in node 86696 and dof 3
 largest increment of disp= 1.366596e-02
 largest correction to disp= 1.366596e-02 in node 62432 and dof 1

 no convergence

 iteration 2

 Using up to 2 cpu(s) for the symmetric stiffness/mass contributions.

 Factoring the system of equations using the symmetric spooles solver
 Using 1 cpu for spooles.

 Using up to 2 cpu(s) for the stress calculation.

 average force= 0.000492
 time avg. forc= 0.000492
 largest residual force= 0.004168 in node 14051 and dof 3
 largest increment of disp= 1.366596e-02
 largest correction to disp= 1.010263e-04 in node 358 and dof 3

 no convergence

 iteration 3

 Using up to 2 cpu(s) for the symmetric stiffness/mass contributions.

 Factoring the system of equations using the symmetric spooles solver
 Using 1 cpu for spooles.

 Using up to 2 cpu(s) for the stress calculation.

 average force= 0.000493
 time avg. forc= 0.000493
 largest residual force= 0.004940 in node 14052 and dof 3
 largest increment of disp= 1.366596e-02
 largest correction to disp= 1.309634e-04 in node 80066 and dof 3

 no convergence

 iteration 4

 Using up to 2 cpu(s) for the symmetric stiffness/mass contributions.

 Factoring the system of equations using the symmetric spooles solver
 Using 1 cpu for spooles.

 Using up to 2 cpu(s) for the stress calculation.

 average force= 0.000493
 time avg. forc= 0.000493
 largest residual force= 0.005822 in node 14563 and dof 3
 largest increment of disp= 1.366596e-02
 largest correction to disp= 2.471603e-04 in node 76703 and dof 3

 divergence; the increment size is decreased to 1.562500e-03
 the increment is reattempted

 increment 1 attempt 4 
 increment size= 1.562500e-03
 sum of previous increments=0.000000e+00
 actual step time=1.562500e-03
 actual total time=1.562500e-03

 iteration 1

 Using up to 2 cpu(s) for the stress calculation.

 Using up to 2 cpu(s) for the symmetric stiffness/mass contributions.

 Factoring the system of equations using the symmetric spooles solver
 Using 1 cpu for spooles.

 Using up to 2 cpu(s) for the stress calculation.

 average force= 0.000123
 time avg. forc= 0.000123
 largest residual force= 0.000110 in node 86696 and dof 3
 largest increment of disp= 3.416491e-03
 largest correction to disp= 3.416491e-03 in node 62432 and dof 1

 no convergence

 iteration 2

 Using up to 2 cpu(s) for the symmetric stiffness/mass contributions.

 Factoring the system of equations using the symmetric spooles solver
 Using 1 cpu for spooles.

 Using up to 2 cpu(s) for the stress calculation.

 average force= 0.000123
 time avg. forc= 0.000123
 largest residual force= 0.001042 in node 14051 and dof 3
 largest increment of disp= 3.416491e-03
 largest correction to disp= 2.525602e-05 in node 358 and dof 3

 no convergence

 iteration 3

 Using up to 2 cpu(s) for the symmetric stiffness/mass contributions.

 Factoring the system of equations using the symmetric spooles solver
 Using 1 cpu for spooles.

 Using up to 2 cpu(s) for the stress calculation.

 average force= 0.000123
 time avg. forc= 0.000123
 largest residual force= 0.001235 in node 14052 and dof 3
 largest increment of disp= 3.416491e-03
 largest correction to disp= 3.272059e-05 in node 80066 and dof 3

 no convergence

 iteration 4

 Using up to 2 cpu(s) for the symmetric stiffness/mass contributions.

 Factoring the system of equations using the symmetric spooles solver
 Using 1 cpu for spooles.

 Using up to 2 cpu(s) for the stress calculation.

 average force= 0.000123
 time avg. forc= 0.000123
 largest residual force= 0.001456 in node 14563 and dof 3
 largest increment of disp= 3.416491e-03
 largest correction to disp= 6.178559e-05 in node 76703 and dof 3

 divergence; the increment size is decreased to 3.906250e-04
 the increment is reattempted

 increment 1 attempt 5 
 increment size= 3.906250e-04
 sum of previous increments=0.000000e+00
 actual step time=3.906250e-04
 actual total time=3.906250e-04

 iteration 1

 Using up to 2 cpu(s) for the stress calculation.

 Using up to 2 cpu(s) for the symmetric stiffness/mass contributions.

 Factoring the system of equations using the symmetric spooles solver
 Using 1 cpu for spooles.

 Using up to 2 cpu(s) for the stress calculation.

 average force= 0.000031
 time avg. forc= 0.000031
 largest residual force= 0.000027 in node 86696 and dof 3
 largest increment of disp= 8.541227e-04
 largest correction to disp= 8.541227e-04 in node 62432 and dof 1

 no convergence

 iteration 2

 Using up to 2 cpu(s) for the symmetric stiffness/mass contributions.

 Factoring the system of equations using the symmetric spooles solver
 Using 1 cpu for spooles.

 Using up to 2 cpu(s) for the stress calculation.

 average force= 0.000031
 time avg. forc= 0.000031
 largest residual force= 0.000260 in node 14051 and dof 3
 largest increment of disp= 8.541227e-04
 largest correction to disp= 6.313955e-06 in node 358 and dof 3

 no convergence

 iteration 3

 Using up to 2 cpu(s) for the symmetric stiffness/mass contributions.

 Factoring the system of equations using the symmetric spooles solver
 Using 1 cpu for spooles.

 Using up to 2 cpu(s) for the stress calculation.

 average force= 0.000031
 time avg. forc= 0.000031
 largest residual force= 0.000309 in node 14052 and dof 3
 largest increment of disp= 8.541227e-04
 largest correction to disp= 8.178889e-06 in node 80066 and dof 3

 no convergence

 iteration 4

 Using up to 2 cpu(s) for the symmetric stiffness/mass contributions.

 Factoring the system of equations using the symmetric spooles solver
 Using 1 cpu for spooles.

 Using up to 2 cpu(s) for the stress calculation.

 average force= 0.000031
 time avg. forc= 0.000031
 largest residual force= 0.000364 in node 14563 and dof 3
 largest increment of disp= 8.541227e-04
 largest correction to disp= 1.544612e-05 in node 76703 and dof 3

 divergence; the increment size is decreased to 9.765625e-05
 the increment is reattempted

 increment 1 attempt 6 
 increment size= 9.765625e-05
 sum of previous increments=0.000000e+00
 actual step time=9.765625e-05
 actual total time=9.765625e-05

 iteration 1

 Using up to 2 cpu(s) for the stress calculation.

 Using up to 2 cpu(s) for the symmetric stiffness/mass contributions.

 Factoring the system of equations using the symmetric spooles solver
 Using 1 cpu for spooles.

 Using up to 2 cpu(s) for the stress calculation.

 average force= 0.000008
 time avg. forc= 0.000008
 largest residual force= 0.000007 in node 86696 and dof 3
 largest increment of disp= 2.135307e-04
 largest correction to disp= 2.135307e-04 in node 62432 and dof 1

 no convergence

 iteration 2

 Using up to 2 cpu(s) for the symmetric stiffness/mass contributions.

 Factoring the system of equations using the symmetric spooles solver
 Using 1 cpu for spooles.

 Using up to 2 cpu(s) for the stress calculation.

 average force= 0.000008
 time avg. forc= 0.000008
 largest residual force= 0.000065 in node 14051 and dof 3
 largest increment of disp= 2.135307e-04
 largest correction to disp= 1.578485e-06 in node 358 and dof 3

 no convergence

 iteration 3

 Using up to 2 cpu(s) for the symmetric stiffness/mass contributions.

 Factoring the system of equations using the symmetric spooles solver
 Using 1 cpu for spooles.

 Using up to 2 cpu(s) for the stress calculation.

 average force= 0.000008
 time avg. forc= 0.000008
 largest residual force= 0.000077 in node 14052 and dof 3
 largest increment of disp= 2.135307e-04
 largest correction to disp= 2.044643e-06 in node 80066 and dof 3

 no convergence

 iteration 4

 Using up to 2 cpu(s) for the symmetric stiffness/mass contributions.

 Factoring the system of equations using the symmetric spooles solver
 Using 1 cpu for spooles.

 Using up to 2 cpu(s) for the stress calculation.

 average force= 0.000008
 time avg. forc= 0.000008
 largest residual force= 0.000091 in node 14563 and dof 3
 largest increment of disp= 2.135307e-04
 largest correction to disp= 3.861510e-06 in node 76703 and dof 3


  The numbers below are estimated upper bounds

  number of:

   nodes:       161384
   elements:        82571
   one-dimensional elements:            0
   two-dimensional elements:            0
   integration points per element:            4
   degrees of freedom per node:            3
   layers per element:            1

   distributed facial loads:            0
   distributed volumetric loads:            0
   concentrated loads:           76
   single point constraints:         6742
   multiple point constraints:            1
   terms in all multiple point constraints:            1
   tie constraints:            0
   dependent nodes tied by cyclic constraints:            0
   dependent nodes in pre-tension constraints:            0

   sets:           18
   terms in all sets:       494275

   materials:            2
   constants per material and temperature:            9
   temperature points per material:            1
   plastic data points per material:            0

   orientations:            0
   amplitudes:            2
   data points in all amplitudes:            2
   print requests:            2
   transformations:            0
   property cards:            0


 STEP            1

 *INFO reading *STEP: nonlinear geometric
       effects are turned on

 Static analysis was selected

 Newton-Raphson iterative procedure is active

 Nonlinear geometric effects are taken into account

 divergence; the increment size is decreased to 2.441406e-05
 the increment is reattempted


 *ERROR: too many cutbacks
 best solution and residuals are in the frd file

