SUMMARY OF C0NVERGENCE INFORMATION
  STEP   INC  ATT   ITER     CONT.   RESID.        CORR.      RESID.      CORR.
                              EL.    FORCE         DISP       FLUX        TEMP.
                              (#)     (%)           (%)        (%)         (%)
     1     1     1     1        0  0.4220E+04  0.1000E+03  0.0000E+00  0.0000E+00
     1     1     1     2        0  0.1760E+05  0.5587E+00  0.0000E+00  0.0000E+00
     1     1     1     3        0  0.8539E+04  0.1301E-01  0.0000E+00  0.0000E+00
     1     1     1     4        0  0.2936E+04  0.3640E-02  0.0000E+00  0.0000E+00
     1     1     1     5        0  0.1874E+04  0.3471E-02  0.0000E+00  0.0000E+00
     1     1     1     6        0  0.6152E+02  0.1703E-02  0.0000E+00  0.0000E+00
     1     1     1     7        0  0.1697E+03  0.4558E-03  0.0000E+00  0.0000E+00
     1     1     1     8        0  0.0000E+00  0.2650E-04  0.0000E+00  0.0000E+00
     1     2     1     1        0  0.6661E+00  0.1047E+01  0.0000E+00  0.0000E+00
     1     2     1     2        0  0.0000E+00  0.4404E-01  0.0000E+00  0.0000E+00
     1     3     1     1        0  0.4345E+00  0.9662E+00  0.0000E+00  0.0000E+00
     1     3     1     2        0  0.0000E+00  0.3797E-01  0.0000E+00  0.0000E+00
     1     4     1     1        0  0.9662E+00  0.1092E+01  0.0000E+00  0.0000E+00
     1     4     1     2        0  0.0000E+00  0.6753E-01  0.0000E+00  0.0000E+00
     1     5     1     1        0  0.2056E+01  0.1354E+01  0.0000E+00  0.0000E+00
     1     5     1     2        0  0.1100E-01  0.1181E+00  0.0000E+00  0.0000E+00
     1     6     1     1        0  0.1700E+01  0.1368E+01  0.0000E+00  0.0000E+00
     1     6     1     2        0  0.8197E-02  0.1053E+00  0.0000E+00  0.0000E+00
     1     7     1     1        0  0.5060E+00  0.1179E+01  0.0000E+00  0.0000E+00
     1     7     1     2        0  0.0000E+00  0.4593E-01  0.0000E+00  0.0000E+00
