SUMMARY OF C0NVERGENCE INFORMATION
  STEP   INC  ATT   ITER     CONT.   RESID.        CORR.      RESID.      CORR.
                              EL.    FORCE         DISP       FLUX        TEMP.
                              (#)     (%)           (%)        (%)         (%)
     1     1     1     1        0  0.2153E+05  0.1000E+03  0.0000E+00  0.0000E+00
     1     1     1     2        0  0.5283E+07  0.1432E+02  0.0000E+00  0.0000E+00
     1     1     1     3        0  0.8727E+05  0.4311E+02  0.0000E+00  0.0000E+00
     1     1     1     4        0  0.6694E+05  0.1440E+02  0.0000E+00  0.0000E+00
     1     1     1     5        0  0.7313E+04  0.6979E+01  0.0000E+00  0.0000E+00
     1     1     1     6        0  0.8752E+03  0.1000E+03  0.0000E+00  0.0000E+00
     1     1     1     7        0  0.0000E+00  0.1719E+00  0.0000E+00  0.0000E+00
     1     2     1     1        0  0.0000E+00  0.4148E-01  0.0000E+00  0.0000E+00
     1     2     1     2        0  0.0000E+00  0.7894E-05  0.0000E+00  0.0000E+00
     1     3     1     1        0  0.0000E+00  0.4139E-01  0.0000E+00  0.0000E+00
     1     3     1     2        0  0.0000E+00  0.7858E-05  0.0000E+00  0.0000E+00
     1     4     1     1        0  0.0000E+00  0.5187E-01  0.0000E+00  0.0000E+00
     1     4     1     2        0  0.0000E+00  0.1861E-04  0.0000E+00  0.0000E+00
     1     5     1     1        0  0.0000E+00  0.7274E-01  0.0000E+00  0.0000E+00
     1     5     1     2        0  0.0000E+00  0.4908E-04  0.0000E+00  0.0000E+00
     1     6     1     1        0  0.0000E+00  0.8331E-01  0.0000E+00  0.0000E+00
     1     6     1     2        0  0.0000E+00  0.6486E-04  0.0000E+00  0.0000E+00
     1     7     1     1        0  0.0000E+00  0.7305E-01  0.0000E+00  0.0000E+00
     1     7     1     2        0  0.0000E+00  0.3772E-04  0.0000E+00  0.0000E+00
