SUMMARY OF C0NVERGENCE INFORMATION
  STEP   INC  ATT   ITER     CONT.   RESID.        CORR.      RESID.      CORR.
                              EL.    FORCE         DISP       FLUX        TEMP.
                              (#)     (%)           (%)        (%)         (%)
     1     1     1     1        0  0.1324E+04  0.1000E+03  0.0000E+00  0.0000E+00
     1     1     1     2        0  0.7250E+04  0.1485E+01  0.0000E+00  0.0000E+00
     1     1     1     3        0  0.1110E+05  0.2001E+01  0.0000E+00  0.0000E+00
     1     1     1     4        0  0.9162E+04  0.1314E+01  0.0000E+00  0.0000E+00
     1     1     1     5        0  0.1009E+05  0.1111E+01  0.0000E+00  0.0000E+00
     1     1     1     6        0  0.4527E+04  0.1721E+01  0.0000E+00  0.0000E+00
     1     1     1     7        0  0.5077E+01  0.1382E+01  0.0000E+00  0.0000E+00
     1     1     1     8        0  0.0000E+00  0.1197E-03  0.0000E+00  0.0000E+00
     1     2     1     1        0  0.1884E+00  0.5383E+00  0.0000E+00  0.0000E+00
     1     2     1     2        0  0.0000E+00  0.1693E-01  0.0000E+00  0.0000E+00
     1     3     1     1        0  0.1492E+00  0.5305E+00  0.0000E+00  0.0000E+00
     1     3     1     2        0  0.0000E+00  0.2599E-01  0.0000E+00  0.0000E+00
     1     4     1     1        0  0.4142E+00  0.7215E+00  0.0000E+00  0.0000E+00
     1     4     1     2        0  0.0000E+00  0.8239E-01  0.0000E+00  0.0000E+00
     1     5     1     1        0  0.1110E+01  0.1279E+01  0.0000E+00  0.0000E+00
     1     5     1     2        0  0.4257E-01  0.2498E+00  0.0000E+00  0.0000E+00
     1     6     1     1        0  0.1138E+01  0.1803E+01  0.0000E+00  0.0000E+00
     1     6     1     2        0  0.7388E-01  0.3708E+00  0.0000E+00  0.0000E+00
     1     7     1     1        0  0.4094E+00  0.1906E+01  0.0000E+00  0.0000E+00
     1     7     1     2        0  0.1800E-01  0.2441E+00  0.0000E+00  0.0000E+00
