
************************************************************

CalculiX Version 2.23, Copyright(C) 1998-2025 Guido Dhondt
CalculiX comes with ABSOLUTELY NO WARRANTY. This is free
software, and you are welcome to redistribute it under
certain conditions, see gpl.htm

************************************************************

You are using an executable made on Sun Oct 19 18:23:34 CEST 2025
 Decascading the MPC's

 Determining the structure of the matrix:
 Using up to 2 cpu(s) for setting up the structure of the matrix.
 number of equations
 562387
 number of nonzero lower triangular matrix elements
 18708935

 increment 1 attempt 1 
 increment size= 1.000000e-01
 sum of previous increments=0.000000e+00
 actual step time=1.000000e-01
 actual total time=1.000000e-01

 iteration 1

 Using up to 2 cpu(s) for the stress calculation.

 Using up to 2 cpu(s) for the symmetric stiffness/mass contributions.

 Factoring the system of equations using the symmetric spooles solver
 Using 1 cpu for spooles.

 Using up to 2 cpu(s) for the stress calculation.

 average force= 0.005288
 time avg. forc= 0.005288
 largest residual force= 0.070013 in node 91192 and dof 1
 largest increment of disp= 9.381289e-01
 largest correction to disp= 9.381289e-01 in node 114715 and dof 3

 no convergence

 iteration 2

 Using up to 2 cpu(s) for the symmetric stiffness/mass contributions.

 Factoring the system of equations using the symmetric spooles solver
 Using 1 cpu for spooles.

 Using up to 2 cpu(s) for the stress calculation.

 average force= 0.004753
 time avg. forc= 0.004753
 largest residual force= 0.344579 in node 111975 and dof 3
 largest increment of disp= 9.381289e-01
 largest correction to disp= 1.392746e-02 in node 23691 and dof 3

 no convergence

 iteration 3

 Using up to 2 cpu(s) for the symmetric stiffness/mass contributions.

 Factoring the system of equations using the symmetric spooles solver
 Using 1 cpu for spooles.

 Using up to 2 cpu(s) for the stress calculation.

 average force= 0.004906
 time avg. forc= 0.004906
 largest residual force= 0.544622 in node 21205 and dof 3
 largest increment of disp= 9.381289e-01
 largest correction to disp= 1.877644e-02 in node 113674 and dof 3

 no convergence

 iteration 4

 Using up to 2 cpu(s) for the symmetric stiffness/mass contributions.

 Factoring the system of equations using the symmetric spooles solver
 Using 1 cpu for spooles.

 Using up to 2 cpu(s) for the stress calculation.

 average force= 0.005059
 time avg. forc= 0.005059
 largest residual force= 0.463482 in node 21908 and dof 3
 largest increment of disp= 9.381289e-01
 largest correction to disp= 1.232912e-02 in node 25902 and dof 3

 no convergence

 iteration 5

 Using up to 2 cpu(s) for the symmetric stiffness/mass contributions.

 Factoring the system of equations using the symmetric spooles solver
 Using 1 cpu for spooles.

 Using up to 2 cpu(s) for the stress calculation.

 average force= 0.005245
 time avg. forc= 0.005245
 largest residual force= 0.529250 in node 1640 and dof 3
 largest increment of disp= 9.381289e-01
 largest correction to disp= 1.042217e-02 in node 106325 and dof 3

 no convergence

 iteration 6

 Using up to 2 cpu(s) for the symmetric stiffness/mass contributions.

 Factoring the system of equations using the symmetric spooles solver
 Using 1 cpu for spooles.

 Using up to 2 cpu(s) for the stress calculation.

 average force= 0.005543
 time avg. forc= 0.005543
 largest residual force= 0.250906 in node 1683 and dof 3
 largest increment of disp= 9.381289e-01
 largest correction to disp= 1.614684e-02 in node 1640 and dof 3

 no convergence

 iteration 7

 Using up to 2 cpu(s) for the symmetric stiffness/mass contributions.

 Factoring the system of equations using the symmetric spooles solver
 Using 1 cpu for spooles.

 Using up to 2 cpu(s) for the stress calculation.

 average force= 0.005607
 time avg. forc= 0.005607
 largest residual force= 0.000285 in node 1683 and dof 1
 largest increment of disp= 9.381289e-01
 largest correction to disp= 1.296928e-02 in node 7 and dof 3

 no convergence

 iteration 8

 Using up to 2 cpu(s) for the symmetric stiffness/mass contributions.

 Factoring the system of equations using the symmetric spooles solver
 Using 1 cpu for spooles.

 Using up to 2 cpu(s) for the stress calculation.

 average force= 0.005607
 time avg. forc= 0.005607
 largest residual force= 0.000000 in node 1683 and dof 3
 largest increment of disp= 9.381289e-01
 largest correction to disp= 1.122959e-06 in node 22 and dof 1

 convergence

 increment 2 attempt 1 
 increment size= 1.000000e-01
 sum of previous increments=1.000000e-01
 actual step time=2.000000e-01
 actual total time=2.000000e-01

 iteration 1

 Using up to 2 cpu(s) for the stress calculation.

 Using up to 2 cpu(s) for the symmetric stiffness/mass contributions.

 Factoring the system of equations using the symmetric spooles solver
 Using 1 cpu for spooles.

 Using up to 2 cpu(s) for the stress calculation.

 average force= 0.011222
 time avg. forc= 0.008415
 largest residual force= 0.000016 in node 94162 and dof 2
 largest increment of disp= 9.779647e-01
 largest correction to disp= 5.264504e-03 in node 23679 and dof 1

 no convergence

 iteration 2

 Using up to 2 cpu(s) for the symmetric stiffness/mass contributions.

 Factoring the system of equations using the symmetric spooles solver
 Using 1 cpu for spooles.

 Using up to 2 cpu(s) for the stress calculation.

 average force= 0.011222
 time avg. forc= 0.008414
 largest residual force= 0.000000 in node 109366 and dof 1
 largest increment of disp= 9.779647e-01
 largest correction to disp= 1.655702e-04 in node 19101 and dof 1

 convergence

 increment 3 attempt 1 
 increment size= 1.000000e-01
 sum of previous increments=2.000000e-01
 actual step time=3.000000e-01
 actual total time=3.000000e-01

 iteration 1

 Using up to 2 cpu(s) for the stress calculation.

 Using up to 2 cpu(s) for the symmetric stiffness/mass contributions.

 Factoring the system of equations using the symmetric spooles solver
 Using 1 cpu for spooles.

 Using up to 2 cpu(s) for the stress calculation.

 average force= 0.016846
 time avg. forc= 0.011225
 largest residual force= 0.000017 in node 94162 and dof 2
 largest increment of disp= 9.766191e-01
 largest correction to disp= 5.180650e-03 in node 19110 and dof 1

 no convergence

 iteration 2

 Using up to 2 cpu(s) for the symmetric stiffness/mass contributions.

 Factoring the system of equations using the symmetric spooles solver
 Using 1 cpu for spooles.

 Using up to 2 cpu(s) for the stress calculation.

 average force= 0.016846
 time avg. forc= 0.011225
 largest residual force= 0.000000 in node 109562 and dof 1
 largest increment of disp= 9.766191e-01
 largest correction to disp= 2.538501e-04 in node 113688 and dof 3

 convergence; the increment size is increased to 1.500000e-01

 increment 4 attempt 1 
 increment size= 1.500000e-01
 sum of previous increments=3.000000e-01
 actual step time=4.500000e-01
 actual total time=4.500000e-01

 iteration 1

 Using up to 2 cpu(s) for the stress calculation.

 Using up to 2 cpu(s) for the symmetric stiffness/mass contributions.

 Factoring the system of equations using the symmetric spooles solver
 Using 1 cpu for spooles.

 Using up to 2 cpu(s) for the stress calculation.

 average force= 0.025308
 time avg. forc= 0.014746
 largest residual force= 0.000061 in node 94162 and dof 2
 largest increment of disp= 1.460808e+00
 largest correction to disp= 1.054000e-02 in node 12106 and dof 3

 no convergence

 iteration 2

 Using up to 2 cpu(s) for the symmetric stiffness/mass contributions.

 Factoring the system of equations using the symmetric spooles solver
 Using 1 cpu for spooles.

 Using up to 2 cpu(s) for the stress calculation.

 average force= 0.025304
 time avg. forc= 0.014745
 largest residual force= 0.000000 in node 109556 and dof 1
 largest increment of disp= 1.460808e+00
 largest correction to disp= 1.203532e-03 in node 113759 and dof 3

 convergence; the increment size is increased to 2.250000e-01

 the increment size exceeds the maximum allowed and is decreased to 2.000000e-01

 increment 5 attempt 1 
 increment size= 2.000000e-01
 sum of previous increments=4.500000e-01
 actual step time=6.500000e-01
 actual total time=6.500000e-01

 iteration 1

 Using up to 2 cpu(s) for the stress calculation.

 Using up to 2 cpu(s) for the symmetric stiffness/mass contributions.

 Factoring the system of equations using the symmetric spooles solver
 Using 1 cpu for spooles.

 Using up to 2 cpu(s) for the stress calculation.

 average force= 0.036644
 time avg. forc= 0.019125
 largest residual force= 0.000212 in node 94162 and dof 2
 largest increment of disp= 1.937114e+00
 largest correction to disp= 2.477161e-02 in node 12106 and dof 3

 no convergence

 iteration 2

 Using up to 2 cpu(s) for the symmetric stiffness/mass contributions.

 Factoring the system of equations using the symmetric spooles solver
 Using 1 cpu for spooles.

 Using up to 2 cpu(s) for the stress calculation.

 average force= 0.036627
 time avg. forc= 0.019121
 largest residual force= 0.000008 in node 109557 and dof 1
 largest increment of disp= 1.937114e+00
 largest correction to disp= 4.838970e-03 in node 113759 and dof 3

 convergence; the increment size is increased to 3.000000e-01

 the increment size exceeds the maximum allowed and is decreased to 2.000000e-01

 increment 6 attempt 1 
 increment size= 2.000000e-01
 sum of previous increments=6.500000e-01
 actual step time=8.500000e-01
 actual total time=8.500000e-01

 iteration 1

 Using up to 2 cpu(s) for the stress calculation.

 Using up to 2 cpu(s) for the symmetric stiffness/mass contributions.

 Factoring the system of equations using the symmetric spooles solver
 Using 1 cpu for spooles.

 Using up to 2 cpu(s) for the stress calculation.

 average force= 0.048017
 time avg. forc= 0.023937
 largest residual force= 0.000272 in node 94160 and dof 2
 largest increment of disp= 1.916452e+00
 largest correction to disp= 3.455099e-02 in node 12106 and dof 3

 no convergence

 iteration 2

 Using up to 2 cpu(s) for the symmetric stiffness/mass contributions.

 Factoring the system of equations using the symmetric spooles solver
 Using 1 cpu for spooles.

 Using up to 2 cpu(s) for the stress calculation.

 average force= 0.047990
 time avg. forc= 0.023933
 largest residual force= 0.000018 in node 109557 and dof 1
 largest increment of disp= 1.916452e+00
 largest correction to disp= 7.106440e-03 in node 23843 and dof 3

 convergence; the increment size is increased to 3.000000e-01

 the increment size exceeds the maximum allowed and is decreased to 2.000000e-01

 the increment size exceeds the remainder of the step and is decreased to 1.500000e-01

 increment 7 attempt 1 
 increment size= 1.500000e-01
 sum of previous increments=8.500000e-01
 actual step time=1.000000e+00
 actual total time=1.000000e+00

 iteration 1

 Using up to 2 cpu(s) for the stress calculation.

 Using up to 2 cpu(s) for the symmetric stiffness/mass contributions.

 Factoring the system of equations using the symmetric spooles solver
 Using 1 cpu for spooles.

 Using up to 2 cpu(s) for the stress calculation.

 average force= 0.056538
 time avg. forc= 0.028591
 largest residual force= 0.000117 in node 94160 and dof 2
 largest increment of disp= 1.414991e+00
 largest correction to disp= 2.697639e-02 in node 12106 and dof 3

 no convergence

 iteration 2

 Using up to 2 cpu(s) for the symmetric stiffness/mass contributions.

 Factoring the system of equations using the symmetric spooles solver
 Using 1 cpu for spooles.

 Using up to 2 cpu(s) for the stress calculation.

 average force= 0.056525
 time avg. forc= 0.028589
 largest residual force= 0.000005 in node 109556 and dof 1
 largest increment of disp= 1.414991e+00
 largest correction to disp= 3.453956e-03 in node 23843 and dof 3

 convergence; the increment size is increased to 2.250000e-01

 the increment size exceeds the maximum allowed and is decreased to 2.000000e-01

 the increment size exceeds the remainder of the step and is decreased to 0.000000e+00

 Using up to 2 cpu(s) for the stress calculation.


  The numbers below are estimated upper bounds

  number of:

   nodes:       189720
   elements:        92710
   one-dimensional elements:            0
   two-dimensional elements:            0
   integration points per element:            4
   degrees of freedom per node:            3
   layers per element:            1

   distributed facial loads:            0
   distributed volumetric loads:            0
   concentrated loads:       187498
   single point constraints:         6773
   multiple point constraints:            1
   terms in all multiple point constraints:            1
   tie constraints:            0
   dependent nodes tied by cyclic constraints:            0
   dependent nodes in pre-tension constraints:            0

   sets:           18
   terms in all sets:       571262

   materials:            2
   constants per material and temperature:            9
   temperature points per material:            1
   plastic data points per material:            0

   orientations:            0
   amplitudes:            2
   data points in all amplitudes:            2
   print requests:            2
   transformations:            0
   property cards:            0


 STEP            1

 *INFO reading *STEP: nonlinear geometric
       effects are turned on

 *INFO: time control parameters set to:
        i0 =           12
        ir =           20
        ip =           99
        ic =           40
        il =           12
        ig =            4
        is =            0
        ia =           10
        ij =            0
        it =            0
        df =   0.25000000000000000     
        dc =   0.50000000000000000     
        db =   0.75000000000000000     
        da =   0.84999999999999998     
        ds =    0.0000000000000000     
        dh =    0.0000000000000000     
        dd =    1.5000000000000000     
        wg =    0.0000000000000000     
 Static analysis was selected

 Newton-Raphson iterative procedure is active

 Nonlinear geometric effects are taken into account


 Job finished

________________________________________

Total CalculiX Time: 305.897187
________________________________________
