SUMMARY OF C0NVERGENCE INFORMATION
  STEP   INC  ATT   ITER     CONT.   RESID.        CORR.      RESID.      CORR.
                              EL.    FORCE         DISP       FLUX        TEMP.
                              (#)     (%)           (%)        (%)         (%)
     1     1     1     1        0  0.1044E+04  0.1000E+03  0.0000E+00  0.0000E+00
     1     1     1     2        0  0.3651E+04  0.1078E+02  0.0000E+00  0.0000E+00
     1     1     1     3        0  0.4236E+01  0.6580E+01  0.0000E+00  0.0000E+00
     1     1     1     4        0  0.0000E+00  0.8632E-03  0.0000E+00  0.0000E+00
     1     2     1     1        0  0.0000E+00  0.8811E-01  0.0000E+00  0.0000E+00
     1     2     1     2        0  0.0000E+00  0.7895E-03  0.0000E+00  0.0000E+00
     1     3     1     1        0  0.2086E-01  0.1094E+00  0.0000E+00  0.0000E+00
     1     3     1     2        0  0.0000E+00  0.1852E-02  0.0000E+00  0.0000E+00
     1     4     1     1        0  0.5241E-01  0.1511E+00  0.0000E+00  0.0000E+00
     1     4     1     2        0  0.0000E+00  0.4826E-02  0.0000E+00  0.0000E+00
     1     5     1     1        0  0.5274E-01  0.1721E+00  0.0000E+00  0.0000E+00
     1     5     1     2        0  0.0000E+00  0.6352E-02  0.0000E+00  0.0000E+00
     1     6     1     1        0  0.4271E-01  0.1722E+00  0.0000E+00  0.0000E+00
     1     6     1     2        0  0.0000E+00  0.6436E-02  0.0000E+00  0.0000E+00
     1     7     1     1        0  0.0000E+00  0.1108E+00  0.0000E+00  0.0000E+00
     1     7     1     2        0  0.0000E+00  0.6528E-03  0.0000E+00  0.0000E+00
