
************************************************************

CalculiX Version 2.23, Copyright(C) 1998-2025 Guido Dhondt
CalculiX comes with ABSOLUTELY NO WARRANTY. This is free
software, and you are welcome to redistribute it under
certain conditions, see gpl.htm

************************************************************

You are using an executable made on Sun Oct 19 18:23:34 CEST 2025
 Decascading the MPC's

 Determining the structure of the matrix:
 Using up to 2 cpu(s) for setting up the structure of the matrix.
 number of equations
 547501
 number of nonzero lower triangular matrix elements
 19014395

 increment 1 attempt 1 
 increment size= 1.000000e-01
 sum of previous increments=0.000000e+00
 actual step time=1.000000e-01
 actual total time=1.000000e-01

 iteration 1

 Using up to 2 cpu(s) for the stress calculation.

 Using up to 2 cpu(s) for the symmetric stiffness/mass contributions.

 Factoring the system of equations using the symmetric spooles solver
 Using 1 cpu for spooles.

 Using up to 2 cpu(s) for the stress calculation.

 average force= 0.002232
 time avg. forc= 0.002232
 largest residual force= 0.023306 in node 77030 and dof 2
 largest increment of disp= 2.032169e-01
 largest correction to disp= 2.032169e-01 in node 72799 and dof 3

 no convergence

 iteration 2

 Using up to 2 cpu(s) for the symmetric stiffness/mass contributions.

 Factoring the system of equations using the symmetric spooles solver
 Using 1 cpu for spooles.

 Using up to 2 cpu(s) for the stress calculation.

 average force= 0.002729
 time avg. forc= 0.002729
 largest residual force= 0.099634 in node 10755 and dof 3
 largest increment of disp= 2.032169e-01
 largest correction to disp= 2.190250e-02 in node 2245 and dof 3

 no convergence

 iteration 3

 Using up to 2 cpu(s) for the symmetric stiffness/mass contributions.

 Factoring the system of equations using the symmetric spooles solver
 Using 1 cpu for spooles.

 Using up to 2 cpu(s) for the stress calculation.

 average force= 0.002796
 time avg. forc= 0.002796
 largest residual force= 0.000118 in node 78629 and dof 2
 largest increment of disp= 2.032169e-01
 largest correction to disp= 1.337137e-02 in node 2464 and dof 3

 no convergence

 iteration 4

 Using up to 2 cpu(s) for the symmetric stiffness/mass contributions.

 Factoring the system of equations using the symmetric spooles solver
 Using 1 cpu for spooles.

 Using up to 2 cpu(s) for the stress calculation.

 average force= 0.002796
 time avg. forc= 0.002796
 largest residual force= 0.000000 in node 10755 and dof 3
 largest increment of disp= 2.032169e-01
 largest correction to disp= 1.754090e-06 in node 3 and dof 1

 convergence

 increment 2 attempt 1 
 increment size= 1.000000e-01
 sum of previous increments=1.000000e-01
 actual step time=2.000000e-01
 actual total time=2.000000e-01

 iteration 1

 Using up to 2 cpu(s) for the stress calculation.

 Using up to 2 cpu(s) for the symmetric stiffness/mass contributions.

 Factoring the system of equations using the symmetric spooles solver
 Using 1 cpu for spooles.

 Using up to 2 cpu(s) for the stress calculation.

 average force= 0.005593
 time avg. forc= 0.004195
 largest residual force= 0.000000 in node 76877 and dof 1
 largest increment of disp= 2.085493e-01
 largest correction to disp= 1.837584e-04 in node 8043 and dof 2

 no convergence

 iteration 2

 Using up to 2 cpu(s) for the symmetric stiffness/mass contributions.

 Factoring the system of equations using the symmetric spooles solver
 Using 1 cpu for spooles.

 Using up to 2 cpu(s) for the stress calculation.

 average force= 0.005593
 time avg. forc= 0.004195
 largest residual force= 0.000000 in node 73498 and dof 2
 largest increment of disp= 2.085493e-01
 largest correction to disp= 1.646483e-06 in node 7080 and dof 2

 convergence; the increment size is increased to 1.500000e-01

 increment 3 attempt 1 
 increment size= 1.500000e-01
 sum of previous increments=2.000000e-01
 actual step time=3.500000e-01
 actual total time=3.500000e-01

 iteration 1

 Using up to 2 cpu(s) for the stress calculation.

 Using up to 2 cpu(s) for the symmetric stiffness/mass contributions.

 Factoring the system of equations using the symmetric spooles solver
 Using 1 cpu for spooles.

 Using up to 2 cpu(s) for the stress calculation.

 average force= 0.009788
 time avg. forc= 0.006059
 largest residual force= 0.000001 in node 76877 and dof 1
 largest increment of disp= 3.129249e-01
 largest correction to disp= 3.422077e-04 in node 8043 and dof 2

 no convergence

 iteration 2

 Using up to 2 cpu(s) for the symmetric stiffness/mass contributions.

 Factoring the system of equations using the symmetric spooles solver
 Using 1 cpu for spooles.

 Using up to 2 cpu(s) for the stress calculation.

 average force= 0.009788
 time avg. forc= 0.006059
 largest residual force= 0.000000 in node 73498 and dof 2
 largest increment of disp= 3.129249e-01
 largest correction to disp= 5.794234e-06 in node 7080 and dof 2

 convergence; the increment size is increased to 2.250000e-01

 the increment size exceeds the maximum allowed and is decreased to 2.000000e-01

 increment 4 attempt 1 
 increment size= 2.000000e-01
 sum of previous increments=3.500000e-01
 actual step time=5.500000e-01
 actual total time=5.500000e-01

 iteration 1

 Using up to 2 cpu(s) for the stress calculation.

 Using up to 2 cpu(s) for the symmetric stiffness/mass contributions.

 Factoring the system of equations using the symmetric spooles solver
 Using 1 cpu for spooles.

 Using up to 2 cpu(s) for the stress calculation.

 average force= 0.015384
 time avg. forc= 0.008390
 largest residual force= 0.000004 in node 76877 and dof 1
 largest increment of disp= 4.174112e-01
 largest correction to disp= 6.309052e-04 in node 8043 and dof 2

 no convergence

 iteration 2

 Using up to 2 cpu(s) for the symmetric stiffness/mass contributions.

 Factoring the system of equations using the symmetric spooles solver
 Using 1 cpu for spooles.

 Using up to 2 cpu(s) for the stress calculation.

 average force= 0.015384
 time avg. forc= 0.008390
 largest residual force= 0.000000 in node 73498 and dof 2
 largest increment of disp= 4.174112e-01
 largest correction to disp= 2.014361e-05 in node 7080 and dof 2

 convergence; the increment size is increased to 3.000000e-01

 the increment size exceeds the maximum allowed and is decreased to 2.000000e-01

 increment 5 attempt 1 
 increment size= 2.000000e-01
 sum of previous increments=5.500000e-01
 actual step time=7.500000e-01
 actual total time=7.500000e-01

 iteration 1

 Using up to 2 cpu(s) for the stress calculation.

 Using up to 2 cpu(s) for the symmetric stiffness/mass contributions.

 Factoring the system of equations using the symmetric spooles solver
 Using 1 cpu for spooles.

 Using up to 2 cpu(s) for the stress calculation.

 average force= 0.020981
 time avg. forc= 0.010908
 largest residual force= 0.000006 in node 76877 and dof 1
 largest increment of disp= 4.176793e-01
 largest correction to disp= 7.187629e-04 in node 8043 and dof 2

 no convergence

 iteration 2

 Using up to 2 cpu(s) for the symmetric stiffness/mass contributions.

 Factoring the system of equations using the symmetric spooles solver
 Using 1 cpu for spooles.

 Using up to 2 cpu(s) for the stress calculation.

 average force= 0.020981
 time avg. forc= 0.010908
 largest residual force= 0.000000 in node 73498 and dof 2
 largest increment of disp= 4.176793e-01
 largest correction to disp= 2.653094e-05 in node 7080 and dof 2

 convergence; the increment size is increased to 3.000000e-01

 the increment size exceeds the maximum allowed and is decreased to 2.000000e-01

 increment 6 attempt 1 
 increment size= 2.000000e-01
 sum of previous increments=7.500000e-01
 actual step time=9.500000e-01
 actual total time=9.500000e-01

 iteration 1

 Using up to 2 cpu(s) for the stress calculation.

 Using up to 2 cpu(s) for the symmetric stiffness/mass contributions.

 Factoring the system of equations using the symmetric spooles solver
 Using 1 cpu for spooles.

 Using up to 2 cpu(s) for the stress calculation.

 average force= 0.026580
 time avg. forc= 0.013520
 largest residual force= 0.000006 in node 76877 and dof 1
 largest increment of disp= 4.180079e-01
 largest correction to disp= 7.196023e-04 in node 8043 and dof 2

 no convergence

 iteration 2

 Using up to 2 cpu(s) for the symmetric stiffness/mass contributions.

 Factoring the system of equations using the symmetric spooles solver
 Using 1 cpu for spooles.

 Using up to 2 cpu(s) for the stress calculation.

 average force= 0.026580
 time avg. forc= 0.013520
 largest residual force= 0.000000 in node 73498 and dof 2
 largest increment of disp= 4.180079e-01
 largest correction to disp= 2.690474e-05 in node 7587 and dof 2

 convergence; the increment size is increased to 3.000000e-01

 the increment size exceeds the maximum allowed and is decreased to 2.000000e-01

 the increment size exceeds the remainder of the step and is decreased to 5.000000e-02

 increment 7 attempt 1 
 increment size= 5.000000e-02
 sum of previous increments=9.500000e-01
 actual step time=1.000000e+00
 actual total time=1.000000e+00

 iteration 1

 Using up to 2 cpu(s) for the stress calculation.

 Using up to 2 cpu(s) for the symmetric stiffness/mass contributions.

 Factoring the system of equations using the symmetric spooles solver
 Using 1 cpu for spooles.

 Using up to 2 cpu(s) for the stress calculation.

 average force= 0.027980
 time avg. forc= 0.015586
 largest residual force= 0.000000 in node 76877 and dof 1
 largest increment of disp= 1.045899e-01
 largest correction to disp= 1.159034e-04 in node 6596 and dof 2

 no convergence

 iteration 2

 Using up to 2 cpu(s) for the symmetric stiffness/mass contributions.

 Factoring the system of equations using the symmetric spooles solver
 Using 1 cpu for spooles.

 Using up to 2 cpu(s) for the stress calculation.

 average force= 0.027980
 time avg. forc= 0.015586
 largest residual force= 0.000000 in node 32512 and dof 1
 largest increment of disp= 1.045899e-01
 largest correction to disp= 6.827553e-07 in node 7568 and dof 2

 convergence; the increment size is increased to 7.500000e-02

 the increment size exceeds the remainder of the step and is decreased to 0.000000e+00

 Using up to 2 cpu(s) for the stress calculation.


  The numbers below are estimated upper bounds

  number of:

   nodes:       184794
   elements:        97891
   one-dimensional elements:            0
   two-dimensional elements:            0
   integration points per element:            4
   degrees of freedom per node:            3
   layers per element:            1

   distributed facial loads:            0
   distributed volumetric loads:            0
   concentrated loads:       182536
   single point constraints:         6881
   multiple point constraints:            1
   terms in all multiple point constraints:            1
   tie constraints:            0
   dependent nodes tied by cyclic constraints:            0
   dependent nodes in pre-tension constraints:            0

   sets:           18
   terms in all sets:       571772

   materials:            2
   constants per material and temperature:            9
   temperature points per material:            1
   plastic data points per material:            0

   orientations:            0
   amplitudes:            2
   data points in all amplitudes:            2
   print requests:            2
   transformations:            0
   property cards:            0


 STEP            1

 *INFO reading *STEP: nonlinear geometric
       effects are turned on

 *INFO: time control parameters set to:
        i0 =           12
        ir =           20
        ip =           99
        ic =           40
        il =           12
        ig =            4
        is =            0
        ia =           10
        ij =            0
        it =            0
        df =   0.25000000000000000     
        dc =   0.50000000000000000     
        db =   0.75000000000000000     
        da =   0.84999999999999998     
        ds =    0.0000000000000000     
        dh =    0.0000000000000000     
        dd =    1.5000000000000000     
        wg =    0.0000000000000000     
 Static analysis was selected

 Newton-Raphson iterative procedure is active

 Nonlinear geometric effects are taken into account


 Job finished

________________________________________

Total CalculiX Time: 340.417016
________________________________________
