SUMMARY OF C0NVERGENCE INFORMATION
  STEP   INC  ATT   ITER     CONT.   RESID.        CORR.      RESID.      CORR.
                              EL.    FORCE         DISP       FLUX        TEMP.
                              (#)     (%)           (%)        (%)         (%)
     1     1     1     1        0  0.1538E+05  0.1000E+03  0.0000E+00  0.0000E+00
     1     1     1     2        0  0.3815E+05  0.6669E+02  0.0000E+00  0.0000E+00
     1     1     1     3        0  0.2914E+05  0.6846E+02  0.0000E+00  0.0000E+00
     1     1     1     4        0  0.2530E+05  0.3181E+02  0.0000E+00  0.0000E+00
     1     1     1     5        0  0.4981E+05  0.4805E+02  0.0000E+00  0.0000E+00
     1     1     1     6        0  0.2513E+04  0.1000E+03  0.0000E+00  0.0000E+00
     1     1     1     7        0  0.7198E+03  0.7204E+00  0.0000E+00  0.0000E+00
     1     1     1     8        0  0.6534E+02  0.6576E-01  0.0000E+00  0.0000E+00
     1     1     1     9        0  0.0000E+00  0.3994E-02  0.0000E+00  0.0000E+00
     1     2     1     1        0  0.0000E+00  0.9042E-01  0.0000E+00  0.0000E+00
     1     2     1     2        0  0.0000E+00  0.9996E-04  0.0000E+00  0.0000E+00
     1     3     1     1        0  0.0000E+00  0.9021E-01  0.0000E+00  0.0000E+00
     1     3     1     2        0  0.0000E+00  0.9887E-04  0.0000E+00  0.0000E+00
     1     4     1     1        0  0.0000E+00  0.1124E+00  0.0000E+00  0.0000E+00
     1     4     1     2        0  0.0000E+00  0.2253E-03  0.0000E+00  0.0000E+00
     1     5     1     1        0  0.0000E+00  0.1567E+00  0.0000E+00  0.0000E+00
     1     5     1     2        0  0.0000E+00  0.5630E-03  0.0000E+00  0.0000E+00
     1     6     1     1        0  0.0000E+00  0.1783E+00  0.0000E+00  0.0000E+00
     1     6     1     2        0  0.0000E+00  0.7139E-03  0.0000E+00  0.0000E+00
     1     7     1     1        0  0.0000E+00  0.1555E+00  0.0000E+00  0.0000E+00
     1     7     1     2        0  0.0000E+00  0.4110E-03  0.0000E+00  0.0000E+00
