SUMMARY OF C0NVERGENCE INFORMATION
  STEP   INC  ATT   ITER     CONT.   RESID.        CORR.      RESID.      CORR.
                              EL.    FORCE         DISP       FLUX        TEMP.
                              (#)     (%)           (%)        (%)         (%)
     1     1     1     1        0  0.1091E+05  0.1000E+03  0.0000E+00  0.0000E+00
     1     1     1     2        0  0.4448E+05  0.4518E+02  0.0000E+00  0.0000E+00
     1     1     1     3        0  0.3111E+05  0.8803E+02  0.0000E+00  0.0000E+00
     1     1     1     4        0  0.5316E+04  0.5927E+02  0.0000E+00  0.0000E+00
     1     1     1     5        0  0.2668E+04  0.1000E+03  0.0000E+00  0.0000E+00
     1     1     1     6        0  0.2316E+00  0.6315E+00  0.0000E+00  0.0000E+00
     1     2     1     1        0  0.1777E-01  0.2311E+00  0.0000E+00  0.0000E+00
     1     2     1     2        0  0.0000E+00  0.5076E-02  0.0000E+00  0.0000E+00
     1     3     1     1        0  0.1334E-01  0.2294E+00  0.0000E+00  0.0000E+00
     1     3     1     2        0  0.0000E+00  0.2302E-02  0.0000E+00  0.0000E+00
     1     4     1     1        0  0.3580E-01  0.2897E+00  0.0000E+00  0.0000E+00
     1     4     1     2        0  0.0000E+00  0.4599E-02  0.0000E+00  0.0000E+00
     1     5     1     1        0  0.9524E-01  0.4081E+00  0.0000E+00  0.0000E+00
     1     5     1     2        0  0.0000E+00  0.1202E-01  0.0000E+00  0.0000E+00
     1     6     1     1        0  0.1002E+00  0.4646E+00  0.0000E+00  0.0000E+00
     1     6     1     2        0  0.0000E+00  0.1587E-01  0.0000E+00  0.0000E+00
     1     7     1     1        0  0.3747E-01  0.4001E+00  0.0000E+00  0.0000E+00
     1     7     1     2        0  0.0000E+00  0.9361E-02  0.0000E+00  0.0000E+00
