SUMMARY OF C0NVERGENCE INFORMATION
  STEP   INC  ATT   ITER     CONT.   RESID.        CORR.      RESID.      CORR.
                              EL.    FORCE         DISP       FLUX        TEMP.
                              (#)     (%)           (%)        (%)         (%)
     1     1     1     1        0  0.1406E+05  0.1000E+03  0.0000E+00  0.0000E+00
     1     1     1     2        0  0.2715E+05  0.6453E+02  0.0000E+00  0.0000E+00
     1     1     1     3        0  0.3289E+05  0.5011E+02  0.0000E+00  0.0000E+00
     1     1     1     4        0  0.1094E+06  0.1000E+03  0.0000E+00  0.0000E+00
     1     1     1     5        0  0.1002E+04  0.1000E+03  0.0000E+00  0.0000E+00
     1     1     1     6        0  0.5404E+03  0.3845E+00  0.0000E+00  0.0000E+00
     1     1     1     7        0  0.1503E+03  0.1442E+00  0.0000E+00  0.0000E+00
     1     1     1     8        0  0.0000E+00  0.1220E-01  0.0000E+00  0.0000E+00
     1     2     1     1        0  0.0000E+00  0.6266E-01  0.0000E+00  0.0000E+00
     1     2     1     2        0  0.0000E+00  0.1986E-04  0.0000E+00  0.0000E+00
     1     3     1     1        0  0.0000E+00  0.6264E-01  0.0000E+00  0.0000E+00
     1     3     1     2        0  0.0000E+00  0.1978E-04  0.0000E+00  0.0000E+00
     1     4     1     1        0  0.0000E+00  0.7825E-01  0.0000E+00  0.0000E+00
     1     4     1     2        0  0.0000E+00  0.4608E-04  0.0000E+00  0.0000E+00
     1     5     1     1        0  0.0000E+00  0.1095E+00  0.0000E+00  0.0000E+00
     1     5     1     2        0  0.0000E+00  0.1194E-03  0.0000E+00  0.0000E+00
     1     6     1     1        0  0.0000E+00  0.1250E+00  0.0000E+00  0.0000E+00
     1     6     1     2        0  0.0000E+00  0.1546E-03  0.0000E+00  0.0000E+00
     1     7     1     1        0  0.0000E+00  0.1093E+00  0.0000E+00  0.0000E+00
     1     7     1     2        0  0.0000E+00  0.8838E-04  0.0000E+00  0.0000E+00
