SUMMARY OF C0NVERGENCE INFORMATION
  STEP   INC  ATT   ITER     CONT.   RESID.        CORR.      RESID.      CORR.
                              EL.    FORCE         DISP       FLUX        TEMP.
                              (#)     (%)           (%)        (%)         (%)
     1     1     1     1        0  0.1901E+05  0.1000E+03  0.0000E+00  0.0000E+00
     1     1     1     2        0  0.3810E+05  0.7844E+02  0.0000E+00  0.0000E+00
     1     1     1     3        0  0.3395E+05  0.5565E+02  0.0000E+00  0.0000E+00
     1     1     1     4        0  0.6170E+05  0.8054E+02  0.0000E+00  0.0000E+00
     1     1     1     5        0  0.2602E+04  0.1000E+03  0.0000E+00  0.0000E+00
     1     1     1     6        0  0.9492E+03  0.5281E+00  0.0000E+00  0.0000E+00
     1     1     1     7        0  0.1272E+03  0.1324E+00  0.0000E+00  0.0000E+00
     1     1     1     8        0  0.0000E+00  0.7956E-02  0.0000E+00  0.0000E+00
     1     2     1     1        0  0.0000E+00  0.3944E-01  0.0000E+00  0.0000E+00
     1     2     1     2        0  0.0000E+00  0.1789E-04  0.0000E+00  0.0000E+00
     1     3     1     1        0  0.0000E+00  0.3945E-01  0.0000E+00  0.0000E+00
     1     3     1     2        0  0.0000E+00  0.1786E-04  0.0000E+00  0.0000E+00
     1     4     1     1        0  0.0000E+00  0.4933E-01  0.0000E+00  0.0000E+00
     1     4     1     2        0  0.0000E+00  0.4168E-04  0.0000E+00  0.0000E+00
     1     5     1     1        0  0.0000E+00  0.6908E-01  0.0000E+00  0.0000E+00
     1     5     1     2        0  0.0000E+00  0.1082E-03  0.0000E+00  0.0000E+00
     1     6     1     1        0  0.0000E+00  0.7900E-01  0.0000E+00  0.0000E+00
     1     6     1     2        0  0.0000E+00  0.1407E-03  0.0000E+00  0.0000E+00
     1     7     1     1        0  0.0000E+00  0.6918E-01  0.0000E+00  0.0000E+00
     1     7     1     2        0  0.0000E+00  0.8078E-04  0.0000E+00  0.0000E+00
