
************************************************************

CalculiX Version 2.23, Copyright(C) 1998-2025 Guido Dhondt
CalculiX comes with ABSOLUTELY NO WARRANTY. This is free
software, and you are welcome to redistribute it under
certain conditions, see gpl.htm

************************************************************

You are using an executable made on Sun Oct 19 18:23:34 CEST 2025
 Decascading the MPC's

 Determining the structure of the matrix:
 Using up to 2 cpu(s) for setting up the structure of the matrix.
 number of equations
 544327
 number of nonzero lower triangular matrix elements
 18947132

 increment 1 attempt 1 
 increment size= 1.000000e-01
 sum of previous increments=0.000000e+00
 actual step time=1.000000e-01
 actual total time=1.000000e-01

 iteration 1

 Using up to 2 cpu(s) for the stress calculation.

 Using up to 2 cpu(s) for the symmetric stiffness/mass contributions.

 Factoring the system of equations using the symmetric spooles solver
 Using 1 cpu for spooles.

 Using up to 2 cpu(s) for the stress calculation.

 average force= 0.000979
 time avg. forc= 0.000979
 largest residual force= 0.186221 in node 80388 and dof 3
 largest increment of disp= 1.320979e-02
 largest correction to disp= 1.320979e-02 in node 36 and dof 3

 no convergence

 iteration 2

 Using up to 2 cpu(s) for the symmetric stiffness/mass contributions.

 Factoring the system of equations using the symmetric spooles solver
 Using 1 cpu for spooles.

 Using up to 2 cpu(s) for the stress calculation.

 average force= 0.001517
 time avg. forc= 0.001517
 largest residual force= 0.578174 in node 80518 and dof 3
 largest increment of disp= 1.320979e-02
 largest correction to disp= 1.036150e-02 in node 2317 and dof 3

 no convergence

 iteration 3

 Using up to 2 cpu(s) for the symmetric stiffness/mass contributions.

 Factoring the system of equations using the symmetric spooles solver
 Using 1 cpu for spooles.

 Using up to 2 cpu(s) for the stress calculation.

 average force= 0.001834
 time avg. forc= 0.001834
 largest residual force= 0.622637 in node 80478 and dof 3
 largest increment of disp= 1.320979e-02
 largest correction to disp= 7.351572e-03 in node 2317 and dof 3

 no convergence

 iteration 4

 Using up to 2 cpu(s) for the symmetric stiffness/mass contributions.

 Factoring the system of equations using the symmetric spooles solver
 Using 1 cpu for spooles.

 Using up to 2 cpu(s) for the stress calculation.

 average force= 0.002066
 time avg. forc= 0.002066
 largest residual force= 1.274514 in node 11451 and dof 3
 largest increment of disp= 1.320979e-02
 largest correction to disp= 1.063970e-02 in node 48 and dof 3

 no convergence

 iteration 5

 Using up to 2 cpu(s) for the symmetric stiffness/mass contributions.

 Factoring the system of equations using the symmetric spooles solver
 Using 1 cpu for spooles.

 Using up to 2 cpu(s) for the stress calculation.

 average force= 0.003255
 time avg. forc= 0.003255
 largest residual force= 0.084696 in node 80175 and dof 3
 largest increment of disp= 5.813120e-02
 largest correction to disp= 5.813120e-02 in node 6408 and dof 3

 no convergence

 iteration 6

 Using up to 2 cpu(s) for the symmetric stiffness/mass contributions.

 Factoring the system of equations using the symmetric spooles solver
 Using 1 cpu for spooles.

 Using up to 2 cpu(s) for the stress calculation.

 average force= 0.003258
 time avg. forc= 0.003258
 largest residual force= 0.030921 in node 470 and dof 3
 largest increment of disp= 5.813120e-02
 largest correction to disp= 3.069681e-04 in node 534 and dof 3

 no convergence

 iteration 7

 Using up to 2 cpu(s) for the symmetric stiffness/mass contributions.

 Factoring the system of equations using the symmetric spooles solver
 Using 1 cpu for spooles.

 Using up to 2 cpu(s) for the stress calculation.

 average force= 0.003259
 time avg. forc= 0.003259
 largest residual force= 0.004147 in node 80307 and dof 3
 largest increment of disp= 5.813120e-02
 largest correction to disp= 7.696974e-05 in node 470 and dof 3

 no convergence

 iteration 8

 Using up to 2 cpu(s) for the symmetric stiffness/mass contributions.

 Factoring the system of equations using the symmetric spooles solver
 Using 1 cpu for spooles.

 Using up to 2 cpu(s) for the stress calculation.

 average force= 0.003259
 time avg. forc= 0.003259
 largest residual force= 0.000000 in node 80307 and dof 3
 largest increment of disp= 5.813120e-02
 largest correction to disp= 4.625054e-06 in node 70959 and dof 3

 convergence

 increment 2 attempt 1 
 increment size= 1.000000e-01
 sum of previous increments=1.000000e-01
 actual step time=2.000000e-01
 actual total time=2.000000e-01

 iteration 1

 Using up to 2 cpu(s) for the stress calculation.

 Using up to 2 cpu(s) for the symmetric stiffness/mass contributions.

 Factoring the system of equations using the symmetric spooles solver
 Using 1 cpu for spooles.

 Using up to 2 cpu(s) for the stress calculation.

 average force= 0.006519
 time avg. forc= 0.004889
 largest residual force= 0.000000 in node 25887 and dof 1
 largest increment of disp= 9.561596e-02
 largest correction to disp= 3.770864e-05 in node 44 and dof 1

 no convergence

 iteration 2

 Using up to 2 cpu(s) for the symmetric stiffness/mass contributions.

 Factoring the system of equations using the symmetric spooles solver
 Using 1 cpu for spooles.

 Using up to 2 cpu(s) for the stress calculation.

 average force= 0.006519
 time avg. forc= 0.004889
 largest residual force= 0.000000 in node 147700 and dof 3
 largest increment of disp= 9.561596e-02
 largest correction to disp= 1.710623e-08 in node 6576 and dof 3

 convergence

 increment 3 attempt 1 
 increment size= 1.000000e-01
 sum of previous increments=2.000000e-01
 actual step time=3.000000e-01
 actual total time=3.000000e-01

 iteration 1

 Using up to 2 cpu(s) for the stress calculation.

 Using up to 2 cpu(s) for the symmetric stiffness/mass contributions.

 Factoring the system of equations using the symmetric spooles solver
 Using 1 cpu for spooles.

 Using up to 2 cpu(s) for the stress calculation.

 average force= 0.009779
 time avg. forc= 0.006519
 largest residual force= 0.000000 in node 25887 and dof 1
 largest increment of disp= 9.561182e-02
 largest correction to disp= 3.772175e-05 in node 44 and dof 1

 no convergence

 iteration 2

 Using up to 2 cpu(s) for the symmetric stiffness/mass contributions.

 Factoring the system of equations using the symmetric spooles solver
 Using 1 cpu for spooles.

 Using up to 2 cpu(s) for the stress calculation.

 average force= 0.009779
 time avg. forc= 0.006519
 largest residual force= 0.000000 in node 132593 and dof 3
 largest increment of disp= 9.561182e-02
 largest correction to disp= 1.707298e-08 in node 6576 and dof 3

 convergence; the increment size is increased to 1.500000e-01

 increment 4 attempt 1 
 increment size= 1.500000e-01
 sum of previous increments=3.000000e-01
 actual step time=4.500000e-01
 actual total time=4.500000e-01

 iteration 1

 Using up to 2 cpu(s) for the stress calculation.

 Using up to 2 cpu(s) for the symmetric stiffness/mass contributions.

 Factoring the system of equations using the symmetric spooles solver
 Using 1 cpu for spooles.

 Using up to 2 cpu(s) for the stress calculation.

 average force= 0.014669
 time avg. forc= 0.008556
 largest residual force= 0.000000 in node 25887 and dof 1
 largest increment of disp= 1.434114e-01
 largest correction to disp= 7.074640e-05 in node 44 and dof 1

 no convergence

 iteration 2

 Using up to 2 cpu(s) for the symmetric stiffness/mass contributions.

 Factoring the system of equations using the symmetric spooles solver
 Using 1 cpu for spooles.

 Using up to 2 cpu(s) for the stress calculation.

 average force= 0.014669
 time avg. forc= 0.008556
 largest residual force= 0.000000 in node 147625 and dof 3
 largest increment of disp= 1.434114e-01
 largest correction to disp= 5.977490e-08 in node 6576 and dof 3

 convergence; the increment size is increased to 2.250000e-01

 the increment size exceeds the maximum allowed and is decreased to 2.000000e-01

 increment 5 attempt 1 
 increment size= 2.000000e-01
 sum of previous increments=4.500000e-01
 actual step time=6.500000e-01
 actual total time=6.500000e-01

 iteration 1

 Using up to 2 cpu(s) for the stress calculation.

 Using up to 2 cpu(s) for the symmetric stiffness/mass contributions.

 Factoring the system of equations using the symmetric spooles solver
 Using 1 cpu for spooles.

 Using up to 2 cpu(s) for the stress calculation.

 average force= 0.021190
 time avg. forc= 0.011083
 largest residual force= 0.000000 in node 25887 and dof 1
 largest increment of disp= 1.912044e-01
 largest correction to disp= 1.320903e-04 in node 44 and dof 1

 no convergence

 iteration 2

 Using up to 2 cpu(s) for the symmetric stiffness/mass contributions.

 Factoring the system of equations using the symmetric spooles solver
 Using 1 cpu for spooles.

 Using up to 2 cpu(s) for the stress calculation.

 average force= 0.021190
 time avg. forc= 0.011083
 largest residual force= 0.000000 in node 111050 and dof 3
 largest increment of disp= 1.912044e-01
 largest correction to disp= 2.069205e-07 in node 6576 and dof 3

 convergence; the increment size is increased to 3.000000e-01

 the increment size exceeds the maximum allowed and is decreased to 2.000000e-01

 increment 6 attempt 1 
 increment size= 2.000000e-01
 sum of previous increments=6.500000e-01
 actual step time=8.500000e-01
 actual total time=8.500000e-01

 iteration 1

 Using up to 2 cpu(s) for the stress calculation.

 Using up to 2 cpu(s) for the symmetric stiffness/mass contributions.

 Factoring the system of equations using the symmetric spooles solver
 Using 1 cpu for spooles.

 Using up to 2 cpu(s) for the stress calculation.

 average force= 0.027712
 time avg. forc= 0.013855
 largest residual force= 0.000000 in node 25887 and dof 1
 largest increment of disp= 1.911887e-01
 largest correction to disp= 1.510345e-04 in node 44 and dof 1

 no convergence

 iteration 2

 Using up to 2 cpu(s) for the symmetric stiffness/mass contributions.

 Factoring the system of equations using the symmetric spooles solver
 Using 1 cpu for spooles.

 Using up to 2 cpu(s) for the stress calculation.

 average force= 0.027712
 time avg. forc= 0.013855
 largest residual force= 0.000000 in node 5818 and dof 3
 largest increment of disp= 1.911887e-01
 largest correction to disp= 2.690071e-07 in node 8266 and dof 3

 convergence; the increment size is increased to 3.000000e-01

 the increment size exceeds the maximum allowed and is decreased to 2.000000e-01

 the increment size exceeds the remainder of the step and is decreased to 1.500000e-01

 increment 7 attempt 1 
 increment size= 1.500000e-01
 sum of previous increments=8.500000e-01
 actual step time=1.000000e+00
 actual total time=1.000000e+00

 iteration 1

 Using up to 2 cpu(s) for the stress calculation.

 Using up to 2 cpu(s) for the symmetric stiffness/mass contributions.

 Factoring the system of equations using the symmetric spooles solver
 Using 1 cpu for spooles.

 Using up to 2 cpu(s) for the stress calculation.

 average force= 0.032605
 time avg. forc= 0.016533
 largest residual force= 0.000000 in node 25887 and dof 1
 largest increment of disp= 1.433791e-01
 largest correction to disp= 9.919277e-05 in node 44 and dof 1

 no convergence

 iteration 2

 Using up to 2 cpu(s) for the symmetric stiffness/mass contributions.

 Factoring the system of equations using the symmetric spooles solver
 Using 1 cpu for spooles.

 Using up to 2 cpu(s) for the stress calculation.

 average force= 0.032605
 time avg. forc= 0.016533
 largest residual force= 0.000000 in node 130047 and dof 3
 largest increment of disp= 1.433791e-01
 largest correction to disp= 1.158153e-07 in node 8266 and dof 3

 convergence; the increment size is increased to 2.250000e-01

 the increment size exceeds the maximum allowed and is decreased to 2.000000e-01

 the increment size exceeds the remainder of the step and is decreased to 0.000000e+00

 Using up to 2 cpu(s) for the stress calculation.


  The numbers below are estimated upper bounds

  number of:

   nodes:       183706
   elements:        97767
   one-dimensional elements:            0
   two-dimensional elements:            0
   integration points per element:            4
   degrees of freedom per node:            3
   layers per element:            1

   distributed facial loads:            0
   distributed volumetric loads:            0
   concentrated loads:            7
   single point constraints:         6791
   multiple point constraints:            1
   terms in all multiple point constraints:            1
   tie constraints:            0
   dependent nodes tied by cyclic constraints:            0
   dependent nodes in pre-tension constraints:            0

   sets:           18
   terms in all sets:       569296

   materials:            2
   constants per material and temperature:            9
   temperature points per material:            1
   plastic data points per material:            0

   orientations:            0
   amplitudes:            2
   data points in all amplitudes:            2
   print requests:            2
   transformations:            0
   property cards:            0


 STEP            1

 *INFO reading *STEP: nonlinear geometric
       effects are turned on

 *INFO: time control parameters set to:
        i0 =           12
        ir =           20
        ip =           99
        ic =           40
        il =           12
        ig =            4
        is =            0
        ia =           10
        ij =            0
        it =            0
        df =   0.25000000000000000     
        dc =   0.50000000000000000     
        db =   0.75000000000000000     
        da =   0.84999999999999998     
        ds =    0.0000000000000000     
        dh =    0.0000000000000000     
        dd =    1.5000000000000000     
        wg =    0.0000000000000000     
 Static analysis was selected

 Newton-Raphson iterative procedure is active

 Nonlinear geometric effects are taken into account


 Job finished

________________________________________

Total CalculiX Time: 418.787302
________________________________________
