SUMMARY OF C0NVERGENCE INFORMATION
  STEP   INC  ATT   ITER     CONT.   RESID.        CORR.      RESID.      CORR.
                              EL.    FORCE         DISP       FLUX        TEMP.
                              (#)     (%)           (%)        (%)         (%)
     1     1     1     1        0  0.1259E+05  0.1000E+03  0.0000E+00  0.0000E+00
     1     1     1     2        0  0.5317E+05  0.7036E+02  0.0000E+00  0.0000E+00
     1     1     1     3        0  0.2747E+05  0.5832E+02  0.0000E+00  0.0000E+00
     1     1     1     4        0  0.1195E+05  0.3629E+02  0.0000E+00  0.0000E+00
     1     1     1     5        0  0.6151E+03  0.1000E+03  0.0000E+00  0.0000E+00
     1     1     1     6        0  0.0000E+00  0.1406E+00  0.0000E+00  0.0000E+00
     1     2     1     1        0  0.0000E+00  0.1239E+00  0.0000E+00  0.0000E+00
     1     2     1     2        0  0.0000E+00  0.1072E-03  0.0000E+00  0.0000E+00
     1     3     1     1        0  0.0000E+00  0.1243E+00  0.0000E+00  0.0000E+00
     1     3     1     2        0  0.0000E+00  0.1066E-03  0.0000E+00  0.0000E+00
     1     4     1     1        0  0.0000E+00  0.1555E+00  0.0000E+00  0.0000E+00
     1     4     1     2        0  0.0000E+00  0.2472E-03  0.0000E+00  0.0000E+00
     1     5     1     1        0  0.9574E-02  0.2181E+00  0.0000E+00  0.0000E+00
     1     5     1     2        0  0.0000E+00  0.6339E-03  0.0000E+00  0.0000E+00
     1     6     1     1        0  0.1003E-01  0.2501E+00  0.0000E+00  0.0000E+00
     1     6     1     2        0  0.0000E+00  0.8200E-03  0.0000E+00  0.0000E+00
     1     7     1     1        0  0.0000E+00  0.2198E+00  0.0000E+00  0.0000E+00
     1     7     1     2        0  0.0000E+00  0.4743E-03  0.0000E+00  0.0000E+00
