
************************************************************

CalculiX Version 2.23, Copyright(C) 1998-2025 Guido Dhondt
CalculiX comes with ABSOLUTELY NO WARRANTY. This is free
software, and you are welcome to redistribute it under
certain conditions, see gpl.htm

************************************************************

You are using an executable made on Sun Oct 19 18:23:34 CEST 2025
 Decascading the MPC's

 Determining the structure of the matrix:
 Using up to 2 cpu(s) for setting up the structure of the matrix.
 number of equations
 477410
 number of nonzero lower triangular matrix elements
 16311149

 increment 1 attempt 1 
 increment size= 1.000000e-01
 sum of previous increments=0.000000e+00
 actual step time=1.000000e-01
 actual total time=1.000000e-01

 iteration 1

 Using up to 2 cpu(s) for the stress calculation.

 Using up to 2 cpu(s) for the symmetric stiffness/mass contributions.

 Factoring the system of equations using the symmetric spooles solver
 Using 1 cpu for spooles.

 Using up to 2 cpu(s) for the stress calculation.

 average force= 0.001542
 time avg. forc= 0.001542
 largest residual force= 0.194143 in node 13654 and dof 3
 largest increment of disp= 3.223026e-02
 largest correction to disp= 3.223026e-02 in node 18 and dof 3

 no convergence

 iteration 2

 Using up to 2 cpu(s) for the symmetric stiffness/mass contributions.

 Factoring the system of equations using the symmetric spooles solver
 Using 1 cpu for spooles.

 Using up to 2 cpu(s) for the stress calculation.

 average force= 0.002249
 time avg. forc= 0.002249
 largest residual force= 1.195730 in node 86718 and dof 3
 largest increment of disp= 3.223026e-02
 largest correction to disp= 2.267659e-02 in node 17 and dof 3

 no convergence

 iteration 3

 Using up to 2 cpu(s) for the symmetric stiffness/mass contributions.

 Factoring the system of equations using the symmetric spooles solver
 Using 1 cpu for spooles.

 Using up to 2 cpu(s) for the stress calculation.

 average force= 0.002846
 time avg. forc= 0.002846
 largest residual force= 0.781906 in node 86726 and dof 3
 largest increment of disp= 3.223026e-02
 largest correction to disp= 1.879522e-02 in node 17 and dof 3

 no convergence

 iteration 4

 Using up to 2 cpu(s) for the symmetric stiffness/mass contributions.

 Factoring the system of equations using the symmetric spooles solver
 Using 1 cpu for spooles.

 Using up to 2 cpu(s) for the stress calculation.

 average force= 0.003207
 time avg. forc= 0.003207
 largest residual force= 0.383053 in node 14571 and dof 3
 largest increment of disp= 3.223026e-02
 largest correction to disp= 1.169641e-02 in node 17 and dof 3

 no convergence

 iteration 5

 Using up to 2 cpu(s) for the symmetric stiffness/mass contributions.

 Factoring the system of equations using the symmetric spooles solver
 Using 1 cpu for spooles.

 Using up to 2 cpu(s) for the stress calculation.

 average force= 0.004930
 time avg. forc= 0.004930
 largest residual force= 0.030323 in node 86571 and dof 2
 largest increment of disp= 1.512145e-01
 largest correction to disp= 1.512145e-01 in node 13769 and dof 3

 no convergence

 iteration 6

 Using up to 2 cpu(s) for the symmetric stiffness/mass contributions.

 Factoring the system of equations using the symmetric spooles solver
 Using 1 cpu for spooles.

 Using up to 2 cpu(s) for the stress calculation.

 average force= 0.004891
 time avg. forc= 0.004891
 largest residual force= 0.000000 in node 14548 and dof 1
 largest increment of disp= 1.512145e-01
 largest correction to disp= 2.126778e-04 in node 10394 and dof 1

 convergence

 increment 2 attempt 1 
 increment size= 1.000000e-01
 sum of previous increments=1.000000e-01
 actual step time=2.000000e-01
 actual total time=2.000000e-01

 iteration 1

 Using up to 2 cpu(s) for the stress calculation.

 Using up to 2 cpu(s) for the symmetric stiffness/mass contributions.

 Factoring the system of equations using the symmetric spooles solver
 Using 1 cpu for spooles.

 Using up to 2 cpu(s) for the stress calculation.

 average force= 0.009783
 time avg. forc= 0.007337
 largest residual force= 0.000000 in node 34490 and dof 1
 largest increment of disp= 1.818611e-01
 largest correction to disp= 2.252884e-04 in node 352 and dof 1

 no convergence

 iteration 2

 Using up to 2 cpu(s) for the symmetric stiffness/mass contributions.

 Factoring the system of equations using the symmetric spooles solver
 Using 1 cpu for spooles.

 Using up to 2 cpu(s) for the stress calculation.

 average force= 0.009783
 time avg. forc= 0.007337
 largest residual force= 0.000000 in node 84448 and dof 1
 largest increment of disp= 1.818611e-01
 largest correction to disp= 1.949897e-07 in node 14655 and dof 1

 convergence

 increment 3 attempt 1 
 increment size= 1.000000e-01
 sum of previous increments=2.000000e-01
 actual step time=3.000000e-01
 actual total time=3.000000e-01

 iteration 1

 Using up to 2 cpu(s) for the stress calculation.

 Using up to 2 cpu(s) for the symmetric stiffness/mass contributions.

 Factoring the system of equations using the symmetric spooles solver
 Using 1 cpu for spooles.

 Using up to 2 cpu(s) for the stress calculation.

 average force= 0.014676
 time avg. forc= 0.009783
 largest residual force= 0.000000 in node 34490 and dof 1
 largest increment of disp= 1.819099e-01
 largest correction to disp= 2.260601e-04 in node 352 and dof 1

 no convergence

 iteration 2

 Using up to 2 cpu(s) for the symmetric stiffness/mass contributions.

 Factoring the system of equations using the symmetric spooles solver
 Using 1 cpu for spooles.

 Using up to 2 cpu(s) for the stress calculation.

 average force= 0.014676
 time avg. forc= 0.009783
 largest residual force= 0.000000 in node 67438 and dof 1
 largest increment of disp= 1.819099e-01
 largest correction to disp= 1.938345e-07 in node 14655 and dof 1

 convergence; the increment size is increased to 1.500000e-01

 increment 4 attempt 1 
 increment size= 1.500000e-01
 sum of previous increments=3.000000e-01
 actual step time=4.500000e-01
 actual total time=4.500000e-01

 iteration 1

 Using up to 2 cpu(s) for the stress calculation.

 Using up to 2 cpu(s) for the symmetric stiffness/mass contributions.

 Factoring the system of equations using the symmetric spooles solver
 Using 1 cpu for spooles.

 Using up to 2 cpu(s) for the stress calculation.

 average force= 0.022018
 time avg. forc= 0.012842
 largest residual force= 0.000000 in node 34490 and dof 1
 largest increment of disp= 2.729365e-01
 largest correction to disp= 4.244646e-04 in node 352 and dof 1

 no convergence

 iteration 2

 Using up to 2 cpu(s) for the symmetric stiffness/mass contributions.

 Factoring the system of equations using the symmetric spooles solver
 Using 1 cpu for spooles.

 Using up to 2 cpu(s) for the stress calculation.

 average force= 0.022018
 time avg. forc= 0.012842
 largest residual force= 0.000000 in node 67450 and dof 1
 largest increment of disp= 2.729365e-01
 largest correction to disp= 6.747808e-07 in node 14652 and dof 1

 convergence; the increment size is increased to 2.250000e-01

 the increment size exceeds the maximum allowed and is decreased to 2.000000e-01

 increment 5 attempt 1 
 increment size= 2.000000e-01
 sum of previous increments=4.500000e-01
 actual step time=6.500000e-01
 actual total time=6.500000e-01

 iteration 1

 Using up to 2 cpu(s) for the stress calculation.

 Using up to 2 cpu(s) for the symmetric stiffness/mass contributions.

 Factoring the system of equations using the symmetric spooles solver
 Using 1 cpu for spooles.

 Using up to 2 cpu(s) for the stress calculation.

 average force= 0.031814
 time avg. forc= 0.016636
 largest residual force= 0.000002 in node 34490 and dof 1
 largest increment of disp= 3.640325e-01
 largest correction to disp= 7.940914e-04 in node 17 and dof 1

 no convergence

 iteration 2

 Using up to 2 cpu(s) for the symmetric stiffness/mass contributions.

 Factoring the system of equations using the symmetric spooles solver
 Using 1 cpu for spooles.

 Using up to 2 cpu(s) for the stress calculation.

 average force= 0.031814
 time avg. forc= 0.016636
 largest residual force= 0.000000 in node 67450 and dof 1
 largest increment of disp= 3.640325e-01
 largest correction to disp= 2.307438e-06 in node 14652 and dof 1

 convergence; the increment size is increased to 3.000000e-01

 the increment size exceeds the maximum allowed and is decreased to 2.000000e-01

 increment 6 attempt 1 
 increment size= 2.000000e-01
 sum of previous increments=6.500000e-01
 actual step time=8.500000e-01
 actual total time=8.500000e-01

 iteration 1

 Using up to 2 cpu(s) for the stress calculation.

 Using up to 2 cpu(s) for the symmetric stiffness/mass contributions.

 Factoring the system of equations using the symmetric spooles solver
 Using 1 cpu for spooles.

 Using up to 2 cpu(s) for the stress calculation.

 average force= 0.041618
 time avg. forc= 0.020800
 largest residual force= 0.000002 in node 34490 and dof 1
 largest increment of disp= 3.641920e-01
 largest correction to disp= 9.108974e-04 in node 17 and dof 1

 no convergence

 iteration 2

 Using up to 2 cpu(s) for the symmetric stiffness/mass contributions.

 Factoring the system of equations using the symmetric spooles solver
 Using 1 cpu for spooles.

 Using up to 2 cpu(s) for the stress calculation.

 average force= 0.041618
 time avg. forc= 0.020800
 largest residual force= 0.000000 in node 67450 and dof 1
 largest increment of disp= 3.641920e-01
 largest correction to disp= 2.986373e-06 in node 14652 and dof 1

 convergence; the increment size is increased to 3.000000e-01

 the increment size exceeds the maximum allowed and is decreased to 2.000000e-01

 the increment size exceeds the remainder of the step and is decreased to 1.500000e-01

 increment 7 attempt 1 
 increment size= 1.500000e-01
 sum of previous increments=8.500000e-01
 actual step time=1.000000e+00
 actual total time=1.000000e+00

 iteration 1

 Using up to 2 cpu(s) for the stress calculation.

 Using up to 2 cpu(s) for the symmetric stiffness/mass contributions.

 Factoring the system of equations using the symmetric spooles solver
 Using 1 cpu for spooles.

 Using up to 2 cpu(s) for the stress calculation.

 average force= 0.048976
 time avg. forc= 0.024825
 largest residual force= 0.000000 in node 34490 and dof 1
 largest increment of disp= 2.732760e-01
 largest correction to disp= 6.006183e-04 in node 17 and dof 1

 no convergence

 iteration 2

 Using up to 2 cpu(s) for the symmetric stiffness/mass contributions.

 Factoring the system of equations using the symmetric spooles solver
 Using 1 cpu for spooles.

 Using up to 2 cpu(s) for the stress calculation.

 average force= 0.048976
 time avg. forc= 0.024825
 largest residual force= 0.000000 in node 67450 and dof 1
 largest increment of disp= 2.732760e-01
 largest correction to disp= 1.296195e-06 in node 14652 and dof 1

 convergence; the increment size is increased to 2.250000e-01

 the increment size exceeds the maximum allowed and is decreased to 2.000000e-01

 the increment size exceeds the remainder of the step and is decreased to 0.000000e+00

 Using up to 2 cpu(s) for the stress calculation.


  The numbers below are estimated upper bounds

  number of:

   nodes:       161384
   elements:        82571
   one-dimensional elements:            0
   two-dimensional elements:            0
   integration points per element:            4
   degrees of freedom per node:            3
   layers per element:            1

   distributed facial loads:            0
   distributed volumetric loads:            0
   concentrated loads:           39
   single point constraints:         6742
   multiple point constraints:            1
   terms in all multiple point constraints:            1
   tie constraints:            0
   dependent nodes tied by cyclic constraints:            0
   dependent nodes in pre-tension constraints:            0

   sets:           18
   terms in all sets:       494275

   materials:            2
   constants per material and temperature:            9
   temperature points per material:            1
   plastic data points per material:            0

   orientations:            0
   amplitudes:            2
   data points in all amplitudes:            2
   print requests:            2
   transformations:            0
   property cards:            0


 STEP            1

 *INFO reading *STEP: nonlinear geometric
       effects are turned on

 Static analysis was selected

 Newton-Raphson iterative procedure is active

 Nonlinear geometric effects are taken into account


 Job finished

________________________________________

Total CalculiX Time: 350.546409
________________________________________
