SUMMARY OF C0NVERGENCE INFORMATION
  STEP   INC  ATT   ITER     CONT.   RESID.        CORR.      RESID.      CORR.
                              EL.    FORCE         DISP       FLUX        TEMP.
                              (#)     (%)           (%)        (%)         (%)
     1     1     1     1        0  0.2220E+04  0.1000E+03  0.0000E+00  0.0000E+00
     1     1     1     2        0  0.1442E+03  0.1334E+01  0.0000E+00  0.0000E+00
     1     1     1     3        0  0.9627E+02  0.2987E+00  0.0000E+00  0.0000E+00
     1     1     1     4        0  0.8674E+02  0.6571E-01  0.0000E+00  0.0000E+00
     1     1     1     5        0  0.8879E+02  0.1089E+00  0.0000E+00  0.0000E+00
     1     1     1     6        0  0.3946E+01  0.1545E+00  0.0000E+00  0.0000E+00
     1     1     1     7        0  0.3453E+00  0.1320E-02  0.0000E+00  0.0000E+00
     1     2     1     1        0  0.1101E+01  0.2524E+01  0.0000E+00  0.0000E+00
     1     2     1     2        0  0.0000E+00  0.8802E-01  0.0000E+00  0.0000E+00
     1     3     1     1        0  0.6643E+00  0.2363E+01  0.0000E+00  0.0000E+00
     1     3     1     2        0  0.0000E+00  0.7324E-01  0.0000E+00  0.0000E+00
     1     4     1     1        0  0.1343E+01  0.2688E+01  0.0000E+00  0.0000E+00
     1     4     1     2        0  0.5326E-02  0.1355E+00  0.0000E+00  0.0000E+00
     1     5     1     1        0  0.2548E+01  0.3360E+01  0.0000E+00  0.0000E+00
     1     5     1     2        0  0.2679E-01  0.2679E+00  0.0000E+00  0.0000E+00
     1     6     1     1        0  0.1900E+01  0.3556E+01  0.0000E+00  0.0000E+00
     1     6     1     2        0  0.2055E-01  0.2705E+00  0.0000E+00  0.0000E+00
     1     7     1     1        0  0.5978E+00  0.2976E+01  0.0000E+00  0.0000E+00
     1     7     1     2        0  0.2884E-02  0.1331E+00  0.0000E+00  0.0000E+00
