SUMMARY OF C0NVERGENCE INFORMATION
  STEP   INC  ATT   ITER     CONT.   RESID.        CORR.      RESID.      CORR.
                              EL.    FORCE         DISP       FLUX        TEMP.
                              (#)     (%)           (%)        (%)         (%)
     1     1     1     1        0  0.2705E+04  0.1000E+03  0.0000E+00  0.0000E+00
     1     1     1     2        0  0.2527E+05  0.9911E+00  0.0000E+00  0.0000E+00
     1     1     1     3        0  0.1889E+06  0.2995E+01  0.0000E+00  0.0000E+00
     1     1     1     4        0  0.1080E+04  0.7224E-01  0.0000E+00  0.0000E+00
     1     1     1     5        0  0.8249E+03  0.5132E-01  0.0000E+00  0.0000E+00
     1     1     1     6        0  0.1520E+06  0.6015E-01  0.0000E+00  0.0000E+00
     1     1     1     7        0  0.5170E+04  0.1985E-02  0.0000E+00  0.0000E+00
     1     1     2     1        0  0.1820E+04  0.1000E+03  0.0000E+00  0.0000E+00
     1     1     2     2        0  0.2539E+05  0.7226E+00  0.0000E+00  0.0000E+00
     1     1     2     3        0  0.1876E+06  0.2204E+00  0.0000E+00  0.0000E+00
     1     1     2     4        0  0.1074E+04  0.7564E-01  0.0000E+00  0.0000E+00
     1     1     2     5        0  0.8219E+03  0.5401E-01  0.0000E+00  0.0000E+00
     1     1     2     6        0  0.1425E+06  0.6360E-01  0.0000E+00  0.0000E+00
     1     1     2     7        0  0.5238E+04  0.1792E-02  0.0000E+00  0.0000E+00
     1     1     3     1        0  0.7000E+03  0.1000E+03  0.0000E+00  0.0000E+00
     1     1     3     2        0  0.2535E+05  0.2323E+00  0.0000E+00  0.0000E+00
     1     1     3     3        0  0.1872E+06  0.6022E-01  0.0000E+00  0.0000E+00
     1     1     3     4        0  0.1072E+04  0.7656E-01  0.0000E+00  0.0000E+00
     1     1     3     5        0  0.8212E+03  0.5475E-01  0.0000E+00  0.0000E+00
     1     1     3     6        0  0.1399E+06  0.6455E-01  0.0000E+00  0.0000E+00
     1     1     3     7        0  0.5270E+04  0.1746E-02  0.0000E+00  0.0000E+00
     1     1     4     1        0  0.1936E+03  0.1000E+03  0.0000E+00  0.0000E+00
     1     1     4     2        0  0.2533E+05  0.5848E-01  0.0000E+00  0.0000E+00
     1     1     4     3        0  0.1871E+06  0.6042E-01  0.0000E+00  0.0000E+00
     1     1     4     4        0  0.1072E+04  0.7680E-01  0.0000E+00  0.0000E+00
     1     1     4     5        0  0.8210E+03  0.5494E-01  0.0000E+00  0.0000E+00
     1     1     4     6        0  0.1393E+06  0.6479E-01  0.0000E+00  0.0000E+00
     1     1     4     7        0  0.5271E+04  0.1739E-02  0.0000E+00  0.0000E+00
     1     1     5     1        0  0.1700E+03  0.1000E+03  0.0000E+00  0.0000E+00
     1     1     5     2        0  0.2533E+05  0.1847E-01  0.0000E+00  0.0000E+00
     1     1     5     3        0  0.1871E+06  0.6046E-01  0.0000E+00  0.0000E+00
     1     1     5     4        0  0.1071E+04  0.7685E-01  0.0000E+00  0.0000E+00
     1     1     5     5        0  0.8209E+03  0.5499E-01  0.0000E+00  0.0000E+00
     1     1     5     6        0  0.1391E+06  0.6485E-01  0.0000E+00  0.0000E+00
     1     1     5     7        0  0.5271E+04  0.1737E-02  0.0000E+00  0.0000E+00
     1     1     6     1        0  0.1701E+03  0.1000E+03  0.0000E+00  0.0000E+00
     1     1     6     2        0  0.2533E+05  0.1864E-01  0.0000E+00  0.0000E+00
     1     1     6     3        0  0.1871E+06  0.6047E-01  0.0000E+00  0.0000E+00
     1     1     6     4        0  0.1071E+04  0.7687E-01  0.0000E+00  0.0000E+00
     1     1     6     5        0  0.8209E+03  0.5500E-01  0.0000E+00  0.0000E+00
     1     1     6     6        0  0.1391E+06  0.6487E-01  0.0000E+00  0.0000E+00
     1     1     6     7        0  0.5271E+04  0.1737E-02  0.0000E+00  0.0000E+00
