
************************************************************

CalculiX Version 2.23, Copyright(C) 1998-2025 Guido Dhondt
CalculiX comes with ABSOLUTELY NO WARRANTY. This is free
software, and you are welcome to redistribute it under
certain conditions, see gpl.htm

************************************************************

You are using an executable made on Sun Oct 19 18:23:34 CEST 2025
 Decascading the MPC's

 Determining the structure of the matrix:
 Using up to 2 cpu(s) for setting up the structure of the matrix.
 number of equations
 344546
 number of nonzero lower triangular matrix elements
 11626628

 increment 1 attempt 1 
 increment size= 1.000000e-01
 sum of previous increments=0.000000e+00
 actual step time=1.000000e-01
 actual total time=1.000000e-01

 iteration 1

 Using up to 2 cpu(s) for the stress calculation.

 Using up to 2 cpu(s) for the symmetric stiffness/mass contributions.

 Factoring the system of equations using the symmetric spooles solver
 Using 1 cpu for spooles.

 Using up to 2 cpu(s) for the stress calculation.

 average force= 0.182941
 time avg. forc= 0.182941
 largest residual force= 4.948075 in node 37205 and dof 2
 largest increment of disp= 5.157266e+00
 largest correction to disp= 5.157266e+00 in node 1021 and dof 1

 no convergence

 iteration 2

 Using up to 2 cpu(s) for the symmetric stiffness/mass contributions.

 Factoring the system of equations using the symmetric spooles solver
 Using 1 cpu for spooles.

 Using up to 2 cpu(s) for the stress calculation.

 average force= 0.039268
 time avg. forc= 0.039268
 largest residual force= 9.924317 in node 12665 and dof 3
 largest increment of disp= 5.157266e+00
 largest correction to disp= 5.111126e-02 in node 385 and dof 2

 no convergence

 iteration 3

 Using up to 2 cpu(s) for the symmetric stiffness/mass contributions.

 Factoring the system of equations using the symmetric spooles solver
 Using 1 cpu for spooles.

 Using up to 2 cpu(s) for the stress calculation.

 average force= 0.038509
 time avg. forc= 0.038509
 largest residual force= 72.754155 in node 73502 and dof 3
 largest increment of disp= 5.157266e+00
 largest correction to disp= 1.544637e-01 in node 2 and dof 1

 no convergence

 iteration 4

 Using up to 2 cpu(s) for the symmetric stiffness/mass contributions.

 Factoring the system of equations using the symmetric spooles solver
 Using 1 cpu for spooles.

 Using up to 2 cpu(s) for the stress calculation.

 average force= 0.038418
 time avg. forc= 0.038418
 largest residual force= 0.415106 in node 73536 and dof 3
 largest increment of disp= 5.157266e+00
 largest correction to disp= 3.725749e-03 in node 62923 and dof 3

 no convergence

 iteration 5

 Using up to 2 cpu(s) for the symmetric stiffness/mass contributions.

 Factoring the system of equations using the symmetric spooles solver
 Using 1 cpu for spooles.

 Using up to 2 cpu(s) for the stress calculation.

 average force= 0.038424
 time avg. forc= 0.038424
 largest residual force= 0.316966 in node 73532 and dof 3
 largest increment of disp= 5.157266e+00
 largest correction to disp= 2.646453e-03 in node 62766 and dof 3

 no convergence

 iteration 6

 Using up to 2 cpu(s) for the symmetric stiffness/mass contributions.

 Factoring the system of equations using the symmetric spooles solver
 Using 1 cpu for spooles.

 Using up to 2 cpu(s) for the stress calculation.

 average force= 0.041376
 time avg. forc= 0.041376
 largest residual force= 62.878308 in node 12778 and dof 3
 largest increment of disp= 5.157266e+00
 largest correction to disp= 3.102129e-03 in node 62829 and dof 3

 no convergence

 iteration 7

 Using up to 2 cpu(s) for the symmetric stiffness/mass contributions.

 Factoring the system of equations using the symmetric spooles solver
 Using 1 cpu for spooles.

 Using up to 2 cpu(s) for the stress calculation.

 average force= 0.038431
 time avg. forc= 0.038431
 largest residual force= 1.987082 in node 400 and dof 3
 largest increment of disp= 5.157266e+00
 largest correction to disp= 1.023678e-04 in node 1179 and dof 3

 divergence; the increment size is decreased to 2.500000e-02
 the increment is reattempted

 increment 1 attempt 2 
 increment size= 2.500000e-02
 sum of previous increments=0.000000e+00
 actual step time=2.500000e-02
 actual total time=2.500000e-02

 iteration 1

 Using up to 2 cpu(s) for the stress calculation.

 Using up to 2 cpu(s) for the symmetric stiffness/mass contributions.

 Factoring the system of equations using the symmetric spooles solver
 Using 1 cpu for spooles.

 Using up to 2 cpu(s) for the stress calculation.

 average force= 0.016998
 time avg. forc= 0.016998
 largest residual force= 0.309277 in node 37205 and dof 2
 largest increment of disp= 1.289316e+00
 largest correction to disp= 1.289316e+00 in node 1021 and dof 1

 no convergence

 iteration 2

 Using up to 2 cpu(s) for the symmetric stiffness/mass contributions.

 Factoring the system of equations using the symmetric spooles solver
 Using 1 cpu for spooles.

 Using up to 2 cpu(s) for the stress calculation.

 average force= 0.009760
 time avg. forc= 0.009760
 largest residual force= 2.478452 in node 12665 and dof 3
 largest increment of disp= 1.289316e+00
 largest correction to disp= 9.316727e-03 in node 157 and dof 1

 no convergence

 iteration 3

 Using up to 2 cpu(s) for the symmetric stiffness/mass contributions.

 Factoring the system of equations using the symmetric spooles solver
 Using 1 cpu for spooles.

 Using up to 2 cpu(s) for the stress calculation.

 average force= 0.009764
 time avg. forc= 0.009764
 largest residual force= 18.312674 in node 73502 and dof 3
 largest increment of disp= 1.289316e+00
 largest correction to disp= 2.841634e-03 in node 1025 and dof 1

 no convergence

 iteration 4

 Using up to 2 cpu(s) for the symmetric stiffness/mass contributions.

 Factoring the system of equations using the symmetric spooles solver
 Using 1 cpu for spooles.

 Using up to 2 cpu(s) for the stress calculation.

 average force= 0.009744
 time avg. forc= 0.009744
 largest residual force= 0.104628 in node 73536 and dof 3
 largest increment of disp= 1.289316e+00
 largest correction to disp= 9.752070e-04 in node 62766 and dof 3

 no convergence

 iteration 5

 Using up to 2 cpu(s) for the symmetric stiffness/mass contributions.

 Factoring the system of equations using the symmetric spooles solver
 Using 1 cpu for spooles.

 Using up to 2 cpu(s) for the stress calculation.

 average force= 0.009746
 time avg. forc= 0.009746
 largest residual force= 0.080101 in node 73532 and dof 3
 largest increment of disp= 1.289316e+00
 largest correction to disp= 6.963274e-04 in node 62832 and dof 3

 no convergence

 iteration 6

 Using up to 2 cpu(s) for the symmetric stiffness/mass contributions.

 Factoring the system of equations using the symmetric spooles solver
 Using 1 cpu for spooles.

 Using up to 2 cpu(s) for the stress calculation.

 average force= 0.010341
 time avg. forc= 0.010341
 largest residual force= 14.733710 in node 12778 and dof 3
 largest increment of disp= 1.289316e+00
 largest correction to disp= 8.199628e-04 in node 62766 and dof 3

 no convergence

 iteration 7

 Using up to 2 cpu(s) for the symmetric stiffness/mass contributions.

 Factoring the system of equations using the symmetric spooles solver
 Using 1 cpu for spooles.

 Using up to 2 cpu(s) for the stress calculation.

 average force= 0.009748
 time avg. forc= 0.009748
 largest residual force= 0.510544 in node 400 and dof 3
 largest increment of disp= 1.289316e+00
 largest correction to disp= 2.310535e-05 in node 65621 and dof 3

 divergence; the increment size is decreased to 6.250000e-03
 the increment is reattempted

 increment 1 attempt 3 
 increment size= 6.250000e-03
 sum of previous increments=0.000000e+00
 actual step time=6.250000e-03
 actual total time=6.250000e-03

 iteration 1

 Using up to 2 cpu(s) for the stress calculation.

 Using up to 2 cpu(s) for the symmetric stiffness/mass contributions.

 Factoring the system of equations using the symmetric spooles solver
 Using 1 cpu for spooles.

 Using up to 2 cpu(s) for the stress calculation.

 average force= 0.002761
 time avg. forc= 0.002761
 largest residual force= 0.019330 in node 37205 and dof 2
 largest increment of disp= 3.223291e-01
 largest correction to disp= 3.223291e-01 in node 1021 and dof 1

 no convergence

 iteration 2

 Using up to 2 cpu(s) for the symmetric stiffness/mass contributions.

 Factoring the system of equations using the symmetric spooles solver
 Using 1 cpu for spooles.

 Using up to 2 cpu(s) for the stress calculation.

 average force= 0.002446
 time avg. forc= 0.002446
 largest residual force= 0.619846 in node 12665 and dof 3
 largest increment of disp= 3.223291e-01
 largest correction to disp= 7.486750e-04 in node 157 and dof 1

 no convergence

 iteration 3

 Using up to 2 cpu(s) for the symmetric stiffness/mass contributions.

 Factoring the system of equations using the symmetric spooles solver
 Using 1 cpu for spooles.

 Using up to 2 cpu(s) for the stress calculation.

 average force= 0.002450
 time avg. forc= 0.002450
 largest residual force= 4.586934 in node 73502 and dof 3
 largest increment of disp= 3.223291e-01
 largest correction to disp= 1.941090e-04 in node 62766 and dof 3

 no convergence

 iteration 4

 Using up to 2 cpu(s) for the symmetric stiffness/mass contributions.

 Factoring the system of equations using the symmetric spooles solver
 Using 1 cpu for spooles.

 Using up to 2 cpu(s) for the stress calculation.

 average force= 0.002446
 time avg. forc= 0.002446
 largest residual force= 0.026217 in node 73536 and dof 3
 largest increment of disp= 3.223291e-01
 largest correction to disp= 2.467720e-04 in node 62766 and dof 3

 no convergence

 iteration 5

 Using up to 2 cpu(s) for the symmetric stiffness/mass contributions.

 Factoring the system of equations using the symmetric spooles solver
 Using 1 cpu for spooles.

 Using up to 2 cpu(s) for the stress calculation.

 average force= 0.002446
 time avg. forc= 0.002446
 largest residual force= 0.020085 in node 73532 and dof 3
 largest increment of disp= 3.223291e-01
 largest correction to disp= 1.764825e-04 in node 62832 and dof 3

 no convergence

 iteration 6

 Using up to 2 cpu(s) for the symmetric stiffness/mass contributions.

 Factoring the system of equations using the symmetric spooles solver
 Using 1 cpu for spooles.

 Using up to 2 cpu(s) for the stress calculation.

 average force= 0.002586
 time avg. forc= 0.002586
 largest residual force= 3.619560 in node 12778 and dof 3
 largest increment of disp= 3.223291e-01
 largest correction to disp= 2.080518e-04 in node 62766 and dof 3

 no convergence

 iteration 7

 Using up to 2 cpu(s) for the symmetric stiffness/mass contributions.

 Factoring the system of equations using the symmetric spooles solver
 Using 1 cpu for spooles.

 Using up to 2 cpu(s) for the stress calculation.

 average force= 0.002446
 time avg. forc= 0.002446
 largest residual force= 0.128932 in node 400 and dof 3
 largest increment of disp= 3.223291e-01
 largest correction to disp= 5.629203e-06 in node 65716 and dof 3

 divergence; the increment size is decreased to 1.562500e-03
 the increment is reattempted

 increment 1 attempt 4 
 increment size= 1.562500e-03
 sum of previous increments=0.000000e+00
 actual step time=1.562500e-03
 actual total time=1.562500e-03

 iteration 1

 Using up to 2 cpu(s) for the stress calculation.

 Using up to 2 cpu(s) for the symmetric stiffness/mass contributions.

 Factoring the system of equations using the symmetric spooles solver
 Using 1 cpu for spooles.

 Using up to 2 cpu(s) for the stress calculation.

 average force= 0.000624
 time avg. forc= 0.000624
 largest residual force= 0.001208 in node 37205 and dof 2
 largest increment of disp= 8.058227e-02
 largest correction to disp= 8.058227e-02 in node 1021 and dof 1

 no convergence

 iteration 2

 Using up to 2 cpu(s) for the symmetric stiffness/mass contributions.

 Factoring the system of equations using the symmetric spooles solver
 Using 1 cpu for spooles.

 Using up to 2 cpu(s) for the stress calculation.

 average force= 0.000612
 time avg. forc= 0.000612
 largest residual force= 0.155024 in node 12665 and dof 3
 largest increment of disp= 8.058227e-02
 largest correction to disp= 4.712506e-05 in node 388 and dof 1

 no convergence

 iteration 3

 Using up to 2 cpu(s) for the symmetric stiffness/mass contributions.

 Factoring the system of equations using the symmetric spooles solver
 Using 1 cpu for spooles.

 Using up to 2 cpu(s) for the stress calculation.

 average force= 0.000613
 time avg. forc= 0.000613
 largest residual force= 1.147298 in node 73502 and dof 3
 largest increment of disp= 8.058227e-02
 largest correction to disp= 4.868896e-05 in node 62766 and dof 3

 no convergence

 iteration 4

 Using up to 2 cpu(s) for the symmetric stiffness/mass contributions.

 Factoring the system of equations using the symmetric spooles solver
 Using 1 cpu for spooles.

 Using up to 2 cpu(s) for the stress calculation.

 average force= 0.000612
 time avg. forc= 0.000612
 largest residual force= 0.006558 in node 73536 and dof 3
 largest increment of disp= 8.058227e-02
 largest correction to disp= 6.188328e-05 in node 62766 and dof 3

 no convergence

 iteration 5

 Using up to 2 cpu(s) for the symmetric stiffness/mass contributions.

 Factoring the system of equations using the symmetric spooles solver
 Using 1 cpu for spooles.

 Using up to 2 cpu(s) for the stress calculation.

 average force= 0.000612
 time avg. forc= 0.000612
 largest residual force= 0.005025 in node 73532 and dof 3
 largest increment of disp= 8.058227e-02
 largest correction to disp= 4.427428e-05 in node 62832 and dof 3

 no convergence

 iteration 6

 Using up to 2 cpu(s) for the symmetric stiffness/mass contributions.

 Factoring the system of equations using the symmetric spooles solver
 Using 1 cpu for spooles.

 Using up to 2 cpu(s) for the stress calculation.

 average force= 0.000647
 time avg. forc= 0.000647
 largest residual force= 0.900865 in node 12778 and dof 3
 largest increment of disp= 8.058227e-02
 largest correction to disp= 5.220911e-05 in node 62766 and dof 3

 no convergence

 iteration 7

 Using up to 2 cpu(s) for the symmetric stiffness/mass contributions.

 Factoring the system of equations using the symmetric spooles solver
 Using 1 cpu for spooles.

 Using up to 2 cpu(s) for the stress calculation.

 average force= 0.000612
 time avg. forc= 0.000612
 largest residual force= 0.032271 in node 400 and dof 3
 largest increment of disp= 8.058227e-02
 largest correction to disp= 1.401222e-06 in node 65632 and dof 3

 divergence; the increment size is decreased to 3.906250e-04
 the increment is reattempted

 increment 1 attempt 5 
 increment size= 3.906250e-04
 sum of previous increments=0.000000e+00
 actual step time=3.906250e-04
 actual total time=3.906250e-04

 iteration 1

 Using up to 2 cpu(s) for the stress calculation.

 Using up to 2 cpu(s) for the symmetric stiffness/mass contributions.

 Factoring the system of equations using the symmetric spooles solver
 Using 1 cpu for spooles.

 Using up to 2 cpu(s) for the stress calculation.

 average force= 0.000153
 time avg. forc= 0.000153
 largest residual force= 0.000261 in node 73529 and dof 3
 largest increment of disp= 2.014557e-02
 largest correction to disp= 2.014557e-02 in node 1021 and dof 1

 no convergence

 iteration 2

 Using up to 2 cpu(s) for the symmetric stiffness/mass contributions.

 Factoring the system of equations using the symmetric spooles solver
 Using 1 cpu for spooles.

 Using up to 2 cpu(s) for the stress calculation.

 average force= 0.000153
 time avg. forc= 0.000153
 largest residual force= 0.038760 in node 12665 and dof 3
 largest increment of disp= 2.014557e-02
 largest correction to disp= 3.720800e-06 in node 62923 and dof 3

 no convergence

 iteration 3

 Using up to 2 cpu(s) for the symmetric stiffness/mass contributions.

 Factoring the system of equations using the symmetric spooles solver
 Using 1 cpu for spooles.

 Using up to 2 cpu(s) for the stress calculation.

 average force= 0.000153
 time avg. forc= 0.000153
 largest residual force= 0.286860 in node 73502 and dof 3
 largest increment of disp= 2.014557e-02
 largest correction to disp= 1.218080e-05 in node 62766 and dof 3

 no convergence

 iteration 4

 Using up to 2 cpu(s) for the symmetric stiffness/mass contributions.

 Factoring the system of equations using the symmetric spooles solver
 Using 1 cpu for spooles.

 Using up to 2 cpu(s) for the stress calculation.

 average force= 0.000153
 time avg. forc= 0.000153
 largest residual force= 0.001640 in node 73536 and dof 3
 largest increment of disp= 2.014557e-02
 largest correction to disp= 1.548278e-05 in node 62766 and dof 3

 no convergence

 iteration 5

 Using up to 2 cpu(s) for the symmetric stiffness/mass contributions.

 Factoring the system of equations using the symmetric spooles solver
 Using 1 cpu for spooles.

 Using up to 2 cpu(s) for the stress calculation.

 average force= 0.000153
 time avg. forc= 0.000153
 largest residual force= 0.001257 in node 73532 and dof 3
 largest increment of disp= 2.014557e-02
 largest correction to disp= 1.107823e-05 in node 62832 and dof 3

 no convergence

 iteration 6

 Using up to 2 cpu(s) for the symmetric stiffness/mass contributions.

 Factoring the system of equations using the symmetric spooles solver
 Using 1 cpu for spooles.

 Using up to 2 cpu(s) for the stress calculation.

 average force= 0.000162
 time avg. forc= 0.000162
 largest residual force= 0.224964 in node 12778 and dof 3
 largest increment of disp= 2.014557e-02
 largest correction to disp= 1.306461e-05 in node 62766 and dof 3

 no convergence

 iteration 7

 Using up to 2 cpu(s) for the symmetric stiffness/mass contributions.

 Factoring the system of equations using the symmetric spooles solver
 Using 1 cpu for spooles.

 Using up to 2 cpu(s) for the stress calculation.

 average force= 0.000153
 time avg. forc= 0.000153
 largest residual force= 0.008070 in node 400 and dof 3
 largest increment of disp= 2.014557e-02
 largest correction to disp= 3.499333e-07 in node 65632 and dof 3

 divergence; the increment size is decreased to 9.765625e-05
 the increment is reattempted

 increment 1 attempt 6 
 increment size= 9.765625e-05
 sum of previous increments=0.000000e+00
 actual step time=9.765625e-05
 actual total time=9.765625e-05

 iteration 1

 Using up to 2 cpu(s) for the stress calculation.

 Using up to 2 cpu(s) for the symmetric stiffness/mass contributions.

 Factoring the system of equations using the symmetric spooles solver
 Using 1 cpu for spooles.

 Using up to 2 cpu(s) for the stress calculation.

 average force= 0.000038
 time avg. forc= 0.000038
 largest residual force= 0.000065 in node 73529 and dof 3
 largest increment of disp= 5.036392e-03
 largest correction to disp= 5.036392e-03 in node 1021 and dof 1

 no convergence

 iteration 2

 Using up to 2 cpu(s) for the symmetric stiffness/mass contributions.

 Factoring the system of equations using the symmetric spooles solver
 Using 1 cpu for spooles.

 Using up to 2 cpu(s) for the stress calculation.

 average force= 0.000038
 time avg. forc= 0.000038
 largest residual force= 0.009690 in node 12665 and dof 3
 largest increment of disp= 5.036392e-03
 largest correction to disp= 9.389491e-07 in node 62829 and dof 3

 no convergence

 iteration 3

 Using up to 2 cpu(s) for the symmetric stiffness/mass contributions.

 Factoring the system of equations using the symmetric spooles solver
 Using 1 cpu for spooles.

 Using up to 2 cpu(s) for the stress calculation.

 average force= 0.000038
 time avg. forc= 0.000038
 largest residual force= 0.071717 in node 73502 and dof 3
 largest increment of disp= 5.036392e-03
 largest correction to disp= 3.045735e-06 in node 62766 and dof 3

 no convergence

 iteration 4

 Using up to 2 cpu(s) for the symmetric stiffness/mass contributions.

 Factoring the system of equations using the symmetric spooles solver
 Using 1 cpu for spooles.

 Using up to 2 cpu(s) for the stress calculation.

 average force= 0.000038
 time avg. forc= 0.000038
 largest residual force= 0.000410 in node 73536 and dof 3
 largest increment of disp= 5.036392e-03
 largest correction to disp= 3.871445e-06 in node 62766 and dof 3

 no convergence

 iteration 5

 Using up to 2 cpu(s) for the symmetric stiffness/mass contributions.

 Factoring the system of equations using the symmetric spooles solver
 Using 1 cpu for spooles.

 Using up to 2 cpu(s) for the stress calculation.

 average force= 0.000038
 time avg. forc= 0.000038
 largest residual force= 0.000314 in node 73532 and dof 3
 largest increment of disp= 5.036392e-03
 largest correction to disp= 2.770163e-06 in node 62832 and dof 3

 no convergence

 iteration 6

 Using up to 2 cpu(s) for the symmetric stiffness/mass contributions.

 Factoring the system of equations using the symmetric spooles solver
 Using 1 cpu for spooles.

 Using up to 2 cpu(s) for the stress calculation.

 average force= 0.000040
 time avg. forc= 0.000040
 largest residual force= 0.056225 in node 12778 and dof 3
 largest increment of disp= 5.036392e-03
 largest correction to disp= 3.266926e-06 in node 62766 and dof 3

 no convergence

 iteration 7

 Using up to 2 cpu(s) for the symmetric stiffness/mass contributions.

 Factoring the system of equations using the symmetric spooles solver
 Using 1 cpu for spooles.

 Using up to 2 cpu(s) for the stress calculation.

 average force= 0.000038
 time avg. forc= 0.000038
 largest residual force= 0.002018 in node 400 and dof 3
 largest increment of disp= 5.036392e-03
 largest correction to disp= 8.746019e-08 in node 65632 and dof 3


  The numbers below are estimated upper bounds

  number of:

   nodes:       116092
   elements:        58240
   one-dimensional elements:            0
   two-dimensional elements:            0
   integration points per element:            4
   degrees of freedom per node:            3
   layers per element:            1

   distributed facial loads:            0
   distributed volumetric loads:            0
   concentrated loads:       114874
   single point constraints:         3730
   multiple point constraints:            1
   terms in all multiple point constraints:            1
   tie constraints:            0
   dependent nodes tied by cyclic constraints:            0
   dependent nodes in pre-tension constraints:            0

   sets:           18
   terms in all sets:       353043

   materials:            2
   constants per material and temperature:            9
   temperature points per material:            1
   plastic data points per material:            0

   orientations:            0
   amplitudes:            2
   data points in all amplitudes:            2
   print requests:            2
   transformations:            0
   property cards:            0


 STEP            1

 *INFO reading *STEP: nonlinear geometric
       effects are turned on

 Static analysis was selected

 Newton-Raphson iterative procedure is active

 Nonlinear geometric effects are taken into account

 divergence; the increment size is decreased to 2.441406e-05
 the increment is reattempted


 *ERROR: too many cutbacks
 best solution and residuals are in the frd file

