SUMMARY OF C0NVERGENCE INFORMATION
  STEP   INC  ATT   ITER     CONT.   RESID.        CORR.      RESID.      CORR.
                              EL.    FORCE         DISP       FLUX        TEMP.
                              (#)     (%)           (%)        (%)         (%)
     1     1     1     1        0  0.1723E+05  0.1000E+03  0.0000E+00  0.0000E+00
     1     1     1     2        0  0.3514E+05  0.6892E+02  0.0000E+00  0.0000E+00
     1     1     1     3        0  0.3441E+05  0.4707E+02  0.0000E+00  0.0000E+00
     1     1     1     4        0  0.5486E+05  0.7455E+02  0.0000E+00  0.0000E+00
     1     1     1     5        0  0.1841E+04  0.1000E+03  0.0000E+00  0.0000E+00
     1     1     1     6        0  0.1134E+04  0.5430E+00  0.0000E+00  0.0000E+00
     1     1     1     7        0  0.1877E+03  0.2213E+00  0.0000E+00  0.0000E+00
     1     1     1     8        0  0.0000E+00  0.1366E-01  0.0000E+00  0.0000E+00
     1     2     1     1        0  0.0000E+00  0.4869E-01  0.0000E+00  0.0000E+00
     1     2     1     2        0  0.0000E+00  0.2940E-04  0.0000E+00  0.0000E+00
     1     3     1     1        0  0.0000E+00  0.4867E-01  0.0000E+00  0.0000E+00
     1     3     1     2        0  0.0000E+00  0.2937E-04  0.0000E+00  0.0000E+00
     1     4     1     1        0  0.0000E+00  0.6080E-01  0.0000E+00  0.0000E+00
     1     4     1     2        0  0.0000E+00  0.6860E-04  0.0000E+00  0.0000E+00
     1     5     1     1        0  0.0000E+00  0.8506E-01  0.0000E+00  0.0000E+00
     1     5     1     2        0  0.0000E+00  0.1782E-03  0.0000E+00  0.0000E+00
     1     6     1     1        0  0.0000E+00  0.9714E-01  0.0000E+00  0.0000E+00
     1     6     1     2        0  0.0000E+00  0.2320E-03  0.0000E+00  0.0000E+00
     1     7     1     1        0  0.0000E+00  0.8494E-01  0.0000E+00  0.0000E+00
     1     7     1     2        0  0.0000E+00  0.1336E-03  0.0000E+00  0.0000E+00
