SUMMARY OF C0NVERGENCE INFORMATION
  STEP   INC  ATT   ITER     CONT.   RESID.        CORR.      RESID.      CORR.
                              EL.    FORCE         DISP       FLUX        TEMP.
                              (#)     (%)           (%)        (%)         (%)
     1     1     1     1        0  0.1660E+05  0.1000E+03  0.0000E+00  0.0000E+00
     1     1     1     2        0  0.3124E+05  0.7001E+02  0.0000E+00  0.0000E+00
     1     1     1     3        0  0.3381E+05  0.4631E+02  0.0000E+00  0.0000E+00
     1     1     1     4        0  0.9275E+05  0.1000E+03  0.0000E+00  0.0000E+00
     1     1     1     5        0  0.1413E+04  0.1000E+03  0.0000E+00  0.0000E+00
     1     1     1     6        0  0.4591E+03  0.5732E+00  0.0000E+00  0.0000E+00
     1     1     1     7        0  0.6947E+02  0.9486E-01  0.0000E+00  0.0000E+00
     1     1     1     8        0  0.0000E+00  0.7479E-02  0.0000E+00  0.0000E+00
     1     2     1     1        0  0.0000E+00  0.4674E-01  0.0000E+00  0.0000E+00
     1     2     1     2        0  0.0000E+00  0.2364E-04  0.0000E+00  0.0000E+00
     1     3     1     1        0  0.0000E+00  0.4671E-01  0.0000E+00  0.0000E+00
     1     3     1     2        0  0.0000E+00  0.2359E-04  0.0000E+00  0.0000E+00
     1     4     1     1        0  0.0000E+00  0.5834E-01  0.0000E+00  0.0000E+00
     1     4     1     2        0  0.0000E+00  0.5503E-04  0.0000E+00  0.0000E+00
     1     5     1     1        0  0.0000E+00  0.8159E-01  0.0000E+00  0.0000E+00
     1     5     1     2        0  0.0000E+00  0.1427E-03  0.0000E+00  0.0000E+00
     1     6     1     1        0  0.0000E+00  0.9313E-01  0.0000E+00  0.0000E+00
     1     6     1     2        0  0.0000E+00  0.1855E-03  0.0000E+00  0.0000E+00
     1     7     1     1        0  0.0000E+00  0.8140E-01  0.0000E+00  0.0000E+00
     1     7     1     2        0  0.0000E+00  0.1066E-03  0.0000E+00  0.0000E+00
