SUMMARY OF C0NVERGENCE INFORMATION
  STEP   INC  ATT   ITER     CONT.   RESID.        CORR.      RESID.      CORR.
                              EL.    FORCE         DISP       FLUX        TEMP.
                              (#)     (%)           (%)        (%)         (%)
     1     1     1     1        0  0.9639E+04  0.1000E+03  0.0000E+00  0.0000E+00
     1     1     1     2        0  0.4638E+05  0.7365E+02  0.0000E+00  0.0000E+00
     1     1     1     3        0  0.2510E+05  0.6018E+02  0.0000E+00  0.0000E+00
     1     1     1     4        0  0.8507E+04  0.3785E+02  0.0000E+00  0.0000E+00
     1     1     1     5        0  0.8222E+03  0.1000E+03  0.0000E+00  0.0000E+00
     1     1     1     6        0  0.2173E-01  0.1772E+00  0.0000E+00  0.0000E+00
     1     2     1     1        0  0.0000E+00  0.6794E-01  0.0000E+00  0.0000E+00
     1     2     1     2        0  0.0000E+00  0.4154E-03  0.0000E+00  0.0000E+00
     1     3     1     1        0  0.0000E+00  0.6874E-01  0.0000E+00  0.0000E+00
     1     3     1     2        0  0.0000E+00  0.4078E-03  0.0000E+00  0.0000E+00
     1     4     1     1        0  0.0000E+00  0.8573E-01  0.0000E+00  0.0000E+00
     1     4     1     2        0  0.0000E+00  0.9363E-03  0.0000E+00  0.0000E+00
     1     5     1     1        0  0.0000E+00  0.1203E+00  0.0000E+00  0.0000E+00
     1     5     1     2        0  0.0000E+00  0.2331E-02  0.0000E+00  0.0000E+00
     1     6     1     1        0  0.0000E+00  0.1378E+00  0.0000E+00  0.0000E+00
     1     6     1     2        0  0.0000E+00  0.3003E-02  0.0000E+00  0.0000E+00
     1     7     1     1        0  0.0000E+00  0.1208E+00  0.0000E+00  0.0000E+00
     1     7     1     2        0  0.0000E+00  0.1799E-02  0.0000E+00  0.0000E+00
