
************************************************************

CalculiX Version 2.23, Copyright(C) 1998-2025 Guido Dhondt
CalculiX comes with ABSOLUTELY NO WARRANTY. This is free
software, and you are welcome to redistribute it under
certain conditions, see gpl.htm

************************************************************

You are using an executable made on Sun Oct 19 18:23:34 CEST 2025
 Decascading the MPC's

 Determining the structure of the matrix:
 Using up to 2 cpu(s) for setting up the structure of the matrix.
 number of equations
 447613
 number of nonzero lower triangular matrix elements
 14716559

 increment 1 attempt 1 
 increment size= 1.000000e-01
 sum of previous increments=0.000000e+00
 actual step time=1.000000e-01
 actual total time=1.000000e-01

 iteration 1

 Using up to 2 cpu(s) for the stress calculation.

 Using up to 2 cpu(s) for the symmetric stiffness/mass contributions.

 Factoring the system of equations using the symmetric spooles solver
 Using 1 cpu for spooles.

 Using up to 2 cpu(s) for the stress calculation.

 average force= 0.001821
 time avg. forc= 0.001821
 largest residual force= 0.175481 in node 19414 and dof 3
 largest increment of disp= 3.341167e-02
 largest correction to disp= 3.341167e-02 in node 13 and dof 3

 no convergence

 iteration 2

 Using up to 2 cpu(s) for the symmetric stiffness/mass contributions.

 Factoring the system of equations using the symmetric spooles solver
 Using 1 cpu for spooles.

 Using up to 2 cpu(s) for the stress calculation.

 average force= 0.002515
 time avg. forc= 0.002515
 largest residual force= 1.166424 in node 94363 and dof 3
 largest increment of disp= 3.341167e-02
 largest correction to disp= 2.460804e-02 in node 84825 and dof 3

 no convergence

 iteration 3

 Using up to 2 cpu(s) for the symmetric stiffness/mass contributions.

 Factoring the system of equations using the symmetric spooles solver
 Using 1 cpu for spooles.

 Using up to 2 cpu(s) for the stress calculation.

 average force= 0.003188
 time avg. forc= 0.003188
 largest residual force= 0.800194 in node 94385 and dof 3
 largest increment of disp= 3.341167e-02
 largest correction to disp= 2.010762e-02 in node 13 and dof 3

 no convergence

 iteration 4

 Using up to 2 cpu(s) for the symmetric stiffness/mass contributions.

 Factoring the system of equations using the symmetric spooles solver
 Using 1 cpu for spooles.

 Using up to 2 cpu(s) for the stress calculation.

 average force= 0.003601
 time avg. forc= 0.003601
 largest residual force= 0.306318 in node 19446 and dof 3
 largest increment of disp= 3.341167e-02
 largest correction to disp= 1.264609e-02 in node 13 and dof 3

 no convergence

 iteration 5

 Using up to 2 cpu(s) for the symmetric stiffness/mass contributions.

 Factoring the system of equations using the symmetric spooles solver
 Using 1 cpu for spooles.

 Using up to 2 cpu(s) for the stress calculation.

 average force= 0.004852
 time avg. forc= 0.004852
 largest residual force= 0.039894 in node 85707 and dof 2
 largest increment of disp= 1.460949e-01
 largest correction to disp= 1.460949e-01 in node 84778 and dof 3

 no convergence

 iteration 6

 Using up to 2 cpu(s) for the symmetric stiffness/mass contributions.

 Factoring the system of equations using the symmetric spooles solver
 Using 1 cpu for spooles.

 Using up to 2 cpu(s) for the stress calculation.

 average force= 0.004805
 time avg. forc= 0.004805
 largest residual force= 0.000001 in node 19680 and dof 1
 largest increment of disp= 1.460949e-01
 largest correction to disp= 2.588982e-04 in node 17760 and dof 3

 convergence

 increment 2 attempt 1 
 increment size= 1.000000e-01
 sum of previous increments=1.000000e-01
 actual step time=2.000000e-01
 actual total time=2.000000e-01

 iteration 1

 Using up to 2 cpu(s) for the stress calculation.

 Using up to 2 cpu(s) for the symmetric stiffness/mass contributions.

 Factoring the system of equations using the symmetric spooles solver
 Using 1 cpu for spooles.

 Using up to 2 cpu(s) for the stress calculation.

 average force= 0.009610
 time avg. forc= 0.007207
 largest residual force= 0.000000 in node 38071 and dof 1
 largest increment of disp= 1.544369e-01
 largest correction to disp= 1.049233e-04 in node 2020 and dof 1

 no convergence

 iteration 2

 Using up to 2 cpu(s) for the symmetric stiffness/mass contributions.

 Factoring the system of equations using the symmetric spooles solver
 Using 1 cpu for spooles.

 Using up to 2 cpu(s) for the stress calculation.

 average force= 0.009610
 time avg. forc= 0.007207
 largest residual force= 0.000000 in node 57871 and dof 1
 largest increment of disp= 1.544369e-01
 largest correction to disp= 6.415149e-07 in node 2809 and dof 1

 convergence

 increment 3 attempt 1 
 increment size= 1.000000e-01
 sum of previous increments=2.000000e-01
 actual step time=3.000000e-01
 actual total time=3.000000e-01

 iteration 1

 Using up to 2 cpu(s) for the stress calculation.

 Using up to 2 cpu(s) for the symmetric stiffness/mass contributions.

 Factoring the system of equations using the symmetric spooles solver
 Using 1 cpu for spooles.

 Using up to 2 cpu(s) for the stress calculation.

 average force= 0.014416
 time avg. forc= 0.009610
 largest residual force= 0.000000 in node 38071 and dof 1
 largest increment of disp= 1.544344e-01
 largest correction to disp= 1.061599e-04 in node 2020 and dof 1

 no convergence

 iteration 2

 Using up to 2 cpu(s) for the symmetric stiffness/mass contributions.

 Factoring the system of equations using the symmetric spooles solver
 Using 1 cpu for spooles.

 Using up to 2 cpu(s) for the stress calculation.

 average force= 0.014416
 time avg. forc= 0.009610
 largest residual force= 0.000000 in node 77072 and dof 3
 largest increment of disp= 1.544344e-01
 largest correction to disp= 6.297683e-07 in node 2809 and dof 1

 convergence; the increment size is increased to 1.500000e-01

 increment 4 attempt 1 
 increment size= 1.500000e-01
 sum of previous increments=3.000000e-01
 actual step time=4.500000e-01
 actual total time=4.500000e-01

 iteration 1

 Using up to 2 cpu(s) for the stress calculation.

 Using up to 2 cpu(s) for the symmetric stiffness/mass contributions.

 Factoring the system of equations using the symmetric spooles solver
 Using 1 cpu for spooles.

 Using up to 2 cpu(s) for the stress calculation.

 average force= 0.021625
 time avg. forc= 0.012614
 largest residual force= 0.000000 in node 38071 and dof 1
 largest increment of disp= 2.316470e-01
 largest correction to disp= 1.985922e-04 in node 2020 and dof 1

 no convergence

 iteration 2

 Using up to 2 cpu(s) for the symmetric stiffness/mass contributions.

 Factoring the system of equations using the symmetric spooles solver
 Using 1 cpu for spooles.

 Using up to 2 cpu(s) for the stress calculation.

 average force= 0.021625
 time avg. forc= 0.012614
 largest residual force= 0.000000 in node 57871 and dof 1
 largest increment of disp= 2.316470e-01
 largest correction to disp= 2.168992e-06 in node 2809 and dof 1

 convergence; the increment size is increased to 2.250000e-01

 the increment size exceeds the maximum allowed and is decreased to 2.000000e-01

 increment 5 attempt 1 
 increment size= 2.000000e-01
 sum of previous increments=4.500000e-01
 actual step time=6.500000e-01
 actual total time=6.500000e-01

 iteration 1

 Using up to 2 cpu(s) for the stress calculation.

 Using up to 2 cpu(s) for the symmetric stiffness/mass contributions.

 Factoring the system of equations using the symmetric spooles solver
 Using 1 cpu for spooles.

 Using up to 2 cpu(s) for the stress calculation.

 average force= 0.031241
 time avg. forc= 0.016339
 largest residual force= 0.000000 in node 38071 and dof 1
 largest increment of disp= 3.088539e-01
 largest correction to disp= 3.714294e-04 in node 2020 and dof 1

 no convergence

 iteration 2

 Using up to 2 cpu(s) for the symmetric stiffness/mass contributions.

 Factoring the system of equations using the symmetric spooles solver
 Using 1 cpu for spooles.

 Using up to 2 cpu(s) for the stress calculation.

 average force= 0.031241
 time avg. forc= 0.016339
 largest residual force= 0.000000 in node 57871 and dof 1
 largest increment of disp= 3.088539e-01
 largest correction to disp= 7.199593e-06 in node 2908 and dof 1

 convergence; the increment size is increased to 3.000000e-01

 the increment size exceeds the maximum allowed and is decreased to 2.000000e-01

 increment 6 attempt 1 
 increment size= 2.000000e-01
 sum of previous increments=6.500000e-01
 actual step time=8.500000e-01
 actual total time=8.500000e-01

 iteration 1

 Using up to 2 cpu(s) for the stress calculation.

 Using up to 2 cpu(s) for the symmetric stiffness/mass contributions.

 Factoring the system of equations using the symmetric spooles solver
 Using 1 cpu for spooles.

 Using up to 2 cpu(s) for the stress calculation.

 average force= 0.040860
 time avg. forc= 0.020426
 largest residual force= 0.000000 in node 38071 and dof 1
 largest increment of disp= 3.088395e-01
 largest correction to disp= 4.254875e-04 in node 2020 and dof 1

 no convergence

 iteration 2

 Using up to 2 cpu(s) for the symmetric stiffness/mass contributions.

 Factoring the system of equations using the symmetric spooles solver
 Using 1 cpu for spooles.

 Using up to 2 cpu(s) for the stress calculation.

 average force= 0.040860
 time avg. forc= 0.020426
 largest residual force= 0.000000 in node 57871 and dof 1
 largest increment of disp= 3.088395e-01
 largest correction to disp= 9.274732e-06 in node 2908 and dof 1

 convergence; the increment size is increased to 3.000000e-01

 the increment size exceeds the maximum allowed and is decreased to 2.000000e-01

 the increment size exceeds the remainder of the step and is decreased to 1.500000e-01

 increment 7 attempt 1 
 increment size= 1.500000e-01
 sum of previous increments=8.500000e-01
 actual step time=1.000000e+00
 actual total time=1.000000e+00

 iteration 1

 Using up to 2 cpu(s) for the stress calculation.

 Using up to 2 cpu(s) for the symmetric stiffness/mass contributions.

 Factoring the system of equations using the symmetric spooles solver
 Using 1 cpu for spooles.

 Using up to 2 cpu(s) for the stress calculation.

 average force= 0.048077
 time avg. forc= 0.024376
 largest residual force= 0.000000 in node 38071 and dof 1
 largest increment of disp= 2.316151e-01
 largest correction to disp= 2.798707e-04 in node 2027 and dof 1

 no convergence

 iteration 2

 Using up to 2 cpu(s) for the symmetric stiffness/mass contributions.

 Factoring the system of equations using the symmetric spooles solver
 Using 1 cpu for spooles.

 Using up to 2 cpu(s) for the stress calculation.

 average force= 0.048077
 time avg. forc= 0.024376
 largest residual force= 0.000000 in node 57871 and dof 1
 largest increment of disp= 2.316151e-01
 largest correction to disp= 4.166082e-06 in node 2908 and dof 1

 convergence; the increment size is increased to 2.250000e-01

 the increment size exceeds the maximum allowed and is decreased to 2.000000e-01

 the increment size exceeds the remainder of the step and is decreased to 0.000000e+00

 Using up to 2 cpu(s) for the stress calculation.


  The numbers below are estimated upper bounds

  number of:

   nodes:       151462
   elements:        72811
   one-dimensional elements:            0
   two-dimensional elements:            0
   integration points per element:            4
   degrees of freedom per node:            3
   layers per element:            1

   distributed facial loads:            0
   distributed volumetric loads:            0
   concentrated loads:           33
   single point constraints:         6773
   multiple point constraints:            1
   terms in all multiple point constraints:            1
   tie constraints:            0
   dependent nodes tied by cyclic constraints:            0
   dependent nodes in pre-tension constraints:            0

   sets:           18
   terms in all sets:       454948

   materials:            2
   constants per material and temperature:            9
   temperature points per material:            1
   plastic data points per material:            0

   orientations:            0
   amplitudes:            2
   data points in all amplitudes:            2
   print requests:            2
   transformations:            0
   property cards:            0


 STEP            1

 *INFO reading *STEP: nonlinear geometric
       effects are turned on

 *INFO: time control parameters set to:
        i0 =           12
        ir =           20
        ip =           99
        ic =           40
        il =           12
        ig =            4
        is =            0
        ia =           10
        ij =            0
        it =            0
        df =   0.25000000000000000     
        dc =   0.50000000000000000     
        db =   0.75000000000000000     
        da =   0.84999999999999998     
        ds =    0.0000000000000000     
        dh =    0.0000000000000000     
        dd =    1.5000000000000000     
        wg =    0.0000000000000000     
 Static analysis was selected

 Newton-Raphson iterative procedure is active

 Nonlinear geometric effects are taken into account


 Job finished

________________________________________

Total CalculiX Time: 219.686184
________________________________________
