SUMMARY OF C0NVERGENCE INFORMATION
  STEP   INC  ATT   ITER     CONT.   RESID.        CORR.      RESID.      CORR.
                              EL.    FORCE         DISP       FLUX        TEMP.
                              (#)     (%)           (%)        (%)         (%)
     1     1     1     1        0  0.2041E+04  0.1000E+03  0.0000E+00  0.0000E+00
     1     1     1     2        0  0.1527E+03  0.9527E+00  0.0000E+00  0.0000E+00
     1     1     1     3        0  0.1013E+03  0.2147E+00  0.0000E+00  0.0000E+00
     1     1     1     4        0  0.8426E+02  0.5664E-01  0.0000E+00  0.0000E+00
     1     1     1     5        0  0.8230E+02  0.1181E+00  0.0000E+00  0.0000E+00
     1     1     1     6        0  0.9294E+01  0.1742E+00  0.0000E+00  0.0000E+00
     1     1     1     7        0  0.3229E+01  0.2397E-02  0.0000E+00  0.0000E+00
     1     1     1     8        0  0.4587E+00  0.1297E-02  0.0000E+00  0.0000E+00
     1     2     1     1        0  0.1282E+01  0.1867E+01  0.0000E+00  0.0000E+00
     1     2     1     2        0  0.0000E+00  0.9273E-01  0.0000E+00  0.0000E+00
     1     3     1     1        0  0.8543E+00  0.1821E+01  0.0000E+00  0.0000E+00
     1     3     1     2        0  0.0000E+00  0.7457E-01  0.0000E+00  0.0000E+00
     1     4     1     1        0  0.1855E+01  0.2151E+01  0.0000E+00  0.0000E+00
     1     4     1     2        0  0.1506E-01  0.1216E+00  0.0000E+00  0.0000E+00
     1     5     1     1        0  0.3804E+01  0.2778E+01  0.0000E+00  0.0000E+00
     1     5     1     2        0  0.7907E-01  0.2632E+00  0.0000E+00  0.0000E+00
     1     6     1     1        0  0.3277E+01  0.3000E+01  0.0000E+00  0.0000E+00
     1     6     1     2        0  0.6286E-01  0.2880E+00  0.0000E+00  0.0000E+00
     1     7     1     1        0  0.1092E+01  0.2574E+01  0.0000E+00  0.0000E+00
     1     7     1     2        0  0.6418E-02  0.1451E+00  0.0000E+00  0.0000E+00
