SUMMARY OF C0NVERGENCE INFORMATION
  STEP   INC  ATT   ITER     CONT.   RESID.        CORR.      RESID.      CORR.
                              EL.    FORCE         DISP       FLUX        TEMP.
                              (#)     (%)           (%)        (%)         (%)
     1     1     1     1        0  0.2515E+05  0.1000E+03  0.0000E+00  0.0000E+00
     1     1     1     2        0  0.5405E+05  0.9308E+02  0.0000E+00  0.0000E+00
     1     1     1     3        0  0.3371E+05  0.7329E+02  0.0000E+00  0.0000E+00
     1     1     1     4        0  0.4687E+05  0.5497E+02  0.0000E+00  0.0000E+00
     1     1     1     5        0  0.4907E+04  0.1000E+03  0.0000E+00  0.0000E+00
     1     1     1     6        0  0.1684E+04  0.1141E+01  0.0000E+00  0.0000E+00
     1     1     1     7        0  0.3177E+03  0.3366E+00  0.0000E+00  0.0000E+00
     1     1     1     8        0  0.0000E+00  0.1772E-01  0.0000E+00  0.0000E+00
     1     2     1     1        0  0.0000E+00  0.9232E-01  0.0000E+00  0.0000E+00
     1     2     1     2        0  0.0000E+00  0.9660E-04  0.0000E+00  0.0000E+00
     1     3     1     1        0  0.0000E+00  0.9246E-01  0.0000E+00  0.0000E+00
     1     3     1     2        0  0.0000E+00  0.9676E-04  0.0000E+00  0.0000E+00
     1     4     1     1        0  0.0000E+00  0.1157E+00  0.0000E+00  0.0000E+00
     1     4     1     2        0  0.0000E+00  0.2270E-03  0.0000E+00  0.0000E+00
     1     5     1     1        0  0.0000E+00  0.1621E+00  0.0000E+00  0.0000E+00
     1     5     1     2        0  0.0000E+00  0.5936E-03  0.0000E+00  0.0000E+00
     1     6     1     1        0  0.0000E+00  0.1856E+00  0.0000E+00  0.0000E+00
     1     6     1     2        0  0.0000E+00  0.7772E-03  0.0000E+00  0.0000E+00
     1     7     1     1        0  0.0000E+00  0.1631E+00  0.0000E+00  0.0000E+00
     1     7     1     2        0  0.0000E+00  0.4483E-03  0.0000E+00  0.0000E+00
