{
  "valid": true,
  "solid_count": 1,
  "volume_mm3": 141823.99999999977,
  "bbox_mm": [
    316.0,
    396.0,
    8.0
  ],
  "z_extent_mm": [
    27.0,
    35.0
  ],
  "artifact": "AP22_REAR_PC_CF_FRAME_G2_REV_C.step",
  "gate": "one-solid base kernel required before legal local bridge restoration",
  "limitations": [
    "coarse keep-outs only",
    "exact exciter STEP not imported",
    "exact ESP32/radar masks not imported",
    "local open-web bridges not yet restored",
    "not FEA release"
  ]
}
