SUMMARY OF C0NVERGENCE INFORMATION
  STEP   INC  ATT   ITER     CONT.   RESID.        CORR.      RESID.      CORR.
                              EL.    FORCE         DISP       FLUX        TEMP.
                              (#)     (%)           (%)        (%)         (%)
     1     1     1     1        0  0.9588E+04  0.1000E+03  0.0000E+00  0.0000E+00
     1     1     1     2        0  0.4599E+05  0.5965E+02  0.0000E+00  0.0000E+00
     1     1     1     3        0  0.2485E+05  0.5588E+02  0.0000E+00  0.0000E+00
     1     1     1     4        0  0.8619E+04  0.3410E+02  0.0000E+00  0.0000E+00
     1     1     1     5        0  0.7916E+03  0.1000E+03  0.0000E+00  0.0000E+00
     1     1     1     6        0  0.5466E-01  0.1779E+00  0.0000E+00  0.0000E+00
     1     2     1     1        0  0.0000E+00  0.9216E-01  0.0000E+00  0.0000E+00
     1     2     1     2        0  0.0000E+00  0.5088E-04  0.0000E+00  0.0000E+00
     1     3     1     1        0  0.0000E+00  0.9217E-01  0.0000E+00  0.0000E+00
     1     3     1     2        0  0.0000E+00  0.5070E-04  0.0000E+00  0.0000E+00
     1     4     1     1        0  0.0000E+00  0.1151E+00  0.0000E+00  0.0000E+00
     1     4     1     2        0  0.0000E+00  0.1180E-03  0.0000E+00  0.0000E+00
     1     5     1     1        0  0.0000E+00  0.1610E+00  0.0000E+00  0.0000E+00
     1     5     1     2        0  0.0000E+00  0.3053E-03  0.0000E+00  0.0000E+00
     1     6     1     1        0  0.0000E+00  0.1838E+00  0.0000E+00  0.0000E+00
     1     6     1     2        0  0.0000E+00  0.3953E-03  0.0000E+00  0.0000E+00
     1     7     1     1        0  0.0000E+00  0.1609E+00  0.0000E+00  0.0000E+00
     1     7     1     2        0  0.0000E+00  0.2260E-03  0.0000E+00  0.0000E+00
