SUMMARY OF C0NVERGENCE INFORMATION
  STEP   INC  ATT   ITER     CONT.   RESID.        CORR.      RESID.      CORR.
                              EL.    FORCE         DISP       FLUX        TEMP.
                              (#)     (%)           (%)        (%)         (%)
     1     1     1     1        0  0.1389E+05  0.1000E+03  0.0000E+00  0.0000E+00
     1     1     1     2        0  0.5154E+05  0.5517E+02  0.0000E+00  0.0000E+00
     1     1     1     3        0  0.2761E+05  0.8933E+01  0.0000E+00  0.0000E+00
     1     1     1     4        0  0.1305E+05  0.5168E+01  0.0000E+00  0.0000E+00
     1     1     1     5        0  0.5117E+03  0.1000E+03  0.0000E+00  0.0000E+00
     1     1     1     6        0  0.0000E+00  0.1240E+00  0.0000E+00  0.0000E+00
     1     2     1     1        0  0.0000E+00  0.1983E-01  0.0000E+00  0.0000E+00
     1     2     1     2        0  0.0000E+00  0.6022E-06  0.0000E+00  0.0000E+00
     1     3     1     1        0  0.0000E+00  0.1982E-01  0.0000E+00  0.0000E+00
     1     3     1     2        0  0.0000E+00  0.6052E-06  0.0000E+00  0.0000E+00
     1     4     1     1        0  0.0000E+00  0.2477E-01  0.0000E+00  0.0000E+00
     1     4     1     2        0  0.0000E+00  0.1417E-05  0.0000E+00  0.0000E+00
     1     5     1     1        0  0.0000E+00  0.3467E-01  0.0000E+00  0.0000E+00
     1     5     1     2        0  0.0000E+00  0.3706E-05  0.0000E+00  0.0000E+00
     1     6     1     1        0  0.0000E+00  0.3961E-01  0.0000E+00  0.0000E+00
     1     6     1     2        0  0.0000E+00  0.4845E-05  0.0000E+00  0.0000E+00
     1     7     1     1        0  0.0000E+00  0.3464E-01  0.0000E+00  0.0000E+00
     1     7     1     2        0  0.0000E+00  0.2785E-05  0.0000E+00  0.0000E+00
