
************************************************************

CalculiX Version 2.23, Copyright(C) 1998-2025 Guido Dhondt
CalculiX comes with ABSOLUTELY NO WARRANTY. This is free
software, and you are welcome to redistribute it under
certain conditions, see gpl.htm

************************************************************

You are using an executable made on Sun Oct 19 18:23:34 CEST 2025
 Decascading the MPC's

 Determining the structure of the matrix:
 Using up to 2 cpu(s) for setting up the structure of the matrix.
 number of equations
 477371
 number of nonzero lower triangular matrix elements
 16309001

 increment 1 attempt 1 
 increment size= 1.000000e-01
 sum of previous increments=0.000000e+00
 actual step time=1.000000e-01
 actual total time=1.000000e-01

 iteration 1

 Using up to 2 cpu(s) for the stress calculation.

 Using up to 2 cpu(s) for the symmetric stiffness/mass contributions.

 Factoring the system of equations using the symmetric spooles solver
 Using 1 cpu for spooles.

 Using up to 2 cpu(s) for the stress calculation.

 average force= 0.001384
 time avg. forc= 0.001384
 largest residual force= 0.192232 in node 14084 and dof 3
 largest increment of disp= 2.714408e-02
 largest correction to disp= 2.714408e-02 in node 613 and dof 3

 no convergence

 iteration 2

 Using up to 2 cpu(s) for the symmetric stiffness/mass contributions.

 Factoring the system of equations using the symmetric spooles solver
 Using 1 cpu for spooles.

 Using up to 2 cpu(s) for the stress calculation.

 average force= 0.001195
 time avg. forc= 0.001195
 largest residual force= 0.616020 in node 86797 and dof 3
 largest increment of disp= 2.714408e-02
 largest correction to disp= 1.497621e-02 in node 79903 and dof 3

 no convergence

 iteration 3

 Using up to 2 cpu(s) for the symmetric stiffness/mass contributions.

 Factoring the system of equations using the symmetric spooles solver
 Using 1 cpu for spooles.

 Using up to 2 cpu(s) for the stress calculation.

 average force= 0.001129
 time avg. forc= 0.001129
 largest residual force= 0.311808 in node 86774 and dof 3
 largest increment of disp= 2.714408e-02
 largest correction to disp= 2.424908e-03 in node 14547 and dof 3

 no convergence

 iteration 4

 Using up to 2 cpu(s) for the symmetric stiffness/mass contributions.

 Factoring the system of equations using the symmetric spooles solver
 Using 1 cpu for spooles.

 Using up to 2 cpu(s) for the stress calculation.

 average force= 0.001097
 time avg. forc= 0.001097
 largest residual force= 0.143135 in node 14053 and dof 3
 largest increment of disp= 2.714408e-02
 largest correction to disp= 1.402675e-03 in node 14555 and dof 3

 no convergence

 iteration 5

 Using up to 2 cpu(s) for the symmetric stiffness/mass contributions.

 Factoring the system of equations using the symmetric spooles solver
 Using 1 cpu for spooles.

 Using up to 2 cpu(s) for the stress calculation.

 average force= 0.000805
 time avg. forc= 0.000805
 largest residual force= 0.004121 in node 80487 and dof 2
 largest increment of disp= 4.194216e-02
 largest correction to disp= 4.194216e-02 in node 79930 and dof 3

 no convergence

 iteration 6

 Using up to 2 cpu(s) for the symmetric stiffness/mass contributions.

 Factoring the system of equations using the symmetric spooles solver
 Using 1 cpu for spooles.

 Using up to 2 cpu(s) for the stress calculation.

 average force= 0.000803
 time avg. forc= 0.000803
 largest residual force= 0.000000 in node 14574 and dof 1
 largest increment of disp= 4.194216e-02
 largest correction to disp= 5.201961e-05 in node 11142 and dof 1

 convergence

 increment 2 attempt 1 
 increment size= 1.000000e-01
 sum of previous increments=1.000000e-01
 actual step time=2.000000e-01
 actual total time=2.000000e-01

 iteration 1

 Using up to 2 cpu(s) for the stress calculation.

 Using up to 2 cpu(s) for the symmetric stiffness/mass contributions.

 Factoring the system of equations using the symmetric spooles solver
 Using 1 cpu for spooles.

 Using up to 2 cpu(s) for the stress calculation.

 average force= 0.001605
 time avg. forc= 0.001204
 largest residual force= 0.000000 in node 25157 and dof 1
 largest increment of disp= 2.654702e-02
 largest correction to disp= 5.265367e-06 in node 18 and dof 1

 no convergence

 iteration 2

 Using up to 2 cpu(s) for the symmetric stiffness/mass contributions.

 Factoring the system of equations using the symmetric spooles solver
 Using 1 cpu for spooles.

 Using up to 2 cpu(s) for the stress calculation.

 average force= 0.001605
 time avg. forc= 0.001204
 largest residual force= 0.000000 in node 58127 and dof 3
 largest increment of disp= 2.654702e-02
 largest correction to disp= 1.598730e-10 in node 62311 and dof 1

 convergence

 increment 3 attempt 1 
 increment size= 1.000000e-01
 sum of previous increments=2.000000e-01
 actual step time=3.000000e-01
 actual total time=3.000000e-01

 iteration 1

 Using up to 2 cpu(s) for the stress calculation.

 Using up to 2 cpu(s) for the symmetric stiffness/mass contributions.

 Factoring the system of equations using the symmetric spooles solver
 Using 1 cpu for spooles.

 Using up to 2 cpu(s) for the stress calculation.

 average force= 0.002408
 time avg. forc= 0.001605
 largest residual force= 0.000000 in node 25157 and dof 1
 largest increment of disp= 2.654600e-02
 largest correction to disp= 5.261489e-06 in node 18 and dof 1

 no convergence

 iteration 2

 Using up to 2 cpu(s) for the symmetric stiffness/mass contributions.

 Factoring the system of equations using the symmetric spooles solver
 Using 1 cpu for spooles.

 Using up to 2 cpu(s) for the stress calculation.

 average force= 0.002408
 time avg. forc= 0.001605
 largest residual force= 0.000000 in node 160840 and dof 3
 largest increment of disp= 2.654600e-02
 largest correction to disp= 1.606575e-10 in node 62311 and dof 1

 convergence; the increment size is increased to 1.500000e-01

 increment 4 attempt 1 
 increment size= 1.500000e-01
 sum of previous increments=3.000000e-01
 actual step time=4.500000e-01
 actual total time=4.500000e-01

 iteration 1

 Using up to 2 cpu(s) for the stress calculation.

 Using up to 2 cpu(s) for the symmetric stiffness/mass contributions.

 Factoring the system of equations using the symmetric spooles solver
 Using 1 cpu for spooles.

 Using up to 2 cpu(s) for the stress calculation.

 average force= 0.003611
 time avg. forc= 0.002107
 largest residual force= 0.000000 in node 25157 and dof 1
 largest increment of disp= 3.981747e-02
 largest correction to disp= 9.863811e-06 in node 18 and dof 1

 no convergence

 iteration 2

 Using up to 2 cpu(s) for the symmetric stiffness/mass contributions.

 Factoring the system of equations using the symmetric spooles solver
 Using 1 cpu for spooles.

 Using up to 2 cpu(s) for the stress calculation.

 average force= 0.003611
 time avg. forc= 0.002107
 largest residual force= 0.000000 in node 84433 and dof 3
 largest increment of disp= 3.981747e-02
 largest correction to disp= 5.642736e-10 in node 62311 and dof 1

 convergence; the increment size is increased to 2.250000e-01

 the increment size exceeds the maximum allowed and is decreased to 2.000000e-01

 increment 5 attempt 1 
 increment size= 2.000000e-01
 sum of previous increments=4.500000e-01
 actual step time=6.500000e-01
 actual total time=6.500000e-01

 iteration 1

 Using up to 2 cpu(s) for the stress calculation.

 Using up to 2 cpu(s) for the symmetric stiffness/mass contributions.

 Factoring the system of equations using the symmetric spooles solver
 Using 1 cpu for spooles.

 Using up to 2 cpu(s) for the stress calculation.

 average force= 0.005216
 time avg. forc= 0.002729
 largest residual force= 0.000000 in node 25157 and dof 1
 largest increment of disp= 5.308742e-02
 largest correction to disp= 1.840484e-05 in node 18 and dof 1

 no convergence

 iteration 2

 Using up to 2 cpu(s) for the symmetric stiffness/mass contributions.

 Factoring the system of equations using the symmetric spooles solver
 Using 1 cpu for spooles.

 Using up to 2 cpu(s) for the stress calculation.

 average force= 0.005216
 time avg. forc= 0.002729
 largest residual force= 0.000000 in node 105880 and dof 3
 largest increment of disp= 5.308742e-02
 largest correction to disp= 1.967394e-09 in node 62311 and dof 1

 convergence; the increment size is increased to 3.000000e-01

 the increment size exceeds the maximum allowed and is decreased to 2.000000e-01

 increment 6 attempt 1 
 increment size= 2.000000e-01
 sum of previous increments=6.500000e-01
 actual step time=8.500000e-01
 actual total time=8.500000e-01

 iteration 1

 Using up to 2 cpu(s) for the stress calculation.

 Using up to 2 cpu(s) for the symmetric stiffness/mass contributions.

 Factoring the system of equations using the symmetric spooles solver
 Using 1 cpu for spooles.

 Using up to 2 cpu(s) for the stress calculation.

 average force= 0.006821
 time avg. forc= 0.003411
 largest residual force= 0.000000 in node 25157 and dof 1
 largest increment of disp= 5.308386e-02
 largest correction to disp= 2.102415e-05 in node 18 and dof 1

 no convergence

 iteration 2

 Using up to 2 cpu(s) for the symmetric stiffness/mass contributions.

 Factoring the system of equations using the symmetric spooles solver
 Using 1 cpu for spooles.

 Using up to 2 cpu(s) for the stress calculation.

 average force= 0.006821
 time avg. forc= 0.003411
 largest residual force= 0.000000 in node 84433 and dof 3
 largest increment of disp= 5.308386e-02
 largest correction to disp= 2.571732e-09 in node 60275 and dof 1

 convergence; the increment size is increased to 3.000000e-01

 the increment size exceeds the maximum allowed and is decreased to 2.000000e-01

 the increment size exceeds the remainder of the step and is decreased to 1.500000e-01

 increment 7 attempt 1 
 increment size= 1.500000e-01
 sum of previous increments=8.500000e-01
 actual step time=1.000000e+00
 actual total time=1.000000e+00

 iteration 1

 Using up to 2 cpu(s) for the stress calculation.

 Using up to 2 cpu(s) for the symmetric stiffness/mass contributions.

 Factoring the system of equations using the symmetric spooles solver
 Using 1 cpu for spooles.

 Using up to 2 cpu(s) for the stress calculation.

 average force= 0.008024
 time avg. forc= 0.004070
 largest residual force= 0.000000 in node 25157 and dof 1
 largest increment of disp= 3.980984e-02
 largest correction to disp= 1.379112e-05 in node 18 and dof 1

 no convergence

 iteration 2

 Using up to 2 cpu(s) for the symmetric stiffness/mass contributions.

 Factoring the system of equations using the symmetric spooles solver
 Using 1 cpu for spooles.

 Using up to 2 cpu(s) for the stress calculation.

 average force= 0.008024
 time avg. forc= 0.004070
 largest residual force= 0.000000 in node 160840 and dof 3
 largest increment of disp= 3.980984e-02
 largest correction to disp= 1.108537e-09 in node 60275 and dof 1

 convergence; the increment size is increased to 2.250000e-01

 the increment size exceeds the maximum allowed and is decreased to 2.000000e-01

 the increment size exceeds the remainder of the step and is decreased to 0.000000e+00

 Using up to 2 cpu(s) for the stress calculation.


  The numbers below are estimated upper bounds

  number of:

   nodes:       161384
   elements:        82571
   one-dimensional elements:            0
   two-dimensional elements:            0
   integration points per element:            4
   degrees of freedom per node:            3
   layers per element:            1

   distributed facial loads:            0
   distributed volumetric loads:            0
   concentrated loads:            0
   single point constraints:         6781
   multiple point constraints:            1
   terms in all multiple point constraints:            1
   tie constraints:            0
   dependent nodes tied by cyclic constraints:            0
   dependent nodes in pre-tension constraints:            0

   sets:           18
   terms in all sets:       494314

   materials:            2
   constants per material and temperature:            9
   temperature points per material:            1
   plastic data points per material:            0

   orientations:            0
   amplitudes:            2
   data points in all amplitudes:            2
   print requests:            2
   transformations:            0
   property cards:            0


 STEP            1

 *INFO reading *STEP: nonlinear geometric
       effects are turned on

 Static analysis was selected

 Newton-Raphson iterative procedure is active

 Nonlinear geometric effects are taken into account


 Job finished

________________________________________

Total CalculiX Time: 425.772444
________________________________________
