SUMMARY OF C0NVERGENCE INFORMATION
  STEP   INC  ATT   ITER     CONT.   RESID.        CORR.      RESID.      CORR.
                              EL.    FORCE         DISP       FLUX        TEMP.
                              (#)     (%)           (%)        (%)         (%)
     1     1     1     1        0  0.5885E+04  0.1000E+03  0.0000E+00  0.0000E+00
     1     1     1     2        0  0.7837E+02  0.7809E+00  0.0000E+00  0.0000E+00
     1     1     1     3        0  0.5169E+02  0.3469E-01  0.0000E+00  0.0000E+00
     1     1     1     4        0  0.2837E+02  0.3556E-02  0.0000E+00  0.0000E+00
     1     1     1     5        0  0.3549E+01  0.7291E-03  0.0000E+00  0.0000E+00
     1     1     1     6        0  0.0000E+00  0.3354E-04  0.0000E+00  0.0000E+00
     1     2     1     1        0  0.1763E+01  0.1423E+01  0.0000E+00  0.0000E+00
     1     2     1     2        0  0.0000E+00  0.1078E+00  0.0000E+00  0.0000E+00
     1     3     1     1        0  0.1091E+01  0.1275E+01  0.0000E+00  0.0000E+00
     1     3     1     2        0  0.0000E+00  0.8678E-01  0.0000E+00  0.0000E+00
     1     4     1     1        0  0.2252E+01  0.1391E+01  0.0000E+00  0.0000E+00
     1     4     1     2        0  0.1426E-01  0.1314E+00  0.0000E+00  0.0000E+00
     1     5     1     1        0  0.4427E+01  0.1663E+01  0.0000E+00  0.0000E+00
     1     5     1     2        0  0.5174E-01  0.1843E+00  0.0000E+00  0.0000E+00
     1     6     1     1        0  0.3591E+01  0.1862E+01  0.0000E+00  0.0000E+00
     1     6     1     2        0  0.3062E-01  0.1381E+00  0.0000E+00  0.0000E+00
     1     7     1     1        0  0.1061E+01  0.1614E+01  0.0000E+00  0.0000E+00
     1     7     1     2        0  0.0000E+00  0.5180E-01  0.0000E+00  0.0000E+00
