
************************************************************

CalculiX Version 2.23, Copyright(C) 1998-2025 Guido Dhondt
CalculiX comes with ABSOLUTELY NO WARRANTY. This is free
software, and you are welcome to redistribute it under
certain conditions, see gpl.htm

************************************************************

You are using an executable made on Sun Oct 19 18:23:34 CEST 2025
 Decascading the MPC's

 Determining the structure of the matrix:
 Using up to 2 cpu(s) for setting up the structure of the matrix.
 number of equations
 477410
 number of nonzero lower triangular matrix elements
 16311149

 increment 1 attempt 1 
 increment size= 1.000000e-01
 sum of previous increments=0.000000e+00
 actual step time=1.000000e-01
 actual total time=1.000000e-01

 iteration 1

 Using up to 2 cpu(s) for the stress calculation.

 Using up to 2 cpu(s) for the symmetric stiffness/mass contributions.

 Factoring the system of equations using the symmetric spooles solver
 Using 1 cpu for spooles.

 Using up to 2 cpu(s) for the stress calculation.

 average force= 0.004943
 time avg. forc= 0.004943
 largest residual force= 0.290893 in node 80807 and dof 2
 largest increment of disp= 4.984779e-01
 largest correction to disp= 4.984779e-01 in node 191 and dof 2

 no convergence

 iteration 2

 Using up to 2 cpu(s) for the symmetric stiffness/mass contributions.

 Factoring the system of equations using the symmetric spooles solver
 Using 1 cpu for spooles.

 Using up to 2 cpu(s) for the stress calculation.

 average force= 0.004607
 time avg. forc= 0.004607
 largest residual force= 0.003611 in node 86745 and dof 3
 largest increment of disp= 4.984779e-01
 largest correction to disp= 3.892398e-03 in node 9440 and dof 1

 no convergence

 iteration 3

 Using up to 2 cpu(s) for the symmetric stiffness/mass contributions.

 Factoring the system of equations using the symmetric spooles solver
 Using 1 cpu for spooles.

 Using up to 2 cpu(s) for the stress calculation.

 average force= 0.004607
 time avg. forc= 0.004607
 largest residual force= 0.002381 in node 86737 and dof 3
 largest increment of disp= 4.984779e-01
 largest correction to disp= 1.729330e-04 in node 191 and dof 2

 no convergence

 iteration 4

 Using up to 2 cpu(s) for the symmetric stiffness/mass contributions.

 Factoring the system of equations using the symmetric spooles solver
 Using 1 cpu for spooles.

 Using up to 2 cpu(s) for the stress calculation.

 average force= 0.004607
 time avg. forc= 0.004607
 largest residual force= 0.001307 in node 86733 and dof 3
 largest increment of disp= 4.984779e-01
 largest correction to disp= 1.772433e-05 in node 76745 and dof 3

 no convergence

 iteration 5

 Using up to 2 cpu(s) for the symmetric stiffness/mass contributions.

 Factoring the system of equations using the symmetric spooles solver
 Using 1 cpu for spooles.

 Using up to 2 cpu(s) for the stress calculation.

 average force= 0.004607
 time avg. forc= 0.004607
 largest residual force= 0.000164 in node 86707 and dof 3
 largest increment of disp= 4.984779e-01
 largest correction to disp= 3.634204e-06 in node 76745 and dof 3

 no convergence

 iteration 6

 Using up to 2 cpu(s) for the symmetric stiffness/mass contributions.

 Factoring the system of equations using the symmetric spooles solver
 Using 1 cpu for spooles.

 Using up to 2 cpu(s) for the stress calculation.

 average force= 0.004607
 time avg. forc= 0.004607
 largest residual force= 0.000000 in node 86707 and dof 3
 largest increment of disp= 4.984779e-01
 largest correction to disp= 1.671890e-07 in node 86707 and dof 3

 convergence

 increment 2 attempt 1 
 increment size= 1.000000e-01
 sum of previous increments=1.000000e-01
 actual step time=2.000000e-01
 actual total time=2.000000e-01

 iteration 1

 Using up to 2 cpu(s) for the stress calculation.

 Using up to 2 cpu(s) for the symmetric stiffness/mass contributions.

 Factoring the system of equations using the symmetric spooles solver
 Using 1 cpu for spooles.

 Using up to 2 cpu(s) for the stress calculation.

 average force= 0.009204
 time avg. forc= 0.006906
 largest residual force= 0.000122 in node 81334 and dof 1
 largest increment of disp= 4.968192e-01
 largest correction to disp= 7.071724e-03 in node 62449 and dof 1

 no convergence

 iteration 2

 Using up to 2 cpu(s) for the symmetric stiffness/mass contributions.

 Factoring the system of equations using the symmetric spooles solver
 Using 1 cpu for spooles.

 Using up to 2 cpu(s) for the stress calculation.

 average force= 0.009203
 time avg. forc= 0.006905
 largest residual force= 0.000000 in node 74304 and dof 2
 largest increment of disp= 4.968192e-01
 largest correction to disp= 5.355165e-04 in node 191 and dof 2

 convergence

 increment 3 attempt 1 
 increment size= 1.000000e-01
 sum of previous increments=2.000000e-01
 actual step time=3.000000e-01
 actual total time=3.000000e-01

 iteration 1

 Using up to 2 cpu(s) for the stress calculation.

 Using up to 2 cpu(s) for the symmetric stiffness/mass contributions.

 Factoring the system of equations using the symmetric spooles solver
 Using 1 cpu for spooles.

 Using up to 2 cpu(s) for the stress calculation.

 average force= 0.013791
 time avg. forc= 0.009200
 largest residual force= 0.000100 in node 81334 and dof 1
 largest increment of disp= 4.938541e-01
 largest correction to disp= 6.296609e-03 in node 62449 and dof 1

 no convergence

 iteration 2

 Using up to 2 cpu(s) for the symmetric stiffness/mass contributions.

 Factoring the system of equations using the symmetric spooles solver
 Using 1 cpu for spooles.

 Using up to 2 cpu(s) for the stress calculation.

 average force= 0.013790
 time avg. forc= 0.009200
 largest residual force= 0.000000 in node 74304 and dof 2
 largest increment of disp= 4.938541e-01
 largest correction to disp= 4.285862e-04 in node 191 and dof 2

 convergence; the increment size is increased to 1.500000e-01

 increment 4 attempt 1 
 increment size= 1.500000e-01
 sum of previous increments=3.000000e-01
 actual step time=4.500000e-01
 actual total time=4.500000e-01

 iteration 1

 Using up to 2 cpu(s) for the stress calculation.

 Using up to 2 cpu(s) for the symmetric stiffness/mass contributions.

 Factoring the system of equations using the symmetric spooles solver
 Using 1 cpu for spooles.

 Using up to 2 cpu(s) for the stress calculation.

 average force= 0.020657
 time avg. forc= 0.012064
 largest residual force= 0.000272 in node 81334 and dof 1
 largest increment of disp= 7.370491e-01
 largest correction to disp= 1.025219e-02 in node 62448 and dof 1

 no convergence

 iteration 2

 Using up to 2 cpu(s) for the symmetric stiffness/mass contributions.

 Factoring the system of equations using the symmetric spooles solver
 Using 1 cpu for spooles.

 Using up to 2 cpu(s) for the stress calculation.

 average force= 0.020655
 time avg. forc= 0.012064
 largest residual force= 0.000002 in node 78692 and dof 2
 largest increment of disp= 7.370491e-01
 largest correction to disp= 9.685293e-04 in node 191 and dof 2

 convergence; the increment size is increased to 2.250000e-01

 the increment size exceeds the maximum allowed and is decreased to 2.000000e-01

 increment 5 attempt 1 
 increment size= 2.000000e-01
 sum of previous increments=4.500000e-01
 actual step time=6.500000e-01
 actual total time=6.500000e-01

 iteration 1

 Using up to 2 cpu(s) for the stress calculation.

 Using up to 2 cpu(s) for the symmetric stiffness/mass contributions.

 Factoring the system of equations using the symmetric spooles solver
 Using 1 cpu for spooles.

 Using up to 2 cpu(s) for the stress calculation.

 average force= 0.029788
 time avg. forc= 0.015609
 largest residual force= 0.000691 in node 80156 and dof 1
 largest increment of disp= 9.779532e-01
 largest correction to disp= 1.626014e-02 in node 62448 and dof 1

 no convergence

 iteration 2

 Using up to 2 cpu(s) for the symmetric stiffness/mass contributions.

 Factoring the system of equations using the symmetric spooles solver
 Using 1 cpu for spooles.

 Using up to 2 cpu(s) for the stress calculation.

 average force= 0.029785
 time avg. forc= 0.015608
 largest residual force= 0.000008 in node 78691 and dof 2
 largest increment of disp= 9.779532e-01
 largest correction to disp= 1.802438e-03 in node 56603 and dof 2

 convergence; the increment size is increased to 3.000000e-01

 the increment size exceeds the maximum allowed and is decreased to 2.000000e-01

 increment 6 attempt 1 
 increment size= 2.000000e-01
 sum of previous increments=6.500000e-01
 actual step time=8.500000e-01
 actual total time=8.500000e-01

 iteration 1

 Using up to 2 cpu(s) for the stress calculation.

 Using up to 2 cpu(s) for the symmetric stiffness/mass contributions.

 Factoring the system of equations using the symmetric spooles solver
 Using 1 cpu for spooles.

 Using up to 2 cpu(s) for the stress calculation.

 average force= 0.038896
 time avg. forc= 0.019490
 largest residual force= 0.000700 in node 80156 and dof 1
 largest increment of disp= 9.736827e-01
 largest correction to disp= 1.813022e-02 in node 10342 and dof 1

 no convergence

 iteration 2

 Using up to 2 cpu(s) for the symmetric stiffness/mass contributions.

 Factoring the system of equations using the symmetric spooles solver
 Using 1 cpu for spooles.

 Using up to 2 cpu(s) for the stress calculation.

 average force= 0.038894
 time avg. forc= 0.019489
 largest residual force= 0.000006 in node 81573 and dof 2
 largest increment of disp= 9.736827e-01
 largest correction to disp= 1.344865e-03 in node 56618 and dof 2

 convergence; the increment size is increased to 3.000000e-01

 the increment size exceeds the maximum allowed and is decreased to 2.000000e-01

 the increment size exceeds the remainder of the step and is decreased to 1.500000e-01

 increment 7 attempt 1 
 increment size= 1.500000e-01
 sum of previous increments=8.500000e-01
 actual step time=1.000000e+00
 actual total time=1.000000e+00

 iteration 1

 Using up to 2 cpu(s) for the stress calculation.

 Using up to 2 cpu(s) for the symmetric stiffness/mass contributions.

 Factoring the system of equations using the symmetric spooles solver
 Using 1 cpu for spooles.

 Using up to 2 cpu(s) for the stress calculation.

 average force= 0.045716
 time avg. forc= 0.023236
 largest residual force= 0.000247 in node 76834 and dof 1
 largest increment of disp= 7.281234e-01
 largest correction to disp= 1.175310e-02 in node 10342 and dof 1

 no convergence

 iteration 2

 Using up to 2 cpu(s) for the symmetric stiffness/mass contributions.

 Factoring the system of equations using the symmetric spooles solver
 Using 1 cpu for spooles.

 Using up to 2 cpu(s) for the stress calculation.

 average force= 0.045715
 time avg. forc= 0.023236
 largest residual force= 0.000000 in node 80898 and dof 2
 largest increment of disp= 7.281234e-01
 largest correction to disp= 3.771399e-04 in node 56635 and dof 2

 convergence; the increment size is increased to 2.250000e-01

 the increment size exceeds the maximum allowed and is decreased to 2.000000e-01

 the increment size exceeds the remainder of the step and is decreased to 0.000000e+00

 Using up to 2 cpu(s) for the stress calculation.


  The numbers below are estimated upper bounds

  number of:

   nodes:       161384
   elements:        82571
   one-dimensional elements:            0
   two-dimensional elements:            0
   integration points per element:            4
   degrees of freedom per node:            3
   layers per element:            1

   distributed facial loads:            0
   distributed volumetric loads:            0
   concentrated loads:       159162
   single point constraints:         6742
   multiple point constraints:            1
   terms in all multiple point constraints:            1
   tie constraints:            0
   dependent nodes tied by cyclic constraints:            0
   dependent nodes in pre-tension constraints:            0

   sets:           18
   terms in all sets:       494275

   materials:            2
   constants per material and temperature:            9
   temperature points per material:            1
   plastic data points per material:            0

   orientations:            0
   amplitudes:            2
   data points in all amplitudes:            2
   print requests:            2
   transformations:            0
   property cards:            0


 STEP            1

 *INFO reading *STEP: nonlinear geometric
       effects are turned on

 Static analysis was selected

 Newton-Raphson iterative procedure is active

 Nonlinear geometric effects are taken into account


 Job finished

________________________________________

Total CalculiX Time: 322.460062
________________________________________
