SUMMARY OF C0NVERGENCE INFORMATION
  STEP   INC  ATT   ITER     CONT.   RESID.        CORR.      RESID.      CORR.
                              EL.    FORCE         DISP       FLUX        TEMP.
                              (#)     (%)           (%)        (%)         (%)
     1     1     1     1        0  0.1497E+05  0.1000E+03  0.0000E+00  0.0000E+00
     1     1     1     2        0  0.2833E+05  0.6559E+02  0.0000E+00  0.0000E+00
     1     1     1     3        0  0.2935E+05  0.5283E+02  0.0000E+00  0.0000E+00
     1     1     1     4        0  0.8550E+05  0.1000E+03  0.0000E+00  0.0000E+00
     1     1     1     5        0  0.1700E+04  0.1000E+03  0.0000E+00  0.0000E+00
     1     1     1     6        0  0.3386E+03  0.3300E+00  0.0000E+00  0.0000E+00
     1     1     1     7        0  0.0000E+00  0.5379E-01  0.0000E+00  0.0000E+00
     1     2     1     1        0  0.0000E+00  0.6309E-01  0.0000E+00  0.0000E+00
     1     2     1     2        0  0.0000E+00  0.1998E-04  0.0000E+00  0.0000E+00
     1     3     1     1        0  0.0000E+00  0.6307E-01  0.0000E+00  0.0000E+00
     1     3     1     2        0  0.0000E+00  0.1990E-04  0.0000E+00  0.0000E+00
     1     4     1     1        0  0.0000E+00  0.7880E-01  0.0000E+00  0.0000E+00
     1     4     1     2        0  0.0000E+00  0.4636E-04  0.0000E+00  0.0000E+00
     1     5     1     1        0  0.0000E+00  0.1102E+00  0.0000E+00  0.0000E+00
     1     5     1     2        0  0.0000E+00  0.1201E-03  0.0000E+00  0.0000E+00
     1     6     1     1        0  0.0000E+00  0.1259E+00  0.0000E+00  0.0000E+00
     1     6     1     2        0  0.0000E+00  0.1555E-03  0.0000E+00  0.0000E+00
     1     7     1     1        0  0.0000E+00  0.1101E+00  0.0000E+00  0.0000E+00
     1     7     1     2        0  0.0000E+00  0.8887E-04  0.0000E+00  0.0000E+00
