SUMMARY OF C0NVERGENCE INFORMATION
  STEP   INC  ATT   ITER     CONT.   RESID.        CORR.      RESID.      CORR.
                              EL.    FORCE         DISP       FLUX        TEMP.
                              (#)     (%)           (%)        (%)         (%)
     1     1     1     1        0  0.1388E+05  0.1000E+03  0.0000E+00  0.0000E+00
     1     1     1     2        0  0.5160E+05  0.5515E+02  0.0000E+00  0.0000E+00
     1     1     1     3        0  0.2765E+05  0.8933E+01  0.0000E+00  0.0000E+00
     1     1     1     4        0  0.1307E+05  0.5168E+01  0.0000E+00  0.0000E+00
     1     1     1     5        0  0.1018E+04  0.1000E+03  0.0000E+00  0.0000E+00
     1     1     1     6        0  0.0000E+00  0.2486E+00  0.0000E+00  0.0000E+00
     1     2     1     1        0  0.0000E+00  0.3969E-01  0.0000E+00  0.0000E+00
     1     2     1     2        0  0.0000E+00  0.4776E-05  0.0000E+00  0.0000E+00
     1     3     1     1        0  0.0000E+00  0.3960E-01  0.0000E+00  0.0000E+00
     1     3     1     2        0  0.0000E+00  0.4868E-05  0.0000E+00  0.0000E+00
     1     4     1     1        0  0.0000E+00  0.4950E-01  0.0000E+00  0.0000E+00
     1     4     1     2        0  0.0000E+00  0.1135E-04  0.0000E+00  0.0000E+00
     1     5     1     1        0  0.0000E+00  0.6925E-01  0.0000E+00  0.0000E+00
     1     5     1     2        0  0.0000E+00  0.2971E-04  0.0000E+00  0.0000E+00
     1     6     1     1        0  0.0000E+00  0.7908E-01  0.0000E+00  0.0000E+00
     1     6     1     2        0  0.0000E+00  0.3887E-04  0.0000E+00  0.0000E+00
     1     7     1     1        0  0.0000E+00  0.6915E-01  0.0000E+00  0.0000E+00
     1     7     1     2        0  0.0000E+00  0.2236E-04  0.0000E+00  0.0000E+00
