
************************************************************

CalculiX Version 2.23, Copyright(C) 1998-2025 Guido Dhondt
CalculiX comes with ABSOLUTELY NO WARRANTY. This is free
software, and you are welcome to redistribute it under
certain conditions, see gpl.htm

************************************************************

You are using an executable made on Sun Oct 19 18:23:34 CEST 2025
 Decascading the MPC's

 Determining the structure of the matrix:
 Using up to 2 cpu(s) for setting up the structure of the matrix.
 number of equations
 477371
 number of nonzero lower triangular matrix elements
 16309001

 increment 1 attempt 1 
 increment size= 1.000000e-01
 sum of previous increments=0.000000e+00
 actual step time=1.000000e-01
 actual total time=1.000000e-01

 iteration 1

 Using up to 2 cpu(s) for the stress calculation.

 Using up to 2 cpu(s) for the symmetric stiffness/mass contributions.

 Factoring the system of equations using the symmetric spooles solver
 Using 1 cpu for spooles.

 Using up to 2 cpu(s) for the stress calculation.

 average force= 0.002770
 time avg. forc= 0.002770
 largest residual force= 0.384581 in node 14084 and dof 3
 largest increment of disp= 5.428817e-02
 largest correction to disp= 5.428817e-02 in node 613 and dof 3

 no convergence

 iteration 2

 Using up to 2 cpu(s) for the symmetric stiffness/mass contributions.

 Factoring the system of equations using the symmetric spooles solver
 Using 1 cpu for spooles.

 Using up to 2 cpu(s) for the stress calculation.

 average force= 0.002391
 time avg. forc= 0.002391
 largest residual force= 1.233465 in node 86797 and dof 3
 largest increment of disp= 5.428817e-02
 largest correction to disp= 2.993907e-02 in node 79903 and dof 3

 no convergence

 iteration 3

 Using up to 2 cpu(s) for the symmetric stiffness/mass contributions.

 Factoring the system of equations using the symmetric spooles solver
 Using 1 cpu for spooles.

 Using up to 2 cpu(s) for the stress calculation.

 average force= 0.002259
 time avg. forc= 0.002259
 largest residual force= 0.624472 in node 86774 and dof 3
 largest increment of disp= 5.428817e-02
 largest correction to disp= 4.849629e-03 in node 14547 and dof 3

 no convergence

 iteration 4

 Using up to 2 cpu(s) for the symmetric stiffness/mass contributions.

 Factoring the system of equations using the symmetric spooles solver
 Using 1 cpu for spooles.

 Using up to 2 cpu(s) for the stress calculation.

 average force= 0.002194
 time avg. forc= 0.002194
 largest residual force= 0.286856 in node 14053 and dof 3
 largest increment of disp= 5.428817e-02
 largest correction to disp= 2.805741e-03 in node 14555 and dof 3

 no convergence

 iteration 5

 Using up to 2 cpu(s) for the symmetric stiffness/mass contributions.

 Factoring the system of equations using the symmetric spooles solver
 Using 1 cpu for spooles.

 Using up to 2 cpu(s) for the stress calculation.

 average force= 0.001618
 time avg. forc= 0.001618
 largest residual force= 0.016467 in node 80487 and dof 2
 largest increment of disp= 8.385790e-02
 largest correction to disp= 8.385790e-02 in node 79930 and dof 3

 no convergence

 iteration 6

 Using up to 2 cpu(s) for the symmetric stiffness/mass contributions.

 Factoring the system of equations using the symmetric spooles solver
 Using 1 cpu for spooles.

 Using up to 2 cpu(s) for the stress calculation.

 average force= 0.001605
 time avg. forc= 0.001605
 largest residual force= 0.000000 in node 14574 and dof 1
 largest increment of disp= 8.385790e-02
 largest correction to disp= 2.085032e-04 in node 11142 and dof 1

 convergence

 increment 2 attempt 1 
 increment size= 1.000000e-01
 sum of previous increments=1.000000e-01
 actual step time=2.000000e-01
 actual total time=2.000000e-01

 iteration 1

 Using up to 2 cpu(s) for the stress calculation.

 Using up to 2 cpu(s) for the symmetric stiffness/mass contributions.

 Factoring the system of equations using the symmetric spooles solver
 Using 1 cpu for spooles.

 Using up to 2 cpu(s) for the stress calculation.

 average force= 0.003210
 time avg. forc= 0.002408
 largest residual force= 0.000000 in node 25157 and dof 1
 largest increment of disp= 5.309302e-02
 largest correction to disp= 2.107512e-05 in node 18 and dof 1

 no convergence

 iteration 2

 Using up to 2 cpu(s) for the symmetric stiffness/mass contributions.

 Factoring the system of equations using the symmetric spooles solver
 Using 1 cpu for spooles.

 Using up to 2 cpu(s) for the stress calculation.

 average force= 0.003210
 time avg. forc= 0.002408
 largest residual force= 0.000000 in node 84421 and dof 3
 largest increment of disp= 5.309302e-02
 largest correction to disp= 2.535697e-09 in node 62311 and dof 1

 convergence

 increment 3 attempt 1 
 increment size= 1.000000e-01
 sum of previous increments=2.000000e-01
 actual step time=3.000000e-01
 actual total time=3.000000e-01

 iteration 1

 Using up to 2 cpu(s) for the stress calculation.

 Using up to 2 cpu(s) for the symmetric stiffness/mass contributions.

 Factoring the system of equations using the symmetric spooles solver
 Using 1 cpu for spooles.

 Using up to 2 cpu(s) for the stress calculation.

 average force= 0.004815
 time avg. forc= 0.003210
 largest residual force= 0.000000 in node 25157 and dof 1
 largest increment of disp= 5.308895e-02
 largest correction to disp= 2.102382e-05 in node 18 and dof 1

 no convergence

 iteration 2

 Using up to 2 cpu(s) for the symmetric stiffness/mass contributions.

 Factoring the system of equations using the symmetric spooles solver
 Using 1 cpu for spooles.

 Using up to 2 cpu(s) for the stress calculation.

 average force= 0.004815
 time avg. forc= 0.003210
 largest residual force= 0.000000 in node 108427 and dof 3
 largest increment of disp= 5.308895e-02
 largest correction to disp= 2.584380e-09 in node 60275 and dof 1

 convergence; the increment size is increased to 1.500000e-01

 increment 4 attempt 1 
 increment size= 1.500000e-01
 sum of previous increments=3.000000e-01
 actual step time=4.500000e-01
 actual total time=4.500000e-01

 iteration 1

 Using up to 2 cpu(s) for the stress calculation.

 Using up to 2 cpu(s) for the symmetric stiffness/mass contributions.

 Factoring the system of equations using the symmetric spooles solver
 Using 1 cpu for spooles.

 Using up to 2 cpu(s) for the stress calculation.

 average force= 0.007222
 time avg. forc= 0.004213
 largest residual force= 0.000000 in node 25157 and dof 1
 largest increment of disp= 7.962732e-02
 largest correction to disp= 3.941888e-05 in node 18 and dof 1

 no convergence

 iteration 2

 Using up to 2 cpu(s) for the symmetric stiffness/mass contributions.

 Factoring the system of equations using the symmetric spooles solver
 Using 1 cpu for spooles.

 Using up to 2 cpu(s) for the stress calculation.

 average force= 0.007222
 time avg. forc= 0.004213
 largest residual force= 0.000000 in node 58128 and dof 3
 largest increment of disp= 7.962732e-02
 largest correction to disp= 9.039699e-09 in node 60275 and dof 1

 convergence; the increment size is increased to 2.250000e-01

 the increment size exceeds the maximum allowed and is decreased to 2.000000e-01

 increment 5 attempt 1 
 increment size= 2.000000e-01
 sum of previous increments=4.500000e-01
 actual step time=6.500000e-01
 actual total time=6.500000e-01

 iteration 1

 Using up to 2 cpu(s) for the stress calculation.

 Using up to 2 cpu(s) for the symmetric stiffness/mass contributions.

 Factoring the system of equations using the symmetric spooles solver
 Using 1 cpu for spooles.

 Using up to 2 cpu(s) for the stress calculation.

 average force= 0.010431
 time avg. forc= 0.005457
 largest residual force= 0.000000 in node 25157 and dof 1
 largest increment of disp= 1.061596e-01
 largest correction to disp= 7.351544e-05 in node 18 and dof 1

 no convergence

 iteration 2

 Using up to 2 cpu(s) for the symmetric stiffness/mass contributions.

 Factoring the system of equations using the symmetric spooles solver
 Using 1 cpu for spooles.

 Using up to 2 cpu(s) for the stress calculation.

 average force= 0.010431
 time avg. forc= 0.005457
 largest residual force= 0.000000 in node 58128 and dof 3
 largest increment of disp= 1.061596e-01
 largest correction to disp= 3.153507e-08 in node 60275 and dof 1

 convergence; the increment size is increased to 3.000000e-01

 the increment size exceeds the maximum allowed and is decreased to 2.000000e-01

 increment 6 attempt 1 
 increment size= 2.000000e-01
 sum of previous increments=6.500000e-01
 actual step time=8.500000e-01
 actual total time=8.500000e-01

 iteration 1

 Using up to 2 cpu(s) for the stress calculation.

 Using up to 2 cpu(s) for the symmetric stiffness/mass contributions.

 Factoring the system of equations using the symmetric spooles solver
 Using 1 cpu for spooles.

 Using up to 2 cpu(s) for the stress calculation.

 average force= 0.013640
 time avg. forc= 0.006821
 largest residual force= 0.000000 in node 25157 and dof 1
 largest increment of disp= 1.061453e-01
 largest correction to disp= 8.393553e-05 in node 18 and dof 1

 no convergence

 iteration 2

 Using up to 2 cpu(s) for the symmetric stiffness/mass contributions.

 Factoring the system of equations using the symmetric spooles solver
 Using 1 cpu for spooles.

 Using up to 2 cpu(s) for the stress calculation.

 average force= 0.013640
 time avg. forc= 0.006821
 largest residual force= 0.000000 in node 161116 and dof 3
 largest increment of disp= 1.061453e-01
 largest correction to disp= 4.125561e-08 in node 62312 and dof 1

 convergence; the increment size is increased to 3.000000e-01

 the increment size exceeds the maximum allowed and is decreased to 2.000000e-01

 the increment size exceeds the remainder of the step and is decreased to 1.500000e-01

 increment 7 attempt 1 
 increment size= 1.500000e-01
 sum of previous increments=8.500000e-01
 actual step time=1.000000e+00
 actual total time=1.000000e+00

 iteration 1

 Using up to 2 cpu(s) for the stress calculation.

 Using up to 2 cpu(s) for the symmetric stiffness/mass contributions.

 Factoring the system of equations using the symmetric spooles solver
 Using 1 cpu for spooles.

 Using up to 2 cpu(s) for the stress calculation.

 average force= 0.016046
 time avg. forc= 0.008139
 largest residual force= 0.000000 in node 25157 and dof 1
 largest increment of disp= 7.959675e-02
 largest correction to disp= 5.503770e-05 in node 18 and dof 1

 no convergence

 iteration 2

 Using up to 2 cpu(s) for the symmetric stiffness/mass contributions.

 Factoring the system of equations using the symmetric spooles solver
 Using 1 cpu for spooles.

 Using up to 2 cpu(s) for the stress calculation.

 average force= 0.016046
 time avg. forc= 0.008139
 largest residual force= 0.000000 in node 161116 and dof 3
 largest increment of disp= 7.959675e-02
 largest correction to disp= 1.780106e-08 in node 62312 and dof 1

 convergence; the increment size is increased to 2.250000e-01

 the increment size exceeds the maximum allowed and is decreased to 2.000000e-01

 the increment size exceeds the remainder of the step and is decreased to 0.000000e+00

 Using up to 2 cpu(s) for the stress calculation.


  The numbers below are estimated upper bounds

  number of:

   nodes:       161384
   elements:        82571
   one-dimensional elements:            0
   two-dimensional elements:            0
   integration points per element:            4
   degrees of freedom per node:            3
   layers per element:            1

   distributed facial loads:            0
   distributed volumetric loads:            0
   concentrated loads:            0
   single point constraints:         6781
   multiple point constraints:            1
   terms in all multiple point constraints:            1
   tie constraints:            0
   dependent nodes tied by cyclic constraints:            0
   dependent nodes in pre-tension constraints:            0

   sets:           18
   terms in all sets:       494314

   materials:            2
   constants per material and temperature:            9
   temperature points per material:            1
   plastic data points per material:            0

   orientations:            0
   amplitudes:            2
   data points in all amplitudes:            2
   print requests:            2
   transformations:            0
   property cards:            0


 STEP            1

 *INFO reading *STEP: nonlinear geometric
       effects are turned on

 Static analysis was selected

 Newton-Raphson iterative procedure is active

 Nonlinear geometric effects are taken into account


 Job finished

________________________________________

Total CalculiX Time: 319.318046
________________________________________
