SUMMARY OF C0NVERGENCE INFORMATION
  STEP   INC  ATT   ITER     CONT.   RESID.        CORR.      RESID.      CORR.
                              EL.    FORCE         DISP       FLUX        TEMP.
                              (#)     (%)           (%)        (%)         (%)
     1     1     1     1        0  0.5262E+04  0.1000E+03  0.0000E+00  0.0000E+00
     1     1     1     2        0  0.7007E+04  0.2624E+01  0.0000E+00  0.0000E+00
     1     1     1     3        0  0.1159E+04  0.3112E+01  0.0000E+00  0.0000E+00
     1     1     1     4        0  0.4454E+04  0.1314E+01  0.0000E+00  0.0000E+00
     1     1     1     5        0  0.1412E+04  0.5172E+00  0.0000E+00  0.0000E+00
     1     1     1     6        0  0.4104E+04  0.5008E+00  0.0000E+00  0.0000E+00
     1     1     1     7        0  0.7756E+01  0.1390E+01  0.0000E+00  0.0000E+00
     1     1     1     8        0  0.0000E+00  0.2549E-03  0.0000E+00  0.0000E+00
     1     2     1     1        0  0.8861E+00  0.3987E+00  0.0000E+00  0.0000E+00
     1     2     1     2        0  0.0000E+00  0.4944E-01  0.0000E+00  0.0000E+00
     1     3     1     1        0  0.6626E+00  0.3934E+00  0.0000E+00  0.0000E+00
     1     3     1     2        0  0.0000E+00  0.4896E-01  0.0000E+00  0.0000E+00
     1     4     1     1        0  0.1730E+01  0.4816E+00  0.0000E+00  0.0000E+00
     1     4     1     2        0  0.1509E-01  0.1022E+00  0.0000E+00  0.0000E+00
     1     5     1     1        0  0.4493E+01  0.6598E+00  0.0000E+00  0.0000E+00
     1     5     1     2        0  0.1020E+00  0.2252E+00  0.0000E+00  0.0000E+00
     1     6     1     1        0  0.4655E+01  0.7469E+00  0.0000E+00  0.0000E+00
     1     6     1     2        0  0.1404E+00  0.2850E+00  0.0000E+00  0.0000E+00
     1     7     1     1        0  0.1731E+01  0.6531E+00  0.0000E+00  0.0000E+00
     1     7     1     2        0  0.3876E-01  0.1959E+00  0.0000E+00  0.0000E+00
