
************************************************************

CalculiX Version 2.23, Copyright(C) 1998-2025 Guido Dhondt
CalculiX comes with ABSOLUTELY NO WARRANTY. This is free
software, and you are welcome to redistribute it under
certain conditions, see gpl.htm

************************************************************

You are using an executable made on Sun Oct 19 18:23:34 CEST 2025
 Decascading the MPC's

 Determining the structure of the matrix:
 Using up to 2 cpu(s) for setting up the structure of the matrix.
 number of equations
 460153
 number of nonzero lower triangular matrix elements
 15140657

 increment 1 attempt 1 
 increment size= 1.000000e-01
 sum of previous increments=0.000000e+00
 actual step time=1.000000e-01
 actual total time=1.000000e-01

 iteration 1

 Using up to 2 cpu(s) for the stress calculation.

 Using up to 2 cpu(s) for the symmetric stiffness/mass contributions.

 Factoring the system of equations using the symmetric spooles solver
 Using 1 cpu for spooles.

 Using up to 2 cpu(s) for the stress calculation.

 average force= 0.005076
 time avg. forc= 0.005076
 largest residual force= 0.267124 in node 44906 and dof 1
 largest increment of disp= 7.903534e-01
 largest correction to disp= 7.903534e-01 in node 35158 and dof 3

 no convergence

 iteration 2

 Using up to 2 cpu(s) for the symmetric stiffness/mass contributions.

 Factoring the system of equations using the symmetric spooles solver
 Using 1 cpu for spooles.

 Using up to 2 cpu(s) for the stress calculation.

 average force= 0.004621
 time avg. forc= 0.004621
 largest residual force= 0.323791 in node 7161 and dof 3
 largest increment of disp= 7.903534e-01
 largest correction to disp= 2.073531e-02 in node 31248 and dof 3

 no convergence

 iteration 3

 Using up to 2 cpu(s) for the symmetric stiffness/mass contributions.

 Factoring the system of equations using the symmetric spooles solver
 Using 1 cpu for spooles.

 Using up to 2 cpu(s) for the stress calculation.

 average force= 0.004928
 time avg. forc= 0.004928
 largest residual force= 0.057139 in node 7938 and dof 3
 largest increment of disp= 7.903534e-01
 largest correction to disp= 2.459550e-02 in node 403 and dof 3

 no convergence

 iteration 4

 Using up to 2 cpu(s) for the symmetric stiffness/mass contributions.

 Factoring the system of equations using the symmetric spooles solver
 Using 1 cpu for spooles.

 Using up to 2 cpu(s) for the stress calculation.

 average force= 0.004950
 time avg. forc= 0.004950
 largest residual force= 0.220483 in node 7930 and dof 3
 largest increment of disp= 7.903534e-01
 largest correction to disp= 1.038806e-02 in node 47 and dof 3

 no convergence

 iteration 5

 Using up to 2 cpu(s) for the symmetric stiffness/mass contributions.

 Factoring the system of equations using the symmetric spooles solver
 Using 1 cpu for spooles.

 Using up to 2 cpu(s) for the stress calculation.

 average force= 0.004957
 time avg. forc= 0.004957
 largest residual force= 0.070001 in node 7950 and dof 3
 largest increment of disp= 7.903534e-01
 largest correction to disp= 4.087316e-03 in node 37432 and dof 3

 no convergence

 iteration 6

 Using up to 2 cpu(s) for the symmetric stiffness/mass contributions.

 Factoring the system of equations using the symmetric spooles solver
 Using 1 cpu for spooles.

 Using up to 2 cpu(s) for the stress calculation.

 average force= 0.004963
 time avg. forc= 0.004963
 largest residual force= 0.203690 in node 465 and dof 3
 largest increment of disp= 7.903534e-01
 largest correction to disp= 3.958213e-03 in node 464 and dof 3

 no convergence

 iteration 7

 Using up to 2 cpu(s) for the symmetric stiffness/mass contributions.

 Factoring the system of equations using the symmetric spooles solver
 Using 1 cpu for spooles.

 Using up to 2 cpu(s) for the stress calculation.

 average force= 0.005008
 time avg. forc= 0.005008
 largest residual force= 0.000388 in node 37009 and dof 1
 largest increment of disp= 7.903534e-01
 largest correction to disp= 1.098894e-02 in node 465 and dof 3

 no convergence

 iteration 8

 Using up to 2 cpu(s) for the symmetric stiffness/mass contributions.

 Factoring the system of equations using the symmetric spooles solver
 Using 1 cpu for spooles.

 Using up to 2 cpu(s) for the stress calculation.

 average force= 0.005008
 time avg. forc= 0.005008
 largest residual force= 0.000000 in node 37009 and dof 1
 largest increment of disp= 7.903534e-01
 largest correction to disp= 2.014388e-06 in node 47 and dof 3

 convergence

 increment 2 attempt 1 
 increment size= 1.000000e-01
 sum of previous increments=1.000000e-01
 actual step time=2.000000e-01
 actual total time=2.000000e-01

 iteration 1

 Using up to 2 cpu(s) for the stress calculation.

 Using up to 2 cpu(s) for the symmetric stiffness/mass contributions.

 Factoring the system of equations using the symmetric spooles solver
 Using 1 cpu for spooles.

 Using up to 2 cpu(s) for the stress calculation.

 average force= 0.010018
 time avg. forc= 0.007513
 largest residual force= 0.000067 in node 44906 and dof 1
 largest increment of disp= 8.098508e-01
 largest correction to disp= 3.229196e-03 in node 9661 and dof 1

 no convergence

 iteration 2

 Using up to 2 cpu(s) for the symmetric stiffness/mass contributions.

 Factoring the system of equations using the symmetric spooles solver
 Using 1 cpu for spooles.

 Using up to 2 cpu(s) for the stress calculation.

 average force= 0.010018
 time avg. forc= 0.007513
 largest residual force= 0.000000 in node 35756 and dof 2
 largest increment of disp= 8.098508e-01
 largest correction to disp= 4.004094e-04 in node 2801 and dof 2

 convergence

 increment 3 attempt 1 
 increment size= 1.000000e-01
 sum of previous increments=2.000000e-01
 actual step time=3.000000e-01
 actual total time=3.000000e-01

 iteration 1

 Using up to 2 cpu(s) for the stress calculation.

 Using up to 2 cpu(s) for the symmetric stiffness/mass contributions.

 Factoring the system of equations using the symmetric spooles solver
 Using 1 cpu for spooles.

 Using up to 2 cpu(s) for the stress calculation.

 average force= 0.015030
 time avg. forc= 0.010019
 largest residual force= 0.000066 in node 44906 and dof 1
 largest increment of disp= 8.093660e-01
 largest correction to disp= 3.183698e-03 in node 9661 and dof 1

 no convergence

 iteration 2

 Using up to 2 cpu(s) for the symmetric stiffness/mass contributions.

 Factoring the system of equations using the symmetric spooles solver
 Using 1 cpu for spooles.

 Using up to 2 cpu(s) for the stress calculation.

 average force= 0.015029
 time avg. forc= 0.010018
 largest residual force= 0.000000 in node 35755 and dof 2
 largest increment of disp= 8.093660e-01
 largest correction to disp= 3.962452e-04 in node 2822 and dof 2

 convergence; the increment size is increased to 1.500000e-01

 increment 4 attempt 1 
 increment size= 1.500000e-01
 sum of previous increments=3.000000e-01
 actual step time=4.500000e-01
 actual total time=4.500000e-01

 iteration 1

 Using up to 2 cpu(s) for the stress calculation.

 Using up to 2 cpu(s) for the symmetric stiffness/mass contributions.

 Factoring the system of equations using the symmetric spooles solver
 Using 1 cpu for spooles.

 Using up to 2 cpu(s) for the stress calculation.

 average force= 0.022554
 time avg. forc= 0.013152
 largest residual force= 0.000228 in node 44906 and dof 1
 largest increment of disp= 1.213590e+00
 largest correction to disp= 5.844559e-03 in node 9760 and dof 1

 no convergence

 iteration 2

 Using up to 2 cpu(s) for the symmetric stiffness/mass contributions.

 Factoring the system of equations using the symmetric spooles solver
 Using 1 cpu for spooles.

 Using up to 2 cpu(s) for the stress calculation.

 average force= 0.022553
 time avg. forc= 0.013152
 largest residual force= 0.000002 in node 35832 and dof 2
 largest increment of disp= 1.213590e+00
 largest correction to disp= 1.240877e-03 in node 11436 and dof 2

 convergence; the increment size is increased to 2.250000e-01

 the increment size exceeds the maximum allowed and is decreased to 2.000000e-01

 increment 5 attempt 1 
 increment size= 2.000000e-01
 sum of previous increments=4.500000e-01
 actual step time=6.500000e-01
 actual total time=6.500000e-01

 iteration 1

 Using up to 2 cpu(s) for the stress calculation.

 Using up to 2 cpu(s) for the symmetric stiffness/mass contributions.

 Factoring the system of equations using the symmetric spooles solver
 Using 1 cpu for spooles.

 Using up to 2 cpu(s) for the stress calculation.

 average force= 0.032602
 time avg. forc= 0.017042
 largest residual force= 0.000766 in node 44906 and dof 1
 largest increment of disp= 1.617873e+00
 largest correction to disp= 1.067485e-02 in node 9760 and dof 1

 no convergence

 iteration 2

 Using up to 2 cpu(s) for the symmetric stiffness/mass contributions.

 Factoring the system of equations using the symmetric spooles solver
 Using 1 cpu for spooles.

 Using up to 2 cpu(s) for the stress calculation.

 average force= 0.032601
 time avg. forc= 0.017042
 largest residual force= 0.000017 in node 35832 and dof 2
 largest increment of disp= 1.617873e+00
 largest correction to disp= 3.643248e-03 in node 11436 and dof 2

 convergence; the increment size is increased to 3.000000e-01

 the increment size exceeds the maximum allowed and is decreased to 2.000000e-01

 increment 6 attempt 1 
 increment size= 2.000000e-01
 sum of previous increments=6.500000e-01
 actual step time=8.500000e-01
 actual total time=8.500000e-01

 iteration 1

 Using up to 2 cpu(s) for the stress calculation.

 Using up to 2 cpu(s) for the symmetric stiffness/mass contributions.

 Factoring the system of equations using the symmetric spooles solver
 Using 1 cpu for spooles.

 Using up to 2 cpu(s) for the stress calculation.

 average force= 0.042674
 time avg. forc= 0.021314
 largest residual force= 0.000992 in node 44906 and dof 1
 largest increment of disp= 1.618461e+00
 largest correction to disp= 1.208866e-02 in node 10368 and dof 1

 no convergence

 iteration 2

 Using up to 2 cpu(s) for the symmetric stiffness/mass contributions.

 Factoring the system of equations using the symmetric spooles solver
 Using 1 cpu for spooles.

 Using up to 2 cpu(s) for the stress calculation.

 average force= 0.042675
 time avg. forc= 0.021314
 largest residual force= 0.000030 in node 35835 and dof 2
 largest increment of disp= 1.618461e+00
 largest correction to disp= 4.613346e-03 in node 11416 and dof 2

 convergence; the increment size is increased to 3.000000e-01

 the increment size exceeds the maximum allowed and is decreased to 2.000000e-01

 the increment size exceeds the remainder of the step and is decreased to 1.500000e-01

 increment 7 attempt 1 
 increment size= 1.500000e-01
 sum of previous increments=8.500000e-01
 actual step time=1.000000e+00
 actual total time=1.000000e+00

 iteration 1

 Using up to 2 cpu(s) for the stress calculation.

 Using up to 2 cpu(s) for the symmetric stiffness/mass contributions.

 Factoring the system of equations using the symmetric spooles solver
 Using 1 cpu for spooles.

 Using up to 2 cpu(s) for the stress calculation.

 average force= 0.050250
 time avg. forc= 0.025448
 largest residual force= 0.000440 in node 44906 and dof 1
 largest increment of disp= 1.215330e+00
 largest correction to disp= 7.937254e-03 in node 9503 and dof 1

 no convergence

 iteration 2

 Using up to 2 cpu(s) for the symmetric stiffness/mass contributions.

 Factoring the system of equations using the symmetric spooles solver
 Using 1 cpu for spooles.

 Using up to 2 cpu(s) for the stress calculation.

 average force= 0.050252
 time avg. forc= 0.025448
 largest residual force= 0.000010 in node 35837 and dof 2
 largest increment of disp= 1.215330e+00
 largest correction to disp= 2.381064e-03 in node 11416 and dof 2

 convergence; the increment size is increased to 2.250000e-01

 the increment size exceeds the maximum allowed and is decreased to 2.000000e-01

 the increment size exceeds the remainder of the step and is decreased to 0.000000e+00

 Using up to 2 cpu(s) for the stress calculation.


  The numbers below are estimated upper bounds

  number of:

   nodes:       155642
   elements:        74882
   one-dimensional elements:            0
   two-dimensional elements:            0
   integration points per element:            4
   degrees of freedom per node:            3
   layers per element:            1

   distributed facial loads:            0
   distributed volumetric loads:            0
   concentrated loads:       153420
   single point constraints:         6773
   multiple point constraints:            1
   terms in all multiple point constraints:            1
   tie constraints:            0
   dependent nodes tied by cyclic constraints:            0
   dependent nodes in pre-tension constraints:            0

   sets:           18
   terms in all sets:       467452

   materials:            2
   constants per material and temperature:            9
   temperature points per material:            1
   plastic data points per material:            0

   orientations:            0
   amplitudes:            2
   data points in all amplitudes:            2
   print requests:            2
   transformations:            0
   property cards:            0


 STEP            1

 *INFO reading *STEP: nonlinear geometric
       effects are turned on

 *INFO: time control parameters set to:
        i0 =           12
        ir =           20
        ip =           99
        ic =           40
        il =           12
        ig =            4
        is =            0
        ia =           10
        ij =            0
        it =            0
        df =   0.25000000000000000     
        dc =   0.50000000000000000     
        db =   0.75000000000000000     
        da =   0.84999999999999998     
        ds =    0.0000000000000000     
        dh =    0.0000000000000000     
        dd =    1.5000000000000000     
        wg =    0.0000000000000000     
 Static analysis was selected

 Newton-Raphson iterative procedure is active

 Nonlinear geometric effects are taken into account


 Job finished

________________________________________

Total CalculiX Time: 222.115603
________________________________________
