SUMMARY OF C0NVERGENCE INFORMATION
  STEP   INC  ATT   ITER     CONT.   RESID.        CORR.      RESID.      CORR.
                              EL.    FORCE         DISP       FLUX        TEMP.
                              (#)     (%)           (%)        (%)         (%)
     1     1     1     1        0  0.1280E+04  0.1000E+03  0.0000E+00  0.0000E+00
     1     1     1     2        0  0.4749E+03  0.4065E+01  0.0000E+00  0.0000E+00
     1     1     1     3        0  0.2882E+03  0.2143E+01  0.0000E+00  0.0000E+00
     1     1     1     4        0  0.2948E+00  0.1859E+01  0.0000E+00  0.0000E+00
     1     2     1     1        0  0.5077E+01  0.8388E+01  0.0000E+00  0.0000E+00
     1     2     1     2        0  0.0000E+00  0.1353E+00  0.0000E+00  0.0000E+00
     1     3     1     1        0  0.1702E+02  0.1146E+02  0.0000E+00  0.0000E+00
     1     3     1     2        0  0.2511E-01  0.4513E+00  0.0000E+00  0.0000E+00
     1     4     1     1        0  0.5867E+02  0.1715E+02  0.0000E+00  0.0000E+00
     1     4     1     2        0  0.6396E+00  0.1806E+01  0.0000E+00  0.0000E+00
     1     4     1     3        0  0.0000E+00  0.4349E-02  0.0000E+00  0.0000E+00
     1     5     1     1        0  0.7536E+02  0.1931E+02  0.0000E+00  0.0000E+00
     1     5     1     2        0  0.2958E+01  0.3783E+01  0.0000E+00  0.0000E+00
     1     5     1     3        0  0.0000E+00  0.1241E-01  0.0000E+00  0.0000E+00
     1     6     1     1        0  0.5615E+02  0.1552E+02  0.0000E+00  0.0000E+00
     1     6     1     2        0  0.6403E+01  0.5107E+01  0.0000E+00  0.0000E+00
     1     6     1     3        0  0.0000E+00  0.3561E-02  0.0000E+00  0.0000E+00
     1     7     1     1        0  0.1395E+01  0.8892E+01  0.0000E+00  0.0000E+00
     1     7     1     2        0  0.9398E-02  0.7125E+00  0.0000E+00  0.0000E+00
