
************************************************************

CalculiX Version 2.23, Copyright(C) 1998-2025 Guido Dhondt
CalculiX comes with ABSOLUTELY NO WARRANTY. This is free
software, and you are welcome to redistribute it under
certain conditions, see gpl.htm

************************************************************

You are using an executable made on Sun Oct 19 18:23:34 CEST 2025
 Decascading the MPC's

 Determining the structure of the matrix:
 Using up to 2 cpu(s) for setting up the structure of the matrix.
 number of equations
 477410
 number of nonzero lower triangular matrix elements
 16311149

 increment 1 attempt 1 
 increment size= 1.000000e-01
 sum of previous increments=0.000000e+00
 actual step time=1.000000e-01
 actual total time=1.000000e-01

 iteration 1

 Using up to 2 cpu(s) for the stress calculation.

 Using up to 2 cpu(s) for the symmetric stiffness/mass contributions.

 Factoring the system of equations using the symmetric spooles solver
 Using 1 cpu for spooles.

 Using up to 2 cpu(s) for the stress calculation.

 average force= 0.008049
 time avg. forc= 0.008049
 largest residual force= 0.103055 in node 73320 and dof 1
 largest increment of disp= 2.186763e-01
 largest correction to disp= 2.186763e-01 in node 62432 and dof 1

 no convergence

 iteration 2

 Using up to 2 cpu(s) for the symmetric stiffness/mass contributions.

 Factoring the system of equations using the symmetric spooles solver
 Using 1 cpu for spooles.

 Using up to 2 cpu(s) for the stress calculation.

 average force= 0.007909
 time avg. forc= 0.007909
 largest residual force= 0.037564 in node 14052 and dof 3
 largest increment of disp= 2.186763e-01
 largest correction to disp= 8.890150e-03 in node 9722 and dof 1

 no convergence

 iteration 3

 Using up to 2 cpu(s) for the symmetric stiffness/mass contributions.

 Factoring the system of equations using the symmetric spooles solver
 Using 1 cpu for spooles.

 Using up to 2 cpu(s) for the stress calculation.

 average force= 0.007929
 time avg. forc= 0.007929
 largest residual force= 0.022848 in node 14567 and dof 3
 largest increment of disp= 2.186763e-01
 largest correction to disp= 4.686418e-03 in node 80167 and dof 3

 no convergence

 iteration 4

 Using up to 2 cpu(s) for the symmetric stiffness/mass contributions.

 Factoring the system of equations using the symmetric spooles solver
 Using 1 cpu for spooles.

 Using up to 2 cpu(s) for the stress calculation.

 average force= 0.007935
 time avg. forc= 0.007935
 largest residual force= 0.000023 in node 86555 and dof 2
 largest increment of disp= 2.186763e-01
 largest correction to disp= 4.064386e-03 in node 392 and dof 3

 convergence

 increment 2 attempt 1 
 increment size= 1.000000e-01
 sum of previous increments=1.000000e-01
 actual step time=2.000000e-01
 actual total time=2.000000e-01

 iteration 1

 Using up to 2 cpu(s) for the stress calculation.

 Using up to 2 cpu(s) for the symmetric stiffness/mass contributions.

 Factoring the system of equations using the symmetric spooles solver
 Using 1 cpu for spooles.

 Using up to 2 cpu(s) for the stress calculation.

 average force= 0.015920
 time avg. forc= 0.011928
 largest residual force= 0.000606 in node 80157 and dof 1
 largest increment of disp= 2.271513e-01
 largest correction to disp= 1.905246e-02 in node 56912 and dof 1

 no convergence

 iteration 2

 Using up to 2 cpu(s) for the symmetric stiffness/mass contributions.

 Factoring the system of equations using the symmetric spooles solver
 Using 1 cpu for spooles.

 Using up to 2 cpu(s) for the stress calculation.

 average force= 0.015921
 time avg. forc= 0.011928
 largest residual force= 0.000000 in node 80157 and dof 1
 largest increment of disp= 2.271513e-01
 largest correction to disp= 3.072811e-04 in node 56913 and dof 1

 convergence; the increment size is increased to 1.500000e-01

 increment 3 attempt 1 
 increment size= 1.500000e-01
 sum of previous increments=2.000000e-01
 actual step time=3.500000e-01
 actual total time=3.500000e-01

 iteration 1

 Using up to 2 cpu(s) for the stress calculation.

 Using up to 2 cpu(s) for the symmetric stiffness/mass contributions.

 Factoring the system of equations using the symmetric spooles solver
 Using 1 cpu for spooles.

 Using up to 2 cpu(s) for the stress calculation.

 average force= 0.028007
 time avg. forc= 0.017288
 largest residual force= 0.002942 in node 80156 and dof 1
 largest increment of disp= 3.671973e-01
 largest correction to disp= 4.206407e-02 in node 9694 and dof 1

 no convergence

 iteration 2

 Using up to 2 cpu(s) for the symmetric stiffness/mass contributions.

 Factoring the system of equations using the symmetric spooles solver
 Using 1 cpu for spooles.

 Using up to 2 cpu(s) for the stress calculation.

 average force= 0.028011
 time avg. forc= 0.017289
 largest residual force= 0.000004 in node 80156 and dof 1
 largest increment of disp= 3.671973e-01
 largest correction to disp= 1.657336e-03 in node 56915 and dof 1

 convergence; the increment size is increased to 2.250000e-01

 the increment size exceeds the maximum allowed and is decreased to 2.000000e-01

 increment 4 attempt 1 
 increment size= 2.000000e-01
 sum of previous increments=3.500000e-01
 actual step time=5.500000e-01
 actual total time=5.500000e-01

 iteration 1

 Using up to 2 cpu(s) for the stress calculation.

 Using up to 2 cpu(s) for the symmetric stiffness/mass contributions.

 Factoring the system of equations using the symmetric spooles solver
 Using 1 cpu for spooles.

 Using up to 2 cpu(s) for the stress calculation.

 average force= 0.044368
 time avg. forc= 0.024059
 largest residual force= 0.014115 in node 80156 and dof 1
 largest increment of disp= 5.419053e-01
 largest correction to disp= 9.294621e-02 in node 9693 and dof 1

 no convergence

 iteration 2

 Using up to 2 cpu(s) for the symmetric stiffness/mass contributions.

 Factoring the system of equations using the symmetric spooles solver
 Using 1 cpu for spooles.

 Using up to 2 cpu(s) for the stress calculation.

 average force= 0.044390
 time avg. forc= 0.024064
 largest residual force= 0.000154 in node 80156 and dof 1
 largest increment of disp= 5.419053e-01
 largest correction to disp= 9.784602e-03 in node 56917 and dof 1

 no convergence

 iteration 3

 Using up to 2 cpu(s) for the symmetric stiffness/mass contributions.

 Factoring the system of equations using the symmetric spooles solver
 Using 1 cpu for spooles.

 Using up to 2 cpu(s) for the stress calculation.

 average force= 0.044390
 time avg. forc= 0.024064
 largest residual force= 0.000000 in node 80209 and dof 1
 largest increment of disp= 5.419053e-01
 largest correction to disp= 2.356540e-05 in node 56916 and dof 1

 convergence; the increment size is increased to 3.000000e-01

 the increment size exceeds the maximum allowed and is decreased to 2.000000e-01

 increment 5 attempt 1 
 increment size= 2.000000e-01
 sum of previous increments=5.500000e-01
 actual step time=7.500000e-01
 actual total time=7.500000e-01

 iteration 1

 Using up to 2 cpu(s) for the stress calculation.

 Using up to 2 cpu(s) for the symmetric stiffness/mass contributions.

 Factoring the system of equations using the symmetric spooles solver
 Using 1 cpu for spooles.

 Using up to 2 cpu(s) for the stress calculation.

 average force= 0.061098
 time avg. forc= 0.031471
 largest residual force= 0.023716 in node 80209 and dof 1
 largest increment of disp= 6.350804e-01
 largest correction to disp= 1.226219e-01 in node 56918 and dof 1

 no convergence

 iteration 2

 Using up to 2 cpu(s) for the symmetric stiffness/mass contributions.

 Factoring the system of equations using the symmetric spooles solver
 Using 1 cpu for spooles.

 Using up to 2 cpu(s) for the stress calculation.

 average force= 0.061147
 time avg. forc= 0.031481
 largest residual force= 0.000931 in node 80209 and dof 1
 largest increment of disp= 6.350804e-01
 largest correction to disp= 2.402398e-02 in node 56919 and dof 1

 no convergence

 iteration 3

 Using up to 2 cpu(s) for the symmetric stiffness/mass contributions.

 Factoring the system of equations using the symmetric spooles solver
 Using 1 cpu for spooles.

 Using up to 2 cpu(s) for the stress calculation.

 average force= 0.061147
 time avg. forc= 0.031481
 largest residual force= 0.000000 in node 80210 and dof 1
 largest increment of disp= 6.350804e-01
 largest correction to disp= 7.880716e-05 in node 9718 and dof 1

 convergence; the increment size is increased to 3.000000e-01

 the increment size exceeds the maximum allowed and is decreased to 2.000000e-01

 increment 6 attempt 1 
 increment size= 2.000000e-01
 sum of previous increments=7.500000e-01
 actual step time=9.500000e-01
 actual total time=9.500000e-01

 iteration 1

 Using up to 2 cpu(s) for the stress calculation.

 Using up to 2 cpu(s) for the symmetric stiffness/mass contributions.

 Factoring the system of equations using the symmetric spooles solver
 Using 1 cpu for spooles.

 Using up to 2 cpu(s) for the stress calculation.

 average force= 0.078262
 time avg. forc= 0.039278
 largest residual force= 0.022054 in node 80210 and dof 1
 largest increment of disp= 7.704245e-01
 largest correction to disp= 1.195894e-01 in node 9717 and dof 1

 no convergence

 iteration 2

 Using up to 2 cpu(s) for the symmetric stiffness/mass contributions.

 Factoring the system of equations using the symmetric spooles solver
 Using 1 cpu for spooles.

 Using up to 2 cpu(s) for the stress calculation.

 average force= 0.078338
 time avg. forc= 0.039290
 largest residual force= 0.002516 in node 80210 and dof 1
 largest increment of disp= 7.704245e-01
 largest correction to disp= 3.934882e-02 in node 9690 and dof 1

 no convergence

 iteration 3

 Using up to 2 cpu(s) for the symmetric stiffness/mass contributions.

 Factoring the system of equations using the symmetric spooles solver
 Using 1 cpu for spooles.

 Using up to 2 cpu(s) for the stress calculation.

 average force= 0.078339
 time avg. forc= 0.039291
 largest residual force= 0.000000 in node 80211 and dof 1
 largest increment of disp= 7.704245e-01
 largest correction to disp= 2.743206e-05 in node 11061 and dof 1

 convergence; the increment size is increased to 3.000000e-01

 the increment size exceeds the maximum allowed and is decreased to 2.000000e-01

 the increment size exceeds the remainder of the step and is decreased to 5.000000e-02

 increment 7 attempt 1 
 increment size= 5.000000e-02
 sum of previous increments=9.500000e-01
 actual step time=1.000000e+00
 actual total time=1.000000e+00

 iteration 1

 Using up to 2 cpu(s) for the stress calculation.

 Using up to 2 cpu(s) for the symmetric stiffness/mass contributions.

 Factoring the system of equations using the symmetric spooles solver
 Using 1 cpu for spooles.

 Using up to 2 cpu(s) for the stress calculation.

 average force= 0.082701
 time avg. forc= 0.045492
 largest residual force= 0.000635 in node 80210 and dof 1
 largest increment of disp= 2.296557e-01
 largest correction to disp= 2.042198e-02 in node 9716 and dof 1

 no convergence

 iteration 2

 Using up to 2 cpu(s) for the symmetric stiffness/mass contributions.

 Factoring the system of equations using the symmetric spooles solver
 Using 1 cpu for spooles.

 Using up to 2 cpu(s) for the stress calculation.

 average force= 0.082704
 time avg. forc= 0.045493
 largest residual force= 0.000004 in node 80210 and dof 1
 largest increment of disp= 2.296557e-01
 largest correction to disp= 1.636320e-03 in node 56923 and dof 1

 convergence; the increment size is increased to 7.500000e-02

 the increment size exceeds the remainder of the step and is decreased to 0.000000e+00

 Using up to 2 cpu(s) for the stress calculation.


  The numbers below are estimated upper bounds

  number of:

   nodes:       161384
   elements:        82571
   one-dimensional elements:            0
   two-dimensional elements:            0
   integration points per element:            4
   degrees of freedom per node:            3
   layers per element:            1

   distributed facial loads:            0
   distributed volumetric loads:            0
   concentrated loads:           76
   single point constraints:         6742
   multiple point constraints:            1
   terms in all multiple point constraints:            1
   tie constraints:            0
   dependent nodes tied by cyclic constraints:            0
   dependent nodes in pre-tension constraints:            0

   sets:           18
   terms in all sets:       494275

   materials:            2
   constants per material and temperature:            9
   temperature points per material:            1
   plastic data points per material:            0

   orientations:            0
   amplitudes:            2
   data points in all amplitudes:            2
   print requests:            2
   transformations:            0
   property cards:            0


 STEP            1

 *INFO reading *STEP: nonlinear geometric
       effects are turned on

 *INFO: time control parameters set to:
        i0 =           12
        ir =           20
        ip =           99
        ic =           40
        il =           12
        ig =            4
        is =            0
        ia =           10
        ij =            0
        it =            0
        df =   0.25000000000000000     
        dc =   0.50000000000000000     
        db =   0.75000000000000000     
        da =   0.84999999999999998     
        ds =    0.0000000000000000     
        dh =    0.0000000000000000     
        dd =    1.5000000000000000     
        wg =    0.0000000000000000     
 Static analysis was selected

 Newton-Raphson iterative procedure is active

 Nonlinear geometric effects are taken into account


 Job finished

________________________________________

Total CalculiX Time: 341.102680
________________________________________
