SUMMARY OF C0NVERGENCE INFORMATION
  STEP   INC  ATT   ITER     CONT.   RESID.        CORR.      RESID.      CORR.
                              EL.    FORCE         DISP       FLUX        TEMP.
                              (#)     (%)           (%)        (%)         (%)
     1     1     1     1        0  0.7601E+04  0.1000E+03  0.0000E+00  0.0000E+00
     1     1     1     2        0  0.1080E+05  0.7919E+02  0.0000E+00  0.0000E+00
     1     1     1     3        0  0.9455E+04  0.3741E+02  0.0000E+00  0.0000E+00
     1     1     1     4        0  0.5571E+03  0.1000E+03  0.0000E+00  0.0000E+00
     1     1     1     5        0  0.0000E+00  0.1285E+00  0.0000E+00  0.0000E+00
     1     2     1     1        0  0.0000E+00  0.1226E+00  0.0000E+00  0.0000E+00
     1     2     1     2        0  0.0000E+00  0.1100E-03  0.0000E+00  0.0000E+00
     1     3     1     1        0  0.0000E+00  0.1229E+00  0.0000E+00  0.0000E+00
     1     3     1     2        0  0.0000E+00  0.1089E-03  0.0000E+00  0.0000E+00
     1     4     1     1        0  0.0000E+00  0.1539E+00  0.0000E+00  0.0000E+00
     1     4     1     2        0  0.0000E+00  0.2526E-03  0.0000E+00  0.0000E+00
     1     5     1     1        0  0.9795E-02  0.2158E+00  0.0000E+00  0.0000E+00
     1     5     1     2        0  0.0000E+00  0.6472E-03  0.0000E+00  0.0000E+00
     1     6     1     1        0  0.1026E-01  0.2473E+00  0.0000E+00  0.0000E+00
     1     6     1     2        0  0.0000E+00  0.8372E-03  0.0000E+00  0.0000E+00
     1     7     1     1        0  0.0000E+00  0.2173E+00  0.0000E+00  0.0000E+00
     1     7     1     2        0  0.0000E+00  0.4845E-03  0.0000E+00  0.0000E+00
