SUMMARY OF C0NVERGENCE INFORMATION
  STEP   INC  ATT   ITER     CONT.   RESID.        CORR.      RESID.      CORR.
                              EL.    FORCE         DISP       FLUX        TEMP.
                              (#)     (%)           (%)        (%)         (%)
     1     1     1     1        0  0.1066E+04  0.1000E+03  0.0000E+00  0.0000E+00
     1     1     1     2        0  0.1642E+05  0.2731E+01  0.0000E+00  0.0000E+00
     1     1     1     3        0  0.6992E+01  0.5300E+01  0.0000E+00  0.0000E+00
     1     1     1     4        0  0.0000E+00  0.5128E-03  0.0000E+00  0.0000E+00
     1     2     1     1        0  0.0000E+00  0.9537E-01  0.0000E+00  0.0000E+00
     1     2     1     2        0  0.0000E+00  0.1471E-02  0.0000E+00  0.0000E+00
     1     3     1     1        0  0.1730E-01  0.1181E+00  0.0000E+00  0.0000E+00
     1     3     1     2        0  0.0000E+00  0.3634E-02  0.0000E+00  0.0000E+00
     1     4     1     1        0  0.4364E-01  0.1625E+00  0.0000E+00  0.0000E+00
     1     4     1     2        0  0.0000E+00  0.1035E-01  0.0000E+00  0.0000E+00
     1     5     1     1        0  0.4411E-01  0.1855E+00  0.0000E+00  0.0000E+00
     1     5     1     2        0  0.0000E+00  0.1562E-01  0.0000E+00  0.0000E+00
     1     6     1     1        0  0.3592E-01  0.1868E+00  0.0000E+00  0.0000E+00
     1     6     1     2        0  0.0000E+00  0.1828E-01  0.0000E+00  0.0000E+00
     1     7     1     1        0  0.0000E+00  0.1232E+00  0.0000E+00  0.0000E+00
     1     7     1     2        0  0.0000E+00  0.2380E-02  0.0000E+00  0.0000E+00
