SUMMARY OF C0NVERGENCE INFORMATION
  STEP   INC  ATT   ITER     CONT.   RESID.        CORR.      RESID.      CORR.
                              EL.    FORCE         DISP       FLUX        TEMP.
                              (#)     (%)           (%)        (%)         (%)
     1     1     1     1        0  0.9137E+04  0.1000E+03  0.0000E+00  0.0000E+00
     1     1     1     2        0  0.3032E+04  0.3618E+01  0.0000E+00  0.0000E+00
     1     1     1     3        0  0.1291E+04  0.9899E-01  0.0000E+00  0.0000E+00
     1     1     1     4        0  0.1680E+04  0.1431E+00  0.0000E+00  0.0000E+00
     1     1     1     5        0  0.1731E+04  0.1194E+00  0.0000E+00  0.0000E+00
     1     1     1     6        0  0.6257E+04  0.3909E+00  0.0000E+00  0.0000E+00
     1     1     1     7        0  0.9911E+01  0.1680E+01  0.0000E+00  0.0000E+00
     1     1     1     8        0  0.0000E+00  0.2295E-03  0.0000E+00  0.0000E+00
     1     2     1     1        0  0.2187E+01  0.4009E+00  0.0000E+00  0.0000E+00
     1     2     1     2        0  0.2543E-01  0.1219E+00  0.0000E+00  0.0000E+00
     1     3     1     1        0  0.1634E+01  0.3952E+00  0.0000E+00  0.0000E+00
     1     3     1     2        0  0.1783E-01  0.1208E+00  0.0000E+00  0.0000E+00
     1     4     1     1        0  0.4197E+01  0.4835E+00  0.0000E+00  0.0000E+00
     1     4     1     2        0  0.1182E+00  0.2391E+00  0.0000E+00  0.0000E+00
     1     5     1     1        0  0.1074E+02  0.6628E+00  0.0000E+00  0.0000E+00
     1     5     1     2        0  0.6850E+00  0.4851E+00  0.0000E+00  0.0000E+00
     1     5     1     3        0  0.0000E+00  0.2129E-03  0.0000E+00  0.0000E+00
     1     6     1     1        0  0.1113E+02  0.7440E+00  0.0000E+00  0.0000E+00
     1     6     1     2        0  0.9150E+00  0.6054E+00  0.0000E+00  0.0000E+00
     1     6     1     3        0  0.0000E+00  0.5797E-03  0.0000E+00  0.0000E+00
     1     7     1     1        0  0.4197E+01  0.6469E+00  0.0000E+00  0.0000E+00
     1     7     1     2        0  0.2836E+00  0.4457E+00  0.0000E+00  0.0000E+00
