
************************************************************

CalculiX Version 2.23, Copyright(C) 1998-2025 Guido Dhondt
CalculiX comes with ABSOLUTELY NO WARRANTY. This is free
software, and you are welcome to redistribute it under
certain conditions, see gpl.htm

************************************************************

You are using an executable made on Sun Oct 19 18:23:34 CEST 2025
 Decascading the MPC's

 Determining the structure of the matrix:
 Using up to 2 cpu(s) for setting up the structure of the matrix.
 number of equations
 486388
 number of nonzero lower triangular matrix elements
 16153991

 increment 1 attempt 1 
 increment size= 1.000000e-01
 sum of previous increments=0.000000e+00
 actual step time=1.000000e-01
 actual total time=1.000000e-01

 iteration 1

 Using up to 2 cpu(s) for the stress calculation.

 Using up to 2 cpu(s) for the symmetric stiffness/mass contributions.

 Factoring the system of equations using the symmetric spooles solver
 Using 1 cpu for spooles.

 Using up to 2 cpu(s) for the stress calculation.

 average force= 0.004685
 time avg. forc= 0.004685
 largest residual force= 0.428066 in node 42696 and dof 2
 largest increment of disp= 8.847218e-01
 largest correction to disp= 8.847218e-01 in node 36658 and dof 3

 no convergence

 iteration 2

 Using up to 2 cpu(s) for the symmetric stiffness/mass contributions.

 Factoring the system of equations using the symmetric spooles solver
 Using 1 cpu for spooles.

 Using up to 2 cpu(s) for the stress calculation.

 average force= 0.004412
 time avg. forc= 0.004412
 largest residual force= 0.133770 in node 1241 and dof 3
 largest increment of disp= 8.847218e-01
 largest correction to disp= 3.200750e-02 in node 38908 and dof 3

 no convergence

 iteration 3

 Using up to 2 cpu(s) for the symmetric stiffness/mass contributions.

 Factoring the system of equations using the symmetric spooles solver
 Using 1 cpu for spooles.

 Using up to 2 cpu(s) for the stress calculation.

 average force= 0.004409
 time avg. forc= 0.004409
 largest residual force= 0.056926 in node 77752 and dof 3
 largest increment of disp= 8.847218e-01
 largest correction to disp= 8.758160e-04 in node 27802 and dof 3

 no convergence

 iteration 4

 Using up to 2 cpu(s) for the symmetric stiffness/mass contributions.

 Factoring the system of equations using the symmetric spooles solver
 Using 1 cpu for spooles.

 Using up to 2 cpu(s) for the stress calculation.

 average force= 0.004411
 time avg. forc= 0.004411
 largest residual force= 0.074114 in node 77668 and dof 3
 largest increment of disp= 8.847218e-01
 largest correction to disp= 1.266198e-03 in node 33852 and dof 3

 no convergence

 iteration 5

 Using up to 2 cpu(s) for the symmetric stiffness/mass contributions.

 Factoring the system of equations using the symmetric spooles solver
 Using 1 cpu for spooles.

 Using up to 2 cpu(s) for the stress calculation.

 average force= 0.004419
 time avg. forc= 0.004419
 largest residual force= 0.076483 in node 77664 and dof 3
 largest increment of disp= 8.847218e-01
 largest correction to disp= 1.056224e-03 in node 33874 and dof 3

 no convergence

 iteration 6

 Using up to 2 cpu(s) for the symmetric stiffness/mass contributions.

 Factoring the system of equations using the symmetric spooles solver
 Using 1 cpu for spooles.

 Using up to 2 cpu(s) for the stress calculation.

 average force= 0.004434
 time avg. forc= 0.004434
 largest residual force= 0.277446 in node 1241 and dof 3
 largest increment of disp= 8.847218e-01
 largest correction to disp= 3.458758e-03 in node 236 and dof 3

 no convergence

 iteration 7

 Using up to 2 cpu(s) for the symmetric stiffness/mass contributions.

 Factoring the system of equations using the symmetric spooles solver
 Using 1 cpu for spooles.

 Using up to 2 cpu(s) for the stress calculation.

 average force= 0.004492
 time avg. forc= 0.004492
 largest residual force= 0.000445 in node 1241 and dof 2
 largest increment of disp= 8.847218e-01
 largest correction to disp= 1.486411e-02 in node 236 and dof 3

 no convergence

 iteration 8

 Using up to 2 cpu(s) for the symmetric stiffness/mass contributions.

 Factoring the system of equations using the symmetric spooles solver
 Using 1 cpu for spooles.

 Using up to 2 cpu(s) for the stress calculation.

 average force= 0.004492
 time avg. forc= 0.004492
 largest residual force= 0.000000 in node 1241 and dof 3
 largest increment of disp= 8.847218e-01
 largest correction to disp= 2.030617e-06 in node 559 and dof 1

 convergence

 increment 2 attempt 1 
 increment size= 1.000000e-01
 sum of previous increments=1.000000e-01
 actual step time=2.000000e-01
 actual total time=2.000000e-01

 iteration 1

 Using up to 2 cpu(s) for the stress calculation.

 Using up to 2 cpu(s) for the symmetric stiffness/mass contributions.

 Factoring the system of equations using the symmetric spooles solver
 Using 1 cpu for spooles.

 Using up to 2 cpu(s) for the stress calculation.

 average force= 0.008986
 time avg. forc= 0.006739
 largest residual force= 0.000147 in node 42566 and dof 1
 largest increment of disp= 8.939991e-01
 largest correction to disp= 3.583900e-03 in node 4937 and dof 1

 no convergence

 iteration 2

 Using up to 2 cpu(s) for the symmetric stiffness/mass contributions.

 Factoring the system of equations using the symmetric spooles solver
 Using 1 cpu for spooles.

 Using up to 2 cpu(s) for the stress calculation.

 average force= 0.008985
 time avg. forc= 0.006738
 largest residual force= 0.000002 in node 36110 and dof 2
 largest increment of disp= 8.939991e-01
 largest correction to disp= 1.089451e-03 in node 2501 and dof 2

 convergence

 increment 3 attempt 1 
 increment size= 1.000000e-01
 sum of previous increments=2.000000e-01
 actual step time=3.000000e-01
 actual total time=3.000000e-01

 iteration 1

 Using up to 2 cpu(s) for the stress calculation.

 Using up to 2 cpu(s) for the symmetric stiffness/mass contributions.

 Factoring the system of equations using the symmetric spooles solver
 Using 1 cpu for spooles.

 Using up to 2 cpu(s) for the stress calculation.

 average force= 0.013480
 time avg. forc= 0.008986
 largest residual force= 0.000147 in node 42566 and dof 1
 largest increment of disp= 8.933073e-01
 largest correction to disp= 3.530564e-03 in node 4937 and dof 1

 no convergence

 iteration 2

 Using up to 2 cpu(s) for the symmetric stiffness/mass contributions.

 Factoring the system of equations using the symmetric spooles solver
 Using 1 cpu for spooles.

 Using up to 2 cpu(s) for the stress calculation.

 average force= 0.013480
 time avg. forc= 0.008985
 largest residual force= 0.000002 in node 36172 and dof 2
 largest increment of disp= 8.933073e-01
 largest correction to disp= 1.078793e-03 in node 10551 and dof 2

 convergence; the increment size is increased to 1.500000e-01

 increment 4 attempt 1 
 increment size= 1.500000e-01
 sum of previous increments=3.000000e-01
 actual step time=4.500000e-01
 actual total time=4.500000e-01

 iteration 1

 Using up to 2 cpu(s) for the stress calculation.

 Using up to 2 cpu(s) for the symmetric stiffness/mass contributions.

 Factoring the system of equations using the symmetric spooles solver
 Using 1 cpu for spooles.

 Using up to 2 cpu(s) for the stress calculation.

 average force= 0.020229
 time avg. forc= 0.011796
 largest residual force= 0.000495 in node 42566 and dof 1
 largest increment of disp= 1.339426e+00
 largest correction to disp= 6.476791e-03 in node 4937 and dof 1

 no convergence

 iteration 2

 Using up to 2 cpu(s) for the symmetric stiffness/mass contributions.

 Factoring the system of equations using the symmetric spooles solver
 Using 1 cpu for spooles.

 Using up to 2 cpu(s) for the stress calculation.

 average force= 0.020228
 time avg. forc= 0.011796
 largest residual force= 0.000014 in node 36175 and dof 2
 largest increment of disp= 1.339426e+00
 largest correction to disp= 3.202582e-03 in node 10551 and dof 2

 convergence; the increment size is increased to 2.250000e-01

 the increment size exceeds the maximum allowed and is decreased to 2.000000e-01

 increment 5 attempt 1 
 increment size= 2.000000e-01
 sum of previous increments=4.500000e-01
 actual step time=6.500000e-01
 actual total time=6.500000e-01

 iteration 1

 Using up to 2 cpu(s) for the stress calculation.

 Using up to 2 cpu(s) for the symmetric stiffness/mass contributions.

 Factoring the system of equations using the symmetric spooles solver
 Using 1 cpu for spooles.

 Using up to 2 cpu(s) for the stress calculation.

 average force= 0.029241
 time avg. forc= 0.015285
 largest residual force= 0.001642 in node 42566 and dof 1
 largest increment of disp= 1.785959e+00
 largest correction to disp= 1.183652e-02 in node 4937 and dof 1

 no convergence

 iteration 2

 Using up to 2 cpu(s) for the symmetric stiffness/mass contributions.

 Factoring the system of equations using the symmetric spooles solver
 Using 1 cpu for spooles.

 Using up to 2 cpu(s) for the stress calculation.

 average force= 0.029240
 time avg. forc= 0.015285
 largest residual force= 0.000105 in node 36174 and dof 2
 largest increment of disp= 1.785959e+00
 largest correction to disp= 8.664153e-03 in node 10531 and dof 2

 no convergence

 iteration 3

 Using up to 2 cpu(s) for the symmetric stiffness/mass contributions.

 Factoring the system of equations using the symmetric spooles solver
 Using 1 cpu for spooles.

 Using up to 2 cpu(s) for the stress calculation.

 average force= 0.029240
 time avg. forc= 0.015285
 largest residual force= 0.000000 in node 117363 and dof 1
 largest increment of disp= 1.785959e+00
 largest correction to disp= 3.802408e-06 in node 10550 and dof 2

 convergence; the increment size is increased to 3.000000e-01

 the increment size exceeds the maximum allowed and is decreased to 2.000000e-01

 increment 6 attempt 1 
 increment size= 2.000000e-01
 sum of previous increments=6.500000e-01
 actual step time=8.500000e-01
 actual total time=8.500000e-01

 iteration 1

 Using up to 2 cpu(s) for the stress calculation.

 Using up to 2 cpu(s) for the symmetric stiffness/mass contributions.

 Factoring the system of equations using the symmetric spooles solver
 Using 1 cpu for spooles.

 Using up to 2 cpu(s) for the stress calculation.

 average force= 0.038277
 time avg. forc= 0.019117
 largest residual force= 0.002127 in node 42566 and dof 1
 largest increment of disp= 1.787751e+00
 largest correction to disp= 1.330037e-02 in node 5743 and dof 1

 no convergence

 iteration 2

 Using up to 2 cpu(s) for the symmetric stiffness/mass contributions.

 Factoring the system of equations using the symmetric spooles solver
 Using 1 cpu for spooles.

 Using up to 2 cpu(s) for the stress calculation.

 average force= 0.038279
 time avg. forc= 0.019117
 largest residual force= 0.000175 in node 36177 and dof 2
 largest increment of disp= 1.787751e+00
 largest correction to disp= 1.082379e-02 in node 10531 and dof 2

 no convergence

 iteration 3

 Using up to 2 cpu(s) for the symmetric stiffness/mass contributions.

 Factoring the system of equations using the symmetric spooles solver
 Using 1 cpu for spooles.

 Using up to 2 cpu(s) for the stress calculation.

 average force= 0.038279
 time avg. forc= 0.019117
 largest residual force= 0.000000 in node 36181 and dof 2
 largest increment of disp= 1.787751e+00
 largest correction to disp= 1.036362e-05 in node 7614 and dof 3

 convergence; the increment size is increased to 3.000000e-01

 the increment size exceeds the maximum allowed and is decreased to 2.000000e-01

 the increment size exceeds the remainder of the step and is decreased to 1.500000e-01

 increment 7 attempt 1 
 increment size= 1.500000e-01
 sum of previous increments=8.500000e-01
 actual step time=1.000000e+00
 actual total time=1.000000e+00

 iteration 1

 Using up to 2 cpu(s) for the stress calculation.

 Using up to 2 cpu(s) for the symmetric stiffness/mass contributions.

 Factoring the system of equations using the symmetric spooles solver
 Using 1 cpu for spooles.

 Using up to 2 cpu(s) for the stress calculation.

 average force= 0.045077
 time avg. forc= 0.022826
 largest residual force= 0.000958 in node 42566 and dof 1
 largest increment of disp= 1.344161e+00
 largest correction to disp= 8.695622e-03 in node 5580 and dof 1

 no convergence

 iteration 2

 Using up to 2 cpu(s) for the symmetric stiffness/mass contributions.

 Factoring the system of equations using the symmetric spooles solver
 Using 1 cpu for spooles.

 Using up to 2 cpu(s) for the stress calculation.

 average force= 0.045080
 time avg. forc= 0.022826
 largest residual force= 0.000065 in node 36178 and dof 2
 largest increment of disp= 1.344161e+00
 largest correction to disp= 5.990926e-03 in node 10550 and dof 2

 convergence; the increment size is increased to 2.250000e-01

 the increment size exceeds the maximum allowed and is decreased to 2.000000e-01

 the increment size exceeds the remainder of the step and is decreased to 0.000000e+00

 Using up to 2 cpu(s) for the stress calculation.


  The numbers below are estimated upper bounds

  number of:

   nodes:       164431
   elements:        80304
   one-dimensional elements:            0
   two-dimensional elements:            0
   integration points per element:            4
   degrees of freedom per node:            3
   layers per element:            1

   distributed facial loads:            0
   distributed volumetric loads:            0
   concentrated loads:       162165
   single point constraints:         6905
   multiple point constraints:            1
   terms in all multiple point constraints:            1
   tie constraints:            0
   dependent nodes tied by cyclic constraints:            0
   dependent nodes in pre-tension constraints:            0

   sets:           18
   terms in all sets:       495898

   materials:            2
   constants per material and temperature:            9
   temperature points per material:            1
   plastic data points per material:            0

   orientations:            0
   amplitudes:            2
   data points in all amplitudes:            2
   print requests:            2
   transformations:            0
   property cards:            0


 STEP            1

 *INFO reading *STEP: nonlinear geometric
       effects are turned on

 *INFO: time control parameters set to:
        i0 =           12
        ir =           20
        ip =           99
        ic =           40
        il =           12
        ig =            4
        is =            0
        ia =           10
        ij =            0
        it =            0
        df =   0.25000000000000000     
        dc =   0.50000000000000000     
        db =   0.75000000000000000     
        da =   0.84999999999999998     
        ds =    0.0000000000000000     
        dh =    0.0000000000000000     
        dd =    1.5000000000000000     
        wg =    0.0000000000000000     
 Static analysis was selected

 Newton-Raphson iterative procedure is active

 Nonlinear geometric effects are taken into account


 Job finished

________________________________________

Total CalculiX Time: 285.655970
________________________________________
