SUMMARY OF C0NVERGENCE INFORMATION
  STEP   INC  ATT   ITER     CONT.   RESID.        CORR.      RESID.      CORR.
                              EL.    FORCE         DISP       FLUX        TEMP.
                              (#)     (%)           (%)        (%)         (%)
     1     1     1     1        0  0.2608E+03  0.1000E+03  0.0000E+00  0.0000E+00
     1     1     1     2        0  0.8102E+02  0.5855E-01  0.0000E+00  0.0000E+00
     1     1     1     3        0  0.4792E+02  0.3384E-01  0.0000E+00  0.0000E+00
     1     1     1     4        0  0.1725E+02  0.1884E-01  0.0000E+00  0.0000E+00
     1     1     1     5        0  0.1741E+01  0.4625E-02  0.0000E+00  0.0000E+00
     1     1     1     6        0  0.0000E+00  0.4424E-03  0.0000E+00  0.0000E+00
     1     2     1     1        0  0.0000E+00  0.4773E-01  0.0000E+00  0.0000E+00
     1     2     1     2        0  0.0000E+00  0.2225E-05  0.0000E+00  0.0000E+00
     1     3     1     1        0  0.0000E+00  0.4781E-01  0.0000E+00  0.0000E+00
     1     3     1     2        0  0.0000E+00  0.2228E-05  0.0000E+00  0.0000E+00
     1     4     1     1        0  0.0000E+00  0.5986E-01  0.0000E+00  0.0000E+00
     1     4     1     2        0  0.0000E+00  0.5228E-05  0.0000E+00  0.0000E+00
     1     5     1     1        0  0.0000E+00  0.8399E-01  0.0000E+00  0.0000E+00
     1     5     1     2        0  0.0000E+00  0.1369E-04  0.0000E+00  0.0000E+00
     1     6     1     1        0  0.0000E+00  0.9626E-01  0.0000E+00  0.0000E+00
     1     6     1     2        0  0.0000E+00  0.1792E-04  0.0000E+00  0.0000E+00
     1     7     1     1        0  0.0000E+00  0.8447E-01  0.0000E+00  0.0000E+00
     1     7     1     2        0  0.0000E+00  0.1031E-04  0.0000E+00  0.0000E+00
