
************************************************************

CalculiX Version 2.23, Copyright(C) 1998-2025 Guido Dhondt
CalculiX comes with ABSOLUTELY NO WARRANTY. This is free
software, and you are welcome to redistribute it under
certain conditions, see gpl.htm

************************************************************

You are using an executable made on Sun Oct 19 18:23:34 CEST 2025
 Decascading the MPC's

 Determining the structure of the matrix:
 Using up to 2 cpu(s) for setting up the structure of the matrix.
 number of equations
 544327
 number of nonzero lower triangular matrix elements
 18947132

 increment 1 attempt 1 
 increment size= 1.000000e-01
 sum of previous increments=0.000000e+00
 actual step time=1.000000e-01
 actual total time=1.000000e-01

 iteration 1

 Using up to 2 cpu(s) for the stress calculation.

 Using up to 2 cpu(s) for the symmetric stiffness/mass contributions.

 Factoring the system of equations using the symmetric spooles solver
 Using 1 cpu for spooles.

 Using up to 2 cpu(s) for the stress calculation.

 average force= 0.001189
 time avg. forc= 0.001189
 largest residual force= 0.003100 in node 80390 and dof 3
 largest increment of disp= 1.667150e-02
 largest correction to disp= 1.667150e-02 in node 2 and dof 3

 no convergence

 iteration 2

 Using up to 2 cpu(s) for the symmetric stiffness/mass contributions.

 Factoring the system of equations using the symmetric spooles solver
 Using 1 cpu for spooles.

 Using up to 2 cpu(s) for the stress calculation.

 average force= 0.001188
 time avg. forc= 0.001188
 largest residual force= 0.000962 in node 477 and dof 3
 largest increment of disp= 1.667150e-02
 largest correction to disp= 9.761349e-06 in node 530 and dof 3

 no convergence

 iteration 3

 Using up to 2 cpu(s) for the symmetric stiffness/mass contributions.

 Factoring the system of equations using the symmetric spooles solver
 Using 1 cpu for spooles.

 Using up to 2 cpu(s) for the stress calculation.

 average force= 0.001188
 time avg. forc= 0.001188
 largest residual force= 0.000569 in node 80179 and dof 3
 largest increment of disp= 1.667150e-02
 largest correction to disp= 5.641355e-06 in node 70900 and dof 3

 no convergence

 iteration 4

 Using up to 2 cpu(s) for the symmetric stiffness/mass contributions.

 Factoring the system of equations using the symmetric spooles solver
 Using 1 cpu for spooles.

 Using up to 2 cpu(s) for the stress calculation.

 average force= 0.001188
 time avg. forc= 0.001188
 largest residual force= 0.000205 in node 80263 and dof 3
 largest increment of disp= 1.667150e-02
 largest correction to disp= 3.141022e-06 in node 71009 and dof 3

 no convergence

 iteration 5

 Using up to 2 cpu(s) for the symmetric stiffness/mass contributions.

 Factoring the system of equations using the symmetric spooles solver
 Using 1 cpu for spooles.

 Using up to 2 cpu(s) for the stress calculation.

 average force= 0.001188
 time avg. forc= 0.001188
 largest residual force= 0.000021 in node 10501 and dof 3
 largest increment of disp= 1.667150e-02
 largest correction to disp= 7.710116e-07 in node 10500 and dof 3

 no convergence

 iteration 6

 Using up to 2 cpu(s) for the symmetric stiffness/mass contributions.

 Factoring the system of equations using the symmetric spooles solver
 Using 1 cpu for spooles.

 Using up to 2 cpu(s) for the stress calculation.

 average force= 0.001188
 time avg. forc= 0.001188
 largest residual force= 0.000000 in node 10501 and dof 2
 largest increment of disp= 1.667150e-02
 largest correction to disp= 7.376115e-08 in node 10501 and dof 3

 convergence

 increment 2 attempt 1 
 increment size= 1.000000e-01
 sum of previous increments=1.000000e-01
 actual step time=2.000000e-01
 actual total time=2.000000e-01

 iteration 1

 Using up to 2 cpu(s) for the stress calculation.

 Using up to 2 cpu(s) for the symmetric stiffness/mass contributions.

 Factoring the system of equations using the symmetric spooles solver
 Using 1 cpu for spooles.

 Using up to 2 cpu(s) for the stress calculation.

 average force= 0.002376
 time avg. forc= 0.001782
 largest residual force= 0.000000 in node 10816 and dof 2
 largest increment of disp= 1.667160e-02
 largest correction to disp= 7.958063e-06 in node 8011 and dof 1

 no convergence

 iteration 2

 Using up to 2 cpu(s) for the symmetric stiffness/mass contributions.

 Factoring the system of equations using the symmetric spooles solver
 Using 1 cpu for spooles.

 Using up to 2 cpu(s) for the stress calculation.

 average force= 0.002376
 time avg. forc= 0.001782
 largest residual force= 0.000000 in node 132622 and dof 1
 largest increment of disp= 1.667160e-02
 largest correction to disp= 3.709337e-10 in node 8462 and dof 1

 convergence

 increment 3 attempt 1 
 increment size= 1.000000e-01
 sum of previous increments=2.000000e-01
 actual step time=3.000000e-01
 actual total time=3.000000e-01

 iteration 1

 Using up to 2 cpu(s) for the stress calculation.

 Using up to 2 cpu(s) for the symmetric stiffness/mass contributions.

 Factoring the system of equations using the symmetric spooles solver
 Using 1 cpu for spooles.

 Using up to 2 cpu(s) for the stress calculation.

 average force= 0.003564
 time avg. forc= 0.002376
 largest residual force= 0.000000 in node 10816 and dof 2
 largest increment of disp= 1.667218e-02
 largest correction to disp= 7.970323e-06 in node 8011 and dof 1

 no convergence

 iteration 2

 Using up to 2 cpu(s) for the symmetric stiffness/mass contributions.

 Factoring the system of equations using the symmetric spooles solver
 Using 1 cpu for spooles.

 Using up to 2 cpu(s) for the stress calculation.

 average force= 0.003564
 time avg. forc= 0.002376
 largest residual force= 0.000000 in node 112414 and dof 1
 largest increment of disp= 1.667218e-02
 largest correction to disp= 3.713764e-10 in node 8462 and dof 1

 convergence; the increment size is increased to 1.500000e-01

 increment 4 attempt 1 
 increment size= 1.500000e-01
 sum of previous increments=3.000000e-01
 actual step time=4.500000e-01
 actual total time=4.500000e-01

 iteration 1

 Using up to 2 cpu(s) for the stress calculation.

 Using up to 2 cpu(s) for the symmetric stiffness/mass contributions.

 Factoring the system of equations using the symmetric spooles solver
 Using 1 cpu for spooles.

 Using up to 2 cpu(s) for the stress calculation.

 average force= 0.005345
 time avg. forc= 0.003118
 largest residual force= 0.000000 in node 10816 and dof 2
 largest increment of disp= 2.500912e-02
 largest correction to disp= 1.497077e-05 in node 8011 and dof 1

 no convergence

 iteration 2

 Using up to 2 cpu(s) for the symmetric stiffness/mass contributions.

 Factoring the system of equations using the symmetric spooles solver
 Using 1 cpu for spooles.

 Using up to 2 cpu(s) for the stress calculation.

 average force= 0.005345
 time avg. forc= 0.003118
 largest residual force= 0.000000 in node 5345 and dof 1
 largest increment of disp= 2.500912e-02
 largest correction to disp= 1.307459e-09 in node 8462 and dof 1

 convergence; the increment size is increased to 2.250000e-01

 the increment size exceeds the maximum allowed and is decreased to 2.000000e-01

 increment 5 attempt 1 
 increment size= 2.000000e-01
 sum of previous increments=4.500000e-01
 actual step time=6.500000e-01
 actual total time=6.500000e-01

 iteration 1

 Using up to 2 cpu(s) for the stress calculation.

 Using up to 2 cpu(s) for the symmetric stiffness/mass contributions.

 Factoring the system of equations using the symmetric spooles solver
 Using 1 cpu for spooles.

 Using up to 2 cpu(s) for the stress calculation.

 average force= 0.007721
 time avg. forc= 0.004039
 largest residual force= 0.000000 in node 10816 and dof 2
 largest increment of disp= 3.334689e-02
 largest correction to disp= 2.800890e-05 in node 52553 and dof 1

 no convergence

 iteration 2

 Using up to 2 cpu(s) for the symmetric stiffness/mass contributions.

 Factoring the system of equations using the symmetric spooles solver
 Using 1 cpu for spooles.

 Using up to 2 cpu(s) for the stress calculation.

 average force= 0.007721
 time avg. forc= 0.004039
 largest residual force= 0.000000 in node 159847 and dof 1
 largest increment of disp= 3.334689e-02
 largest correction to disp= 4.564190e-09 in node 53177 and dof 1

 convergence; the increment size is increased to 3.000000e-01

 the increment size exceeds the maximum allowed and is decreased to 2.000000e-01

 increment 6 attempt 1 
 increment size= 2.000000e-01
 sum of previous increments=6.500000e-01
 actual step time=8.500000e-01
 actual total time=8.500000e-01

 iteration 1

 Using up to 2 cpu(s) for the stress calculation.

 Using up to 2 cpu(s) for the symmetric stiffness/mass contributions.

 Factoring the system of equations using the symmetric spooles solver
 Using 1 cpu for spooles.

 Using up to 2 cpu(s) for the stress calculation.

 average force= 0.010097
 time avg. forc= 0.005049
 largest residual force= 0.000000 in node 10816 and dof 2
 largest increment of disp= 3.334878e-02
 largest correction to disp= 3.210195e-05 in node 52553 and dof 1

 no convergence

 iteration 2

 Using up to 2 cpu(s) for the symmetric stiffness/mass contributions.

 Factoring the system of equations using the symmetric spooles solver
 Using 1 cpu for spooles.

 Using up to 2 cpu(s) for the stress calculation.

 average force= 0.010097
 time avg. forc= 0.005049
 largest residual force= 0.000000 in node 114604 and dof 1
 largest increment of disp= 3.334878e-02
 largest correction to disp= 5.975334e-09 in node 53177 and dof 1

 convergence; the increment size is increased to 3.000000e-01

 the increment size exceeds the maximum allowed and is decreased to 2.000000e-01

 the increment size exceeds the remainder of the step and is decreased to 1.500000e-01

 increment 7 attempt 1 
 increment size= 1.500000e-01
 sum of previous increments=8.500000e-01
 actual step time=1.000000e+00
 actual total time=1.000000e+00

 iteration 1

 Using up to 2 cpu(s) for the stress calculation.

 Using up to 2 cpu(s) for the symmetric stiffness/mass contributions.

 Factoring the system of equations using the symmetric spooles solver
 Using 1 cpu for spooles.

 Using up to 2 cpu(s) for the stress calculation.

 average force= 0.011879
 time avg. forc= 0.006024
 largest residual force= 0.000000 in node 10816 and dof 2
 largest increment of disp= 2.501315e-02
 largest correction to disp= 2.112955e-05 in node 52553 and dof 1

 no convergence

 iteration 2

 Using up to 2 cpu(s) for the symmetric stiffness/mass contributions.

 Factoring the system of equations using the symmetric spooles solver
 Using 1 cpu for spooles.

 Using up to 2 cpu(s) for the stress calculation.

 average force= 0.011879
 time avg. forc= 0.006024
 largest residual force= 0.000000 in node 110730 and dof 1
 largest increment of disp= 2.501315e-02
 largest correction to disp= 2.579573e-09 in node 53177 and dof 1

 convergence; the increment size is increased to 2.250000e-01

 the increment size exceeds the maximum allowed and is decreased to 2.000000e-01

 the increment size exceeds the remainder of the step and is decreased to 0.000000e+00

 Using up to 2 cpu(s) for the stress calculation.


  The numbers below are estimated upper bounds

  number of:

   nodes:       183706
   elements:        97767
   one-dimensional elements:            0
   two-dimensional elements:            0
   integration points per element:            4
   degrees of freedom per node:            3
   layers per element:            1

   distributed facial loads:            0
   distributed volumetric loads:            0
   concentrated loads:           31
   single point constraints:         6791
   multiple point constraints:            1
   terms in all multiple point constraints:            1
   tie constraints:            0
   dependent nodes tied by cyclic constraints:            0
   dependent nodes in pre-tension constraints:            0

   sets:           18
   terms in all sets:       569296

   materials:            2
   constants per material and temperature:            9
   temperature points per material:            1
   plastic data points per material:            0

   orientations:            0
   amplitudes:            2
   data points in all amplitudes:            2
   print requests:            2
   transformations:            0
   property cards:            0


 STEP            1

 *INFO reading *STEP: nonlinear geometric
       effects are turned on

 *INFO: time control parameters set to:
        i0 =           12
        ir =           20
        ip =           99
        ic =           40
        il =           12
        ig =            4
        is =            0
        ia =           10
        ij =            0
        it =            0
        df =   0.25000000000000000     
        dc =   0.50000000000000000     
        db =   0.75000000000000000     
        da =   0.84999999999999998     
        ds =    0.0000000000000000     
        dh =    0.0000000000000000     
        dd =    1.5000000000000000     
        wg =    0.0000000000000000     
 Static analysis was selected

 Newton-Raphson iterative procedure is active

 Nonlinear geometric effects are taken into account


 Job finished

________________________________________

Total CalculiX Time: 322.861041
________________________________________
