SUMMARY OF C0NVERGENCE INFORMATION
  STEP   INC  ATT   ITER     CONT.   RESID.        CORR.      RESID.      CORR.
                              EL.    FORCE         DISP       FLUX        TEMP.
                              (#)     (%)           (%)        (%)         (%)
     1     1     1     1        0  0.2220E+04  0.1000E+03  0.0000E+00  0.0000E+00
     1     1     1     2        0  0.4129E+03  0.1337E+01  0.0000E+00  0.0000E+00
     1     1     1     3        0  0.4761E+03  0.4714E+00  0.0000E+00  0.0000E+00
     1     1     1     4        0  0.9329E+02  0.2671E+00  0.0000E+00  0.0000E+00
     1     1     1     5        0  0.1942E+03  0.1215E+00  0.0000E+00  0.0000E+00
     1     1     1     6        0  0.1428E+03  0.3845E-01  0.0000E+00  0.0000E+00
     1     1     2     1        0  0.5987E+03  0.1000E+03  0.0000E+00  0.0000E+00
     1     1     2     2        0  0.4127E+03  0.3528E+00  0.0000E+00  0.0000E+00
     1     1     2     3        0  0.4751E+03  0.4750E+00  0.0000E+00  0.0000E+00
     1     1     2     4        0  0.9412E+02  0.2697E+00  0.0000E+00  0.0000E+00
     1     1     2     5        0  0.1949E+03  0.1226E+00  0.0000E+00  0.0000E+00
     1     1     2     6        0  0.1413E+03  0.3850E-01  0.0000E+00  0.0000E+00
     1     1     3     1        0  0.1516E+03  0.1000E+03  0.0000E+00  0.0000E+00
     1     1     3     2        0  0.4126E+03  0.3471E+00  0.0000E+00  0.0000E+00
     1     1     3     3        0  0.4748E+03  0.4760E+00  0.0000E+00  0.0000E+00
     1     1     3     4        0  0.9433E+02  0.2703E+00  0.0000E+00  0.0000E+00
     1     1     3     5        0  0.1951E+03  0.1229E+00  0.0000E+00  0.0000E+00
     1     1     3     6        0  0.1410E+03  0.3852E-01  0.0000E+00  0.0000E+00
     1     1     4     1        0  0.9698E+02  0.1000E+03  0.0000E+00  0.0000E+00
     1     1     4     2        0  0.4126E+03  0.3457E+00  0.0000E+00  0.0000E+00
     1     1     4     3        0  0.4748E+03  0.4763E+00  0.0000E+00  0.0000E+00
     1     1     4     4        0  0.9438E+02  0.2705E+00  0.0000E+00  0.0000E+00
     1     1     4     5        0  0.1951E+03  0.1230E+00  0.0000E+00  0.0000E+00
     1     1     4     6        0  0.1409E+03  0.3852E-01  0.0000E+00  0.0000E+00
     1     1     5     1        0  0.9701E+02  0.1000E+03  0.0000E+00  0.0000E+00
     1     1     5     2        0  0.4126E+03  0.3453E+00  0.0000E+00  0.0000E+00
     1     1     5     3        0  0.4747E+03  0.4764E+00  0.0000E+00  0.0000E+00
     1     1     5     4        0  0.9440E+02  0.2705E+00  0.0000E+00  0.0000E+00
     1     1     5     5        0  0.1951E+03  0.1230E+00  0.0000E+00  0.0000E+00
     1     1     5     6        0  0.1409E+03  0.3853E-01  0.0000E+00  0.0000E+00
     1     1     6     1        0  0.9701E+02  0.1000E+03  0.0000E+00  0.0000E+00
     1     1     6     2        0  0.4126E+03  0.3452E+00  0.0000E+00  0.0000E+00
     1     1     6     3        0  0.4747E+03  0.4764E+00  0.0000E+00  0.0000E+00
     1     1     6     4        0  0.9440E+02  0.2705E+00  0.0000E+00  0.0000E+00
     1     1     6     5        0  0.1951E+03  0.1230E+00  0.0000E+00  0.0000E+00
     1     1     6     6        0  0.1409E+03  0.3853E-01  0.0000E+00  0.0000E+00
