[
  {
    "case": "LC1",
    "solver_execution_pass": true,
    "classification": "SIMULATED_NORMALIZED_SCREEN_NOT_RELEASE",
    "final_step_time": 1.0,
    "max_displacement_mm": 3.485545737292378,
    "max_displacement_node": 191,
    "max_displacement_xyz_mm": [
      156.4,
      161.0,
      28.0
    ],
    "max_abs_UZ_mm": 0.07339912,
    "corner_max_abs_UZ_mm": {
      "CORNER_LL": 0.02041976,
      "CORNER_LR": 0.02647963,
      "CORNER_UL": 0.01070591,
      "CORNER_UR": 0.01192635
    },
    "bore_boundary_displacement_note": "Bore displacements are prescribed zero; cannot validate <=0.5 mm mount movement with these supports.",
    "adjacent_mount_max_displacement_mm": {
      "UL1": 0.0034613356386899393,
      "UL2": 0.0013507200273009392,
      "UR1": 0.001364243230626566,
      "UR2": 0.003637122849404514
    },
    "support_reaction_sum_N": [
      1.3510986225651056e-08,
      70.00000030561955,
      -1.0590600007381878e-07
    ],
    "force_balance_residual_N": [
      1.3510986225651056e-08,
      3.0561983521693037e-07,
      -1.0590600007381878e-07
    ],
    "force_balance_within_0_1_percent_or_0_001N": true,
    "cleat_bore_reactions_N": {
      "UL1": [
        -8.271047178300003,
        38.113389386399575,
        0.5491617385130002
      ],
      "UL2": [
        6.008238829931001,
        -2.5803741373700007,
        -0.29268872376500016
      ],
      "UR1": [
        -5.964549064019997,
        -5.965168317150006,
        -0.3789858744840004
      ],
      "UR2": [
        8.2273574259,
        40.43215337374003,
        0.6138449084300008
      ]
    },
    "anti_lift_normal_reaction_N": -0.49133215459999985,
    "warp_normal_reaction_N": null,
    "moment_balance_residual_Nmm": [
      -1.1627791057814904e-06,
      -5.415736404851962e-06,
      -0.00011204666381592105
    ],
    "moment_balance_note": "About (160,200,0); wall reaction uses deformed slave tangential location. Diagnostic, not qualification of the contact model.",
    "nodal_extrapolated_stress_diagnostic": {
      "von_mises_max_MPa": 4.441865683489319,
      "node": 13616,
      "xyz_mm": [
        303.6157475961,
        153.73144265343,
        26.0
      ],
      "principal_max_MPa": 4.133893779293198,
      "principal_min_MPa": -5.51762546890071,
      "hotspot_classification": "UNRESOLVED: unfilleted corners and bonded constraints; no non-singular peak or failure index claimed"
    },
    "qualified_strength_margin": null
  }
]
