SUMMARY OF C0NVERGENCE INFORMATION
  STEP   INC  ATT   ITER     CONT.   RESID.        CORR.      RESID.      CORR.
                              EL.    FORCE         DISP       FLUX        TEMP.
                              (#)     (%)           (%)        (%)         (%)
     1     1     1     1        0  0.1542E+05  0.1000E+03  0.0000E+00  0.0000E+00
     1     1     1     2        0  0.3384E+05  0.6689E+02  0.0000E+00  0.0000E+00
     1     1     1     3        0  0.3406E+05  0.4587E+02  0.0000E+00  0.0000E+00
     1     1     1     4        0  0.6333E+05  0.7139E+02  0.0000E+00  0.0000E+00
     1     1     1     5        0  0.1956E+04  0.1000E+03  0.0000E+00  0.0000E+00
     1     1     1     6        0  0.7006E+03  0.6137E+00  0.0000E+00  0.0000E+00
     1     1     1     7        0  0.0000E+00  0.8341E-01  0.0000E+00  0.0000E+00
     1     2     1     1        0  0.0000E+00  0.5611E-01  0.0000E+00  0.0000E+00
     1     2     1     2        0  0.0000E+00  0.1590E-04  0.0000E+00  0.0000E+00
     1     3     1     1        0  0.0000E+00  0.5609E-01  0.0000E+00  0.0000E+00
     1     3     1     2        0  0.0000E+00  0.1583E-04  0.0000E+00  0.0000E+00
     1     4     1     1        0  0.0000E+00  0.7006E-01  0.0000E+00  0.0000E+00
     1     4     1     2        0  0.0000E+00  0.3679E-04  0.0000E+00  0.0000E+00
     1     5     1     1        0  0.0000E+00  0.9800E-01  0.0000E+00  0.0000E+00
     1     5     1     2        0  0.0000E+00  0.9498E-04  0.0000E+00  0.0000E+00
     1     6     1     1        0  0.0000E+00  0.1119E+00  0.0000E+00  0.0000E+00
     1     6     1     2        0  0.0000E+00  0.1228E-03  0.0000E+00  0.0000E+00
     1     7     1     1        0  0.0000E+00  0.9785E-01  0.0000E+00  0.0000E+00
     1     7     1     2        0  0.0000E+00  0.7017E-04  0.0000E+00  0.0000E+00
