SUMMARY OF C0NVERGENCE INFORMATION
  STEP   INC  ATT   ITER     CONT.   RESID.        CORR.      RESID.      CORR.
                              EL.    FORCE         DISP       FLUX        TEMP.
                              (#)     (%)           (%)        (%)         (%)
     1     1     1     1        0  0.2401E+05  0.1000E+03  0.0000E+00  0.0000E+00
     1     1     1     2        0  0.5453E+05  0.9276E+02  0.0000E+00  0.0000E+00
     1     1     1     3        0  0.3834E+05  0.7610E+02  0.0000E+00  0.0000E+00
     1     1     1     4        0  0.4495E+05  0.5144E+02  0.0000E+00  0.0000E+00
     1     1     1     5        0  0.4790E+04  0.1000E+03  0.0000E+00  0.0000E+00
     1     1     1     6        0  0.1807E+04  0.1104E+01  0.0000E+00  0.0000E+00
     1     1     1     7        0  0.2482E+03  0.3246E+00  0.0000E+00  0.0000E+00
     1     1     1     8        0  0.0000E+00  0.1401E-01  0.0000E+00  0.0000E+00
     1     2     1     1        0  0.0000E+00  0.8071E-01  0.0000E+00  0.0000E+00
     1     2     1     2        0  0.0000E+00  0.7169E-04  0.0000E+00  0.0000E+00
     1     3     1     1        0  0.0000E+00  0.8086E-01  0.0000E+00  0.0000E+00
     1     3     1     2        0  0.0000E+00  0.7186E-04  0.0000E+00  0.0000E+00
     1     4     1     1        0  0.0000E+00  0.1012E+00  0.0000E+00  0.0000E+00
     1     4     1     2        0  0.0000E+00  0.1687E-03  0.0000E+00  0.0000E+00
     1     5     1     1        0  0.0000E+00  0.1419E+00  0.0000E+00  0.0000E+00
     1     5     1     2        0  0.0000E+00  0.4418E-03  0.0000E+00  0.0000E+00
     1     6     1     1        0  0.0000E+00  0.1626E+00  0.0000E+00  0.0000E+00
     1     6     1     2        0  0.0000E+00  0.5792E-03  0.0000E+00  0.0000E+00
     1     7     1     1        0  0.0000E+00  0.1429E+00  0.0000E+00  0.0000E+00
     1     7     1     2        0  0.0000E+00  0.3345E-03  0.0000E+00  0.0000E+00
