SUMMARY OF C0NVERGENCE INFORMATION
  STEP   INC  ATT   ITER     CONT.   RESID.        CORR.      RESID.      CORR.
                              EL.    FORCE         DISP       FLUX        TEMP.
                              (#)     (%)           (%)        (%)         (%)
     1     1     1     1        0  0.4767E+04  0.1000E+03  0.0000E+00  0.0000E+00
     1     1     1     2        0  0.2565E+05  0.7712E+00  0.0000E+00  0.0000E+00
     1     1     1     3        0  0.1303E+04  0.1474E+00  0.0000E+00  0.0000E+00
     1     1     1     4        0  0.1151E+04  0.1292E+00  0.0000E+00  0.0000E+00
     1     1     1     5        0  0.9548E+03  0.8945E-01  0.0000E+00  0.0000E+00
     1     1     1     6        0  0.5879E+03  0.7822E-01  0.0000E+00  0.0000E+00
     1     1     1     7        0  0.6066E+01  0.2515E-03  0.0000E+00  0.0000E+00
     1     1     1     8        0  0.8986E+01  0.4109E-03  0.0000E+00  0.0000E+00
     1     1     1     9        0  0.2015E+01  0.1436E-03  0.0000E+00  0.0000E+00
     1     1     1    10        0  0.0000E+00  0.1885E-04  0.0000E+00  0.0000E+00
     1     2     1     1        0  0.1853E+01  0.1499E+01  0.0000E+00  0.0000E+00
     1     2     1     2        0  0.0000E+00  0.9808E-01  0.0000E+00  0.0000E+00
     1     3     1     1        0  0.1089E+01  0.1471E+01  0.0000E+00  0.0000E+00
     1     3     1     2        0  0.0000E+00  0.5774E-01  0.0000E+00  0.0000E+00
     1     4     1     1        0  0.2221E+01  0.1760E+01  0.0000E+00  0.0000E+00
     1     4     1     2        0  0.6525E-02  0.5889E-01  0.0000E+00  0.0000E+00
     1     5     1     1        0  0.1171E+03  0.2320E+01  0.0000E+00  0.0000E+00
     1     5     1     2        0  0.3189E-01  0.1486E+00  0.0000E+00  0.0000E+00
     1     6     1     1        0  0.3761E+01  0.2514E+01  0.0000E+00  0.0000E+00
     1     6     1     2        0  0.8496E-01  0.3096E+00  0.0000E+00  0.0000E+00
     1     7     1     1        0  0.1225E+01  0.2124E+01  0.0000E+00  0.0000E+00
     1     7     1     2        0  0.3032E-01  0.2975E+00  0.0000E+00  0.0000E+00
