
************************************************************

CalculiX Version 2.23, Copyright(C) 1998-2025 Guido Dhondt
CalculiX comes with ABSOLUTELY NO WARRANTY. This is free
software, and you are welcome to redistribute it under
certain conditions, see gpl.htm

************************************************************

You are using an executable made on Sun Oct 19 18:23:34 CEST 2025
 Decascading the MPC's

 Determining the structure of the matrix:
 Using up to 2 cpu(s) for setting up the structure of the matrix.
 number of equations
 341534
 number of nonzero lower triangular matrix elements
 11480705

 increment 1 attempt 1 
 increment size= 1.000000e-01
 sum of previous increments=0.000000e+00
 actual step time=1.000000e-01
 actual total time=1.000000e-01

 iteration 1

 Using up to 2 cpu(s) for the stress calculation.

 Using up to 2 cpu(s) for the symmetric stiffness/mass contributions.

 Factoring the system of equations using the symmetric spooles solver
 Using 1 cpu for spooles.

 Using up to 2 cpu(s) for the stress calculation.

 average force= 0.008731
 time avg. forc= 0.008731
 largest residual force= 0.416240 in node 70793 and dof 2
 largest increment of disp= 5.685505e-01
 largest correction to disp= 5.685505e-01 in node 9451 and dof 2

 no convergence

 iteration 2

 Using up to 2 cpu(s) for the symmetric stiffness/mass contributions.

 Factoring the system of equations using the symmetric spooles solver
 Using 1 cpu for spooles.

 Using up to 2 cpu(s) for the stress calculation.

 average force= 0.007906
 time avg. forc= 0.007906
 largest residual force= 2.027987 in node 12665 and dof 3
 largest increment of disp= 5.685505e-01
 largest correction to disp= 4.384924e-03 in node 7082 and dof 1

 no convergence

 iteration 3

 Using up to 2 cpu(s) for the symmetric stiffness/mass contributions.

 Factoring the system of equations using the symmetric spooles solver
 Using 1 cpu for spooles.

 Using up to 2 cpu(s) for the stress calculation.

 average force= 0.007905
 time avg. forc= 0.007905
 largest residual force= 0.103028 in node 73559 and dof 3
 largest increment of disp= 5.685505e-01
 largest correction to disp= 8.380184e-04 in node 63064 and dof 3

 no convergence

 iteration 4

 Using up to 2 cpu(s) for the symmetric stiffness/mass contributions.

 Factoring the system of equations using the symmetric spooles solver
 Using 1 cpu for spooles.

 Using up to 2 cpu(s) for the stress calculation.

 average force= 0.007905
 time avg. forc= 0.007905
 largest residual force= 0.091005 in node 73506 and dof 3
 largest increment of disp= 5.685505e-01
 largest correction to disp= 7.345518e-04 in node 63065 and dof 3

 no convergence

 iteration 5

 Using up to 2 cpu(s) for the symmetric stiffness/mass contributions.

 Factoring the system of equations using the symmetric spooles solver
 Using 1 cpu for spooles.

 Using up to 2 cpu(s) for the stress calculation.

 average force= 0.007906
 time avg. forc= 0.007906
 largest residual force= 0.075486 in node 73534 and dof 3
 largest increment of disp= 5.685505e-01
 largest correction to disp= 5.085838e-04 in node 62766 and dof 3

 no convergence

 iteration 6

 Using up to 2 cpu(s) for the symmetric stiffness/mass contributions.

 Factoring the system of equations using the symmetric spooles solver
 Using 1 cpu for spooles.

 Using up to 2 cpu(s) for the stress calculation.

 average force= 0.007906
 time avg. forc= 0.007906
 largest residual force= 0.046476 in node 393 and dof 3
 largest increment of disp= 5.685505e-01
 largest correction to disp= 4.447195e-04 in node 63065 and dof 3

 no convergence

 iteration 7

 Using up to 2 cpu(s) for the symmetric stiffness/mass contributions.

 Factoring the system of equations using the symmetric spooles solver
 Using 1 cpu for spooles.

 Using up to 2 cpu(s) for the stress calculation.

 average force= 0.007906
 time avg. forc= 0.007906
 largest residual force= 0.000480 in node 73440 and dof 3
 largest increment of disp= 5.685505e-01
 largest correction to disp= 1.430018e-06 in node 65698 and dof 3

 no convergence

 iteration 8

 Using up to 2 cpu(s) for the symmetric stiffness/mass contributions.

 Factoring the system of equations using the symmetric spooles solver
 Using 1 cpu for spooles.

 Using up to 2 cpu(s) for the stress calculation.

 average force= 0.007906
 time avg. forc= 0.007906
 largest residual force= 0.000710 in node 73495 and dof 3
 largest increment of disp= 5.685505e-01
 largest correction to disp= 2.336110e-06 in node 65631 and dof 3

 estimated number of iterations till convergence = 1
 no convergence

 iteration 9

 Using up to 2 cpu(s) for the symmetric stiffness/mass contributions.

 Factoring the system of equations using the symmetric spooles solver
 Using 1 cpu for spooles.

 Using up to 2 cpu(s) for the stress calculation.

 average force= 0.007906
 time avg. forc= 0.007906
 largest residual force= 0.000159 in node 73494 and dof 3
 largest increment of disp= 5.685505e-01
 largest correction to disp= 8.164608e-07 in node 65617 and dof 3

 estimated number of iterations till convergence = 10
 no convergence

 iteration 10

 Using up to 2 cpu(s) for the symmetric stiffness/mass contributions.

 Factoring the system of equations using the symmetric spooles solver
 Using 1 cpu for spooles.

 Using up to 2 cpu(s) for the stress calculation.

 average force= 0.007906
 time avg. forc= 0.007906
 largest residual force= 0.000000 in node 73494 and dof 3
 largest increment of disp= 5.685505e-01
 largest correction to disp= 1.071846e-07 in node 65710 and dof 3

 convergence

 increment 2 attempt 1 
 increment size= 1.000000e-01
 sum of previous increments=1.000000e-01
 actual step time=2.000000e-01
 actual total time=2.000000e-01

 iteration 1

 Using up to 2 cpu(s) for the stress calculation.

 Using up to 2 cpu(s) for the symmetric stiffness/mass contributions.

 Factoring the system of equations using the symmetric spooles solver
 Using 1 cpu for spooles.

 Using up to 2 cpu(s) for the stress calculation.

 average force= 0.015778
 time avg. forc= 0.011842
 largest residual force= 0.000219 in node 70028 and dof 1
 largest increment of disp= 5.672915e-01
 largest correction to disp= 8.505077e-03 in node 7061 and dof 1

 no convergence

 iteration 2

 Using up to 2 cpu(s) for the symmetric stiffness/mass contributions.

 Factoring the system of equations using the symmetric spooles solver
 Using 1 cpu for spooles.

 Using up to 2 cpu(s) for the stress calculation.

 average force= 0.015777
 time avg. forc= 0.011841
 largest residual force= 0.000000 in node 61772 and dof 2
 largest increment of disp= 5.672915e-01
 largest correction to disp= 5.564107e-04 in node 333 and dof 2

 convergence

 increment 3 attempt 1 
 increment size= 1.000000e-01
 sum of previous increments=2.000000e-01
 actual step time=3.000000e-01
 actual total time=3.000000e-01

 iteration 1

 Using up to 2 cpu(s) for the stress calculation.

 Using up to 2 cpu(s) for the symmetric stiffness/mass contributions.

 Factoring the system of equations using the symmetric spooles solver
 Using 1 cpu for spooles.

 Using up to 2 cpu(s) for the stress calculation.

 average force= 0.023617
 time avg. forc= 0.015766
 largest residual force= 0.000172 in node 70028 and dof 1
 largest increment of disp= 5.654277e-01
 largest correction to disp= 8.315466e-03 in node 44692 and dof 1

 no convergence

 iteration 2

 Using up to 2 cpu(s) for the symmetric stiffness/mass contributions.

 Factoring the system of equations using the symmetric spooles solver
 Using 1 cpu for spooles.

 Using up to 2 cpu(s) for the stress calculation.

 average force= 0.023616
 time avg. forc= 0.015766
 largest residual force= 0.000000 in node 70759 and dof 2
 largest increment of disp= 5.654277e-01
 largest correction to disp= 3.264581e-04 in node 48001 and dof 2

 convergence; the increment size is increased to 1.500000e-01

 increment 4 attempt 1 
 increment size= 1.500000e-01
 sum of previous increments=3.000000e-01
 actual step time=4.500000e-01
 actual total time=4.500000e-01

 iteration 1

 Using up to 2 cpu(s) for the stress calculation.

 Using up to 2 cpu(s) for the symmetric stiffness/mass contributions.

 Factoring the system of equations using the symmetric spooles solver
 Using 1 cpu for spooles.

 Using up to 2 cpu(s) for the stress calculation.

 average force= 0.035323
 time avg. forc= 0.020655
 largest residual force= 0.000459 in node 63367 and dof 1
 largest increment of disp= 8.466464e-01
 largest correction to disp= 1.490491e-02 in node 7081 and dof 1

 no convergence

 iteration 2

 Using up to 2 cpu(s) for the symmetric stiffness/mass contributions.

 Factoring the system of equations using the symmetric spooles solver
 Using 1 cpu for spooles.

 Using up to 2 cpu(s) for the stress calculation.

 average force= 0.035321
 time avg. forc= 0.020655
 largest residual force= 0.000001 in node 70820 and dof 2
 largest increment of disp= 8.466464e-01
 largest correction to disp= 4.985671e-04 in node 48028 and dof 2

 convergence; the increment size is increased to 2.250000e-01

 the increment size exceeds the maximum allowed and is decreased to 2.000000e-01

 increment 5 attempt 1 
 increment size= 2.000000e-01
 sum of previous increments=4.500000e-01
 actual step time=6.500000e-01
 actual total time=6.500000e-01

 iteration 1

 Using up to 2 cpu(s) for the stress calculation.

 Using up to 2 cpu(s) for the symmetric stiffness/mass contributions.

 Factoring the system of equations using the symmetric spooles solver
 Using 1 cpu for spooles.

 Using up to 2 cpu(s) for the stress calculation.

 average force= 0.050845
 time avg. forc= 0.026693
 largest residual force= 0.031269 in node 73494 and dof 3
 largest increment of disp= 1.128461e+00
 largest correction to disp= 2.618058e-02 in node 7060 and dof 1

 no convergence

 iteration 2

 Using up to 2 cpu(s) for the symmetric stiffness/mass contributions.

 Factoring the system of equations using the symmetric spooles solver
 Using 1 cpu for spooles.

 Using up to 2 cpu(s) for the stress calculation.

 average force= 0.050840
 time avg. forc= 0.026692
 largest residual force= 0.000009 in node 61884 and dof 2
 largest increment of disp= 1.128461e+00
 largest correction to disp= 1.677424e-03 in node 45759 and dof 2

 convergence; the increment size is increased to 3.000000e-01

 the increment size exceeds the maximum allowed and is decreased to 2.000000e-01

 increment 6 attempt 1 
 increment size= 2.000000e-01
 sum of previous increments=6.500000e-01
 actual step time=8.500000e-01
 actual total time=8.500000e-01

 iteration 1

 Using up to 2 cpu(s) for the stress calculation.

 Using up to 2 cpu(s) for the symmetric stiffness/mass contributions.

 Factoring the system of equations using the symmetric spooles solver
 Using 1 cpu for spooles.

 Using up to 2 cpu(s) for the stress calculation.

 average force= 0.066276
 time avg. forc= 0.033289
 largest residual force= 0.001252 in node 63367 and dof 1
 largest increment of disp= 1.130947e+00
 largest correction to disp= 2.843006e-02 in node 7060 and dof 1

 no convergence

 iteration 2

 Using up to 2 cpu(s) for the symmetric stiffness/mass contributions.

 Factoring the system of equations using the symmetric spooles solver
 Using 1 cpu for spooles.

 Using up to 2 cpu(s) for the stress calculation.

 average force= 0.066274
 time avg. forc= 0.033289
 largest residual force= 0.000028 in node 61806 and dof 2
 largest increment of disp= 1.130947e+00
 largest correction to disp= 3.500947e-03 in node 8601 and dof 2

 convergence; the increment size is increased to 3.000000e-01

 the increment size exceeds the maximum allowed and is decreased to 2.000000e-01

 the increment size exceeds the remainder of the step and is decreased to 1.500000e-01

 increment 7 attempt 1 
 increment size= 1.500000e-01
 sum of previous increments=8.500000e-01
 actual step time=1.000000e+00
 actual total time=1.000000e+00

 iteration 1

 Using up to 2 cpu(s) for the stress calculation.

 Using up to 2 cpu(s) for the symmetric stiffness/mass contributions.

 Factoring the system of equations using the symmetric spooles solver
 Using 1 cpu for spooles.

 Using up to 2 cpu(s) for the stress calculation.

 average force= 0.077799
 time avg. forc= 0.039648
 largest residual force= 0.000486 in node 65712 and dof 1
 largest increment of disp= 8.527236e-01
 largest correction to disp= 1.811589e-02 in node 44690 and dof 1

 no convergence

 iteration 2

 Using up to 2 cpu(s) for the symmetric stiffness/mass contributions.

 Factoring the system of equations using the symmetric spooles solver
 Using 1 cpu for spooles.

 Using up to 2 cpu(s) for the stress calculation.

 average force= 0.077801
 time avg. forc= 0.039648
 largest residual force= 0.000012 in node 61806 and dof 2
 largest increment of disp= 8.527236e-01
 largest correction to disp= 2.536600e-03 in node 8244 and dof 2

 convergence; the increment size is increased to 2.250000e-01

 the increment size exceeds the maximum allowed and is decreased to 2.000000e-01

 the increment size exceeds the remainder of the step and is decreased to 0.000000e+00

 Using up to 2 cpu(s) for the stress calculation.


  The numbers below are estimated upper bounds

  number of:

   nodes:       116092
   elements:        58240
   one-dimensional elements:            0
   two-dimensional elements:            0
   integration points per element:            4
   degrees of freedom per node:            3
   layers per element:            1

   distributed facial loads:            0
   distributed volumetric loads:            0
   concentrated loads:       113870
   single point constraints:         6742
   multiple point constraints:            1
   terms in all multiple point constraints:            1
   tie constraints:            0
   dependent nodes tied by cyclic constraints:            0
   dependent nodes in pre-tension constraints:            0

   sets:           18
   terms in all sets:       355051

   materials:            2
   constants per material and temperature:            9
   temperature points per material:            1
   plastic data points per material:            0

   orientations:            0
   amplitudes:            2
   data points in all amplitudes:            2
   print requests:            2
   transformations:            0
   property cards:            0


 STEP            1

 *INFO reading *STEP: nonlinear geometric
       effects are turned on

 Static analysis was selected

 Newton-Raphson iterative procedure is active

 Nonlinear geometric effects are taken into account


 Job finished

________________________________________

Total CalculiX Time: 193.941465
________________________________________
