SUMMARY OF C0NVERGENCE INFORMATION
  STEP   INC  ATT   ITER     CONT.   RESID.        CORR.      RESID.      CORR.
                              EL.    FORCE         DISP       FLUX        TEMP.
                              (#)     (%)           (%)        (%)         (%)
     1     1     1     1        0  0.5429E+04  0.1000E+03  0.0000E+00  0.0000E+00
     1     1     1     2        0  0.1300E+05  0.2787E+01  0.0000E+00  0.0000E+00
     1     1     1     3        0  0.1656E+05  0.2474E+01  0.0000E+00  0.0000E+00
     1     1     1     4        0  0.9972E+04  0.5168E+01  0.0000E+00  0.0000E+00
     1     1     1     5        0  0.3735E+04  0.6813E+00  0.0000E+00  0.0000E+00
     1     1     1     6        0  0.6977E+04  0.7797E+00  0.0000E+00  0.0000E+00
     1     1     1     7        0  0.1311E+02  0.3182E+01  0.0000E+00  0.0000E+00
     1     1     1     8        0  0.0000E+00  0.5256E-03  0.0000E+00  0.0000E+00
     1     2     1     1        0  0.1734E+00  0.2803E+00  0.0000E+00  0.0000E+00
     1     2     1     2        0  0.0000E+00  0.5479E-02  0.0000E+00  0.0000E+00
     1     3     1     1        0  0.1304E+00  0.2795E+00  0.0000E+00  0.0000E+00
     1     3     1     2        0  0.0000E+00  0.6675E-02  0.0000E+00  0.0000E+00
     1     4     1     1        0  0.3499E+00  0.3449E+00  0.0000E+00  0.0000E+00
     1     4     1     2        0  0.0000E+00  0.1848E-01  0.0000E+00  0.0000E+00
     1     5     1     1        0  0.9429E+00  0.4718E+00  0.0000E+00  0.0000E+00
     1     5     1     2        0  0.1005E-01  0.4920E-01  0.0000E+00  0.0000E+00
     1     6     1     1        0  0.9946E+00  0.5294E+00  0.0000E+00  0.0000E+00
     1     6     1     2        0  0.2092E-01  0.8116E-01  0.0000E+00  0.0000E+00
     1     7     1     1        0  0.3674E+00  0.4602E+00  0.0000E+00  0.0000E+00
     1     7     1     2        0  0.8553E-02  0.7713E-01  0.0000E+00  0.0000E+00
