SUMMARY OF C0NVERGENCE INFORMATION
  STEP   INC  ATT   ITER     CONT.   RESID.        CORR.      RESID.      CORR.
                              EL.    FORCE         DISP       FLUX        TEMP.
                              (#)     (%)           (%)        (%)         (%)
     1     1     1     1        0  0.4220E+04  0.1000E+03  0.0000E+00  0.0000E+00
     1     1     1     2        0  0.7832E+02  0.5585E+00  0.0000E+00  0.0000E+00
     1     1     1     3        0  0.5160E+02  0.1306E-01  0.0000E+00  0.0000E+00
     1     1     1     4        0  0.2826E+02  0.3555E-02  0.0000E+00  0.0000E+00
     1     1     1     5        0  0.3457E+01  0.7243E-03  0.0000E+00  0.0000E+00
     1     1     1     6        0  0.0000E+00  0.3269E-04  0.0000E+00  0.0000E+00
     1     2     1     1        0  0.6661E+00  0.1047E+01  0.0000E+00  0.0000E+00
     1     2     1     2        0  0.0000E+00  0.4405E-01  0.0000E+00  0.0000E+00
     1     3     1     1        0  0.4345E+00  0.9662E+00  0.0000E+00  0.0000E+00
     1     3     1     2        0  0.0000E+00  0.3797E-01  0.0000E+00  0.0000E+00
     1     4     1     1        0  0.9662E+00  0.1092E+01  0.0000E+00  0.0000E+00
     1     4     1     2        0  0.0000E+00  0.6753E-01  0.0000E+00  0.0000E+00
     1     5     1     1        0  0.2056E+01  0.1354E+01  0.0000E+00  0.0000E+00
     1     5     1     2        0  0.1100E-01  0.1181E+00  0.0000E+00  0.0000E+00
     1     6     1     1        0  0.1700E+01  0.1368E+01  0.0000E+00  0.0000E+00
     1     6     1     2        0  0.8196E-02  0.1053E+00  0.0000E+00  0.0000E+00
     1     7     1     1        0  0.5060E+00  0.1179E+01  0.0000E+00  0.0000E+00
     1     7     1     2        0  0.0000E+00  0.4593E-01  0.0000E+00  0.0000E+00
