SUMMARY OF C0NVERGENCE INFORMATION
  STEP   INC  ATT   ITER     CONT.   RESID.        CORR.      RESID.      CORR.
                              EL.    FORCE         DISP       FLUX        TEMP.
                              (#)     (%)           (%)        (%)         (%)
     1     1     1     1        0  0.1601E+05  0.1000E+03  0.0000E+00  0.0000E+00
     1     1     1     2        0  0.3139E+05  0.7188E+02  0.0000E+00  0.0000E+00
     1     1     1     3        0  0.2792E+05  0.5176E+02  0.0000E+00  0.0000E+00
     1     1     1     4        0  0.4897E+05  0.4946E+02  0.0000E+00  0.0000E+00
     1     1     1     5        0  0.2043E+04  0.1000E+03  0.0000E+00  0.0000E+00
     1     1     1     6        0  0.4539E+03  0.4696E+00  0.0000E+00  0.0000E+00
     1     1     1     7        0  0.1282E+02  0.5442E-01  0.0000E+00  0.0000E+00
     1     1     1     8        0  0.0000E+00  0.6558E-03  0.0000E+00  0.0000E+00
     1     2     1     1        0  0.0000E+00  0.6931E-01  0.0000E+00  0.0000E+00
     1     2     1     2        0  0.0000E+00  0.1716E-04  0.0000E+00  0.0000E+00
     1     3     1     1        0  0.0000E+00  0.6928E-01  0.0000E+00  0.0000E+00
     1     3     1     2        0  0.0000E+00  0.1704E-04  0.0000E+00  0.0000E+00
     1     4     1     1        0  0.0000E+00  0.8656E-01  0.0000E+00  0.0000E+00
     1     4     1     2        0  0.0000E+00  0.3955E-04  0.0000E+00  0.0000E+00
     1     5     1     1        0  0.4605E+00  0.1211E+00  0.0000E+00  0.0000E+00
     1     5     1     2        0  0.0000E+00  0.9781E-04  0.0000E+00  0.0000E+00
     1     6     1     1        0  0.0000E+00  0.1384E+00  0.0000E+00  0.0000E+00
     1     6     1     2        0  0.0000E+00  0.1310E-03  0.0000E+00  0.0000E+00
     1     7     1     1        0  0.0000E+00  0.1212E+00  0.0000E+00  0.0000E+00
     1     7     1     2        0  0.0000E+00  0.7455E-04  0.0000E+00  0.0000E+00
