SUMMARY OF C0NVERGENCE INFORMATION
  STEP   INC  ATT   ITER     CONT.   RESID.        CORR.      RESID.      CORR.
                              EL.    FORCE         DISP       FLUX        TEMP.
                              (#)     (%)           (%)        (%)         (%)
     1     1     1     1        0  0.1386E+05  0.1000E+03  0.0000E+00  0.0000E+00
     1     1     1     2        0  0.5169E+05  0.5509E+02  0.0000E+00  0.0000E+00
     1     1     1     3        0  0.2772E+05  0.8932E+01  0.0000E+00  0.0000E+00
     1     1     1     4        0  0.1313E+05  0.5170E+01  0.0000E+00  0.0000E+00
     1     1     1     5        0  0.2011E+04  0.1000E+03  0.0000E+00  0.0000E+00
     1     1     1     6        0  0.3617E-01  0.4978E+00  0.0000E+00  0.0000E+00
     1     2     1     1        0  0.0000E+00  0.7963E-01  0.0000E+00  0.0000E+00
     1     2     1     2        0  0.0000E+00  0.3732E-04  0.0000E+00  0.0000E+00
     1     3     1     1        0  0.0000E+00  0.7896E-01  0.0000E+00  0.0000E+00
     1     3     1     2        0  0.0000E+00  0.3971E-04  0.0000E+00  0.0000E+00
     1     4     1     1        0  0.0000E+00  0.9882E-01  0.0000E+00  0.0000E+00
     1     4     1     2        0  0.0000E+00  0.9104E-04  0.0000E+00  0.0000E+00
     1     5     1     1        0  0.0000E+00  0.1381E+00  0.0000E+00  0.0000E+00
     1     5     1     2        0  0.0000E+00  0.2384E-03  0.0000E+00  0.0000E+00
     1     6     1     1        0  0.0000E+00  0.1575E+00  0.0000E+00  0.0000E+00
     1     6     1     2        0  0.0000E+00  0.3126E-03  0.0000E+00  0.0000E+00
     1     7     1     1        0  0.0000E+00  0.1377E+00  0.0000E+00  0.0000E+00
     1     7     1     2        0  0.0000E+00  0.1804E-03  0.0000E+00  0.0000E+00
