{
  "revision": "Rev.EO",
  "classification": "CAD_CANDIDATE_NOT_PRODUCTION",
  "solid_valid": true,
  "solid_components": 1,
  "solid_volume_mm3": 295343.3385741934,
  "fluid_valid": true,
  "fluid_components": 1,
  "fluid_volume_mm3": 632604.7554458061,
  "max_vent_reclosure_mm3": 0,
  "open_axial_rays": 0,
  "sampled_rays": 528,
  "open_sampled_rays": 0,
  "examples": [],
  "upper_air_height_mm": 1.7,
  "lower_air_height_mm": 2.8,
  "lower_gate_opening_area_mm2": 53.199999999999996,
  "upper_gate_opening_area_mm2": 5.1,
  "lower_inter_gate_cross_section_mm2": 8.399999999999999,
  "upper_inter_gate_cross_section_mm2": 8.5,
  "full_vent_footprint_coverage_count": 22,
  "airflow_area_contract_gate": "FAIL",
  "release": "FAIL_NOT_FABRICABLE_RELEASE",
  "limitations": [
    "Upper 5.1 mm2 gate per side is restrictive; thermal capacity unproven.",
    "Local slab fluid is not full CFD geometry.",
    "Exact component/harness/RF masks not present.",
    "No acoustic attenuation or CFD/FEA result.",
    "No process tolerance assigned; 1 mm walls are design candidate dimensions."
  ],
  "solid_sha256": "764356589e00c19ec30ee9e0299054ea20b52c8ce3ff529db02b270afa98d2e2",
  "fluid_sha256": "931fd17ebfa9d63979afa7e54b3896a854430e860f2fdfbdddc166974af240f3"
}
