SUMMARY OF C0NVERGENCE INFORMATION
  STEP   INC  ATT   ITER     CONT.   RESID.        CORR.      RESID.      CORR.
                              EL.    FORCE         DISP       FLUX        TEMP.
                              (#)     (%)           (%)        (%)         (%)
     1     1     1     1        0  0.2516E+03  0.1000E+03  0.0000E+00  0.0000E+00
     1     1     1     2        0  0.7354E+02  0.5645E-01  0.0000E+00  0.0000E+00
     1     1     1     3        0  0.4145E+02  0.2978E-01  0.0000E+00  0.0000E+00
     1     1     1     4        0  0.1761E+02  0.1423E-01  0.0000E+00  0.0000E+00
     1     1     1     5        0  0.4182E+01  0.2896E-02  0.0000E+00  0.0000E+00
     1     1     1     6        0  0.0000E+00  0.8898E-03  0.0000E+00  0.0000E+00
     1     2     1     1        0  0.0000E+00  0.9062E-01  0.0000E+00  0.0000E+00
     1     2     1     2        0  0.0000E+00  0.3322E-05  0.0000E+00  0.0000E+00
     1     3     1     1        0  0.0000E+00  0.9066E-01  0.0000E+00  0.0000E+00
     1     3     1     2        0  0.0000E+00  0.3320E-05  0.0000E+00  0.0000E+00
     1     4     1     1        0  0.0000E+00  0.1134E+00  0.0000E+00  0.0000E+00
     1     4     1     2        0  0.0000E+00  0.7776E-05  0.0000E+00  0.0000E+00
     1     5     1     1        0  0.0000E+00  0.1588E+00  0.0000E+00  0.0000E+00
     1     5     1     2        0  0.0000E+00  0.2030E-04  0.0000E+00  0.0000E+00
     1     6     1     1        0  0.0000E+00  0.1816E+00  0.0000E+00  0.0000E+00
     1     6     1     2        0  0.0000E+00  0.2649E-04  0.0000E+00  0.0000E+00
     1     7     1     1        0  0.0000E+00  0.1591E+00  0.0000E+00  0.0000E+00
     1     7     1     2        0  0.0000E+00  0.1520E-04  0.0000E+00  0.0000E+00
