SUMMARY OF C0NVERGENCE INFORMATION
  STEP   INC  ATT   ITER     CONT.   RESID.        CORR.      RESID.      CORR.
                              EL.    FORCE         DISP       FLUX        TEMP.
                              (#)     (%)           (%)        (%)         (%)
     1     1     1     1        0  0.8748E+04  0.1000E+03  0.0000E+00  0.0000E+00
     1     1     1     2        0  0.3588E+05  0.4448E+02  0.0000E+00  0.0000E+00
     1     1     1     3        0  0.2520E+05  0.8518E+02  0.0000E+00  0.0000E+00
     1     1     1     4        0  0.4362E+04  0.5643E+02  0.0000E+00  0.0000E+00
     1     1     1     5        0  0.2237E+04  0.1000E+03  0.0000E+00  0.0000E+00
     1     1     1     6        0  0.1869E+00  0.8091E+00  0.0000E+00  0.0000E+00
     1     2     1     1        0  0.2397E-01  0.9277E+00  0.0000E+00  0.0000E+00
     1     2     1     2        0  0.0000E+00  0.5048E-02  0.0000E+00  0.0000E+00
     1     3     1     1        0  0.2593E-01  0.1142E+01  0.0000E+00  0.0000E+00
     1     3     1     2        0  0.0000E+00  0.4807E-02  0.0000E+00  0.0000E+00
     1     4     1     1        0  0.1117E+00  0.1861E+01  0.0000E+00  0.0000E+00
     1     4     1     2        0  0.0000E+00  0.1149E-01  0.0000E+00  0.0000E+00
     1     5     1     1        0  0.6118E+00  0.3838E+01  0.0000E+00  0.0000E+00
     1     5     1     2        0  0.0000E+00  0.3031E-01  0.0000E+00  0.0000E+00
     1     6     1     1        0  0.1790E+01  0.7584E+01  0.0000E+00  0.0000E+00
     1     6     1     2        0  0.0000E+00  0.1085E+00  0.0000E+00  0.0000E+00
     1     7     1     1        0  0.2193E+01  0.1248E+02  0.0000E+00  0.0000E+00
     1     7     1     2        0  0.0000E+00  0.2326E+00  0.0000E+00  0.0000E+00
