SUMMARY OF C0NVERGENCE INFORMATION
  STEP   INC  ATT   ITER     CONT.   RESID.        CORR.      RESID.      CORR.
                              EL.    FORCE         DISP       FLUX        TEMP.
                              (#)     (%)           (%)        (%)         (%)
     1     1     1     1        0  0.1741E+05  0.1000E+03  0.0000E+00  0.0000E+00
     1     1     1     2        0  0.3737E+05  0.7649E+02  0.0000E+00  0.0000E+00
     1     1     1     3        0  0.3391E+05  0.5413E+02  0.0000E+00  0.0000E+00
     1     1     1     4        0  0.6922E+05  0.7791E+02  0.0000E+00  0.0000E+00
     1     1     1     5        0  0.2585E+04  0.1000E+03  0.0000E+00  0.0000E+00
     1     1     1     6        0  0.9434E+03  0.5529E+00  0.0000E+00  0.0000E+00
     1     1     1     7        0  0.1589E+03  0.1455E+00  0.0000E+00  0.0000E+00
     1     1     1     8        0  0.0000E+00  0.8719E-02  0.0000E+00  0.0000E+00
     1     2     1     1        0  0.0000E+00  0.3856E-01  0.0000E+00  0.0000E+00
     1     2     1     2        0  0.0000E+00  0.9976E-05  0.0000E+00  0.0000E+00
     1     3     1     1        0  0.0000E+00  0.3852E-01  0.0000E+00  0.0000E+00
     1     3     1     2        0  0.0000E+00  0.9919E-05  0.0000E+00  0.0000E+00
     1     4     1     1        0  0.0000E+00  0.4808E-01  0.0000E+00  0.0000E+00
     1     4     1     2        0  0.0000E+00  0.2305E-04  0.0000E+00  0.0000E+00
     1     5     1     1        0  0.0000E+00  0.6719E-01  0.0000E+00  0.0000E+00
     1     5     1     2        0  0.0000E+00  0.5952E-04  0.0000E+00  0.0000E+00
     1     6     1     1        0  0.0000E+00  0.7661E-01  0.0000E+00  0.0000E+00
     1     6     1     2        0  0.0000E+00  0.7684E-04  0.0000E+00  0.0000E+00
     1     7     1     1        0  0.0000E+00  0.6690E-01  0.0000E+00  0.0000E+00
     1     7     1     2        0  0.0000E+00  0.4379E-04  0.0000E+00  0.0000E+00
