{
  "revision": "Rev.EO",
  "classification": "CAD_CANDIDATE_NOT_PRODUCTION",
  "solid_valid": true,
  "solid_components": 1,
  "solid_volume_mm3": 295343.3385741934,
  "fluid_valid": true,
  "fluid_components": 1,
  "fluid_volume_mm3": 632604.7554458061,
  "max_vent_reclosure_mm3": 0,
  "open_axial_rays": 0,
  "sampled_rays": 528,
  "open_sampled_rays": 0,
  "examples": [],
  "upper_air_height_mm": 1.7,
  "lower_air_height_mm": 2.8,
  "lower_min_gate_area_mm2": 53.199999999999996,
  "upper_min_gate_area_mm2": 5.1,
  "release": "OPEN",
  "limitations": [
    "Upper 5.1 mm2 gate per side is restrictive; thermal capacity unproven.",
    "Local slab fluid is not full CFD geometry.",
    "Exact component/harness/RF masks not present.",
    "No acoustic attenuation or CFD/FEA result.",
    "No process tolerance assigned; 1 mm walls are design candidate dimensions."
  ],
  "solid_sha256": "8ca3740beab183e71bde47b4d291e61630b7c327e1188a148627c3f9d802522b",
  "fluid_sha256": "437f2e089d758f2674b4997dc72687aa88a0ad9bf4a354b00e7e09ff3eb8d1e4"
}
