SUMMARY OF C0NVERGENCE INFORMATION
  STEP   INC  ATT   ITER     CONT.   RESID.        CORR.      RESID.      CORR.
                              EL.    FORCE         DISP       FLUX        TEMP.
                              (#)     (%)           (%)        (%)         (%)
     1     1     1     1        0  0.1565E+05  0.1000E+03  0.0000E+00  0.0000E+00
     1     1     1     2        0  0.2622E+05  0.7507E+02  0.0000E+00  0.0000E+00
     1     1     1     3        0  0.2728E+05  0.5370E+02  0.0000E+00  0.0000E+00
     1     1     1     4        0  0.6218E+05  0.7005E+02  0.0000E+00  0.0000E+00
     1     1     1     5        0  0.1696E+04  0.1000E+03  0.0000E+00  0.0000E+00
     1     1     1     6        0  0.8040E+03  0.5902E+00  0.0000E+00  0.0000E+00
     1     1     1     7        0  0.1250E+03  0.1509E+00  0.0000E+00  0.0000E+00
     1     1     1     8        0  0.0000E+00  0.7667E-02  0.0000E+00  0.0000E+00
     1     2     1     1        0  0.0000E+00  0.3955E-01  0.0000E+00  0.0000E+00
     1     2     1     2        0  0.0000E+00  0.1816E-04  0.0000E+00  0.0000E+00
     1     3     1     1        0  0.0000E+00  0.3957E-01  0.0000E+00  0.0000E+00
     1     3     1     2        0  0.0000E+00  0.1813E-04  0.0000E+00  0.0000E+00
     1     4     1     1        0  0.0000E+00  0.4947E-01  0.0000E+00  0.0000E+00
     1     4     1     2        0  0.0000E+00  0.4231E-04  0.0000E+00  0.0000E+00
     1     5     1     1        0  0.0000E+00  0.6929E-01  0.0000E+00  0.0000E+00
     1     5     1     2        0  0.0000E+00  0.1099E-03  0.0000E+00  0.0000E+00
     1     6     1     1        0  0.0000E+00  0.7923E-01  0.0000E+00  0.0000E+00
     1     6     1     2        0  0.0000E+00  0.1428E-03  0.0000E+00  0.0000E+00
     1     7     1     1        0  0.0000E+00  0.6939E-01  0.0000E+00  0.0000E+00
     1     7     1     2        0  0.0000E+00  0.8200E-04  0.0000E+00  0.0000E+00
