SUMMARY OF C0NVERGENCE INFORMATION
  STEP   INC  ATT   ITER     CONT.   RESID.        CORR.      RESID.      CORR.
                              EL.    FORCE         DISP       FLUX        TEMP.
                              (#)     (%)           (%)        (%)         (%)
     1     1     1     1        0  0.9582E+04  0.1000E+03  0.0000E+00  0.0000E+00
     1     1     1     2        0  0.4632E+05  0.6066E+02  0.0000E+00  0.0000E+00
     1     1     1     3        0  0.2509E+05  0.5786E+02  0.0000E+00  0.0000E+00
     1     1     1     4        0  0.8649E+04  0.3576E+02  0.0000E+00  0.0000E+00
     1     1     1     5        0  0.8103E+03  0.1000E+03  0.0000E+00  0.0000E+00
     1     1     1     6        0  0.5434E-01  0.1863E+00  0.0000E+00  0.0000E+00
     1     2     1     1        0  0.0000E+00  0.9435E-01  0.0000E+00  0.0000E+00
     1     2     1     2        0  0.0000E+00  0.5416E-04  0.0000E+00  0.0000E+00
     1     3     1     1        0  0.0000E+00  0.9435E-01  0.0000E+00  0.0000E+00
     1     3     1     2        0  0.0000E+00  0.5390E-04  0.0000E+00  0.0000E+00
     1     4     1     1        0  0.0000E+00  0.1178E+00  0.0000E+00  0.0000E+00
     1     4     1     2        0  0.0000E+00  0.1250E-03  0.0000E+00  0.0000E+00
     1     5     1     1        0  0.0000E+00  0.1646E+00  0.0000E+00  0.0000E+00
     1     5     1     2        0  0.0000E+00  0.3224E-03  0.0000E+00  0.0000E+00
     1     6     1     1        0  0.0000E+00  0.1879E+00  0.0000E+00  0.0000E+00
     1     6     1     2        0  0.0000E+00  0.4159E-03  0.0000E+00  0.0000E+00
     1     7     1     1        0  0.0000E+00  0.1644E+00  0.0000E+00  0.0000E+00
     1     7     1     2        0  0.0000E+00  0.2369E-03  0.0000E+00  0.0000E+00
