[
  {
    "case": "LC1",
    "solver_execution_pass": true,
    "classification": "SIMULATED_NORMALIZED_SCREEN_NOT_RELEASE",
    "final_step_time": 1.0,
    "max_displacement_mm": 3.4831001775403228,
    "max_displacement_node": 191,
    "max_displacement_xyz_mm": [
      156.4,
      161.0,
      28.0
    ],
    "max_abs_UZ_mm": 0.06587656,
    "corner_max_abs_UZ_mm": {
      "CORNER_LL": 0.01966652,
      "CORNER_LR": 0.02485715,
      "CORNER_UL": 0.01009314,
      "CORNER_UR": 0.01119381
    },
    "bore_boundary_displacement_note": "Bore displacements are prescribed zero; cannot validate <=0.5 mm mount movement with these supports.",
    "adjacent_mount_max_displacement_mm": {
      "UL1": 0.0033572035264615636,
      "UL2": 0.0013305712047654045,
      "UR1": 0.0013865348083255068,
      "UR2": 0.003506869459806851
    },
    "support_reaction_sum_N": [
      1.725928998885795e-07,
      70.00000128224991,
      -8.798999542869446e-09
    ],
    "force_balance_residual_N": [
      1.725928998885795e-07,
      1.282250195799861e-06,
      -8.798999542869446e-09
    ],
    "force_balance_within_0_1_percent_or_0_001N": true,
    "cleat_bore_reactions_N": {
      "UL1": [
        -8.598143576218106,
        38.057396724370015,
        0.5488271908600003
      ],
      "UL2": [
        6.259774778119997,
        -2.5259061358099992,
        -0.2956440325799999
      ],
      "UR1": [
        -6.226323611848999,
        -5.890264712509997,
        -0.3952045415190002
      ],
      "UR2": [
        8.56469258254,
        40.35877540620002,
        0.6190769023400003
      ]
    },
    "anti_lift_normal_reaction_N": -0.4770555279,
    "warp_normal_reaction_N": null,
    "moment_balance_residual_Nmm": [
      -4.086458343166826e-05,
      2.4021914371182007e-05,
      1.4371918126368125e-05
    ],
    "moment_balance_note": "About (160,200,0); wall reaction uses deformed slave tangential location. Diagnostic, not qualification of the contact model.",
    "nodal_extrapolated_stress_diagnostic": {
      "von_mises_max_MPa": 4.424090265977071,
      "node": 13616,
      "xyz_mm": [
        303.6157475961,
        153.73144265343,
        26.0
      ],
      "principal_max_MPa": 4.12703424101212,
      "principal_min_MPa": -5.506549062333223,
      "hotspot_classification": "UNRESOLVED: unfilleted corners and bonded constraints; no non-singular peak or failure index claimed"
    },
    "qualified_strength_margin": null
  }
]
