SUMMARY OF C0NVERGENCE INFORMATION
  STEP   INC  ATT   ITER     CONT.   RESID.        CORR.      RESID.      CORR.
                              EL.    FORCE         DISP       FLUX        TEMP.
                              (#)     (%)           (%)        (%)         (%)
     1     1     1     1        0  0.1278E+05  0.1000E+03  0.0000E+00  0.0000E+00
     1     1     1     2        0  0.5085E+05  0.7520E+02  0.0000E+00  0.0000E+00
     1     1     1     3        0  0.2796E+05  0.5638E+02  0.0000E+00  0.0000E+00
     1     1     1     4        0  0.1244E+05  0.3141E+02  0.0000E+00  0.0000E+00
     1     1     1     5        0  0.2297E+04  0.1000E+03  0.0000E+00  0.0000E+00
     1     1     1     6        0  0.3138E+03  0.4122E+00  0.0000E+00  0.0000E+00
     1     1     1     7        0  0.0000E+00  0.2331E-01  0.0000E+00  0.0000E+00
     1     2     1     1        0  0.0000E+00  0.7650E-01  0.0000E+00  0.0000E+00
     1     2     1     2        0  0.0000E+00  0.4370E-03  0.0000E+00  0.0000E+00
     1     3     1     1        0  0.0000E+00  0.7638E-01  0.0000E+00  0.0000E+00
     1     3     1     2        0  0.0000E+00  0.4375E-03  0.0000E+00  0.0000E+00
     1     4     1     1        0  0.0000E+00  0.9528E-01  0.0000E+00  0.0000E+00
     1     4     1     2        0  0.0000E+00  0.1004E-02  0.0000E+00  0.0000E+00
     1     5     1     1        0  0.0000E+00  0.1330E+00  0.0000E+00  0.0000E+00
     1     5     1     2        0  0.0000E+00  0.2525E-02  0.0000E+00  0.0000E+00
     1     6     1     1        0  0.0000E+00  0.1516E+00  0.0000E+00  0.0000E+00
     1     6     1     2        0  0.0000E+00  0.3265E-02  0.0000E+00  0.0000E+00
     1     7     1     1        0  0.0000E+00  0.1324E+00  0.0000E+00  0.0000E+00
     1     7     1     2        0  0.0000E+00  0.1944E-02  0.0000E+00  0.0000E+00
