SUMMARY OF C0NVERGENCE INFORMATION
  STEP   INC  ATT   ITER     CONT.   RESID.        CORR.      RESID.      CORR.
                              EL.    FORCE         DISP       FLUX        TEMP.
                              (#)     (%)           (%)        (%)         (%)
     1     1     1     1        0  0.1347E+05  0.1000E+03  0.0000E+00  0.0000E+00
     1     1     1     2        0  0.2965E+05  0.6533E+02  0.0000E+00  0.0000E+00
     1     1     1     3        0  0.2227E+05  0.6709E+02  0.0000E+00  0.0000E+00
     1     1     1     4        0  0.2172E+05  0.3603E+02  0.0000E+00  0.0000E+00
     1     1     1     5        0  0.6486E+05  0.1000E+03  0.0000E+00  0.0000E+00
     1     1     1     6        0  0.2206E+04  0.1000E+03  0.0000E+00  0.0000E+00
     1     1     1     7        0  0.1798E+03  0.8203E+00  0.0000E+00  0.0000E+00
     1     1     1     8        0  0.0000E+00  0.3160E-01  0.0000E+00  0.0000E+00
     1     2     1     1        0  0.0000E+00  0.9500E-01  0.0000E+00  0.0000E+00
     1     2     1     2        0  0.0000E+00  0.8567E-04  0.0000E+00  0.0000E+00
     1     3     1     1        0  0.0000E+00  0.9481E-01  0.0000E+00  0.0000E+00
     1     3     1     2        0  0.0000E+00  0.8460E-04  0.0000E+00  0.0000E+00
     1     4     1     1        0  0.0000E+00  0.1182E+00  0.0000E+00  0.0000E+00
     1     4     1     2        0  0.0000E+00  0.1926E-03  0.0000E+00  0.0000E+00
     1     5     1     1        0  0.0000E+00  0.1648E+00  0.0000E+00  0.0000E+00
     1     5     1     2        0  0.0000E+00  0.4805E-03  0.0000E+00  0.0000E+00
     1     6     1     1        0  0.0000E+00  0.1876E+00  0.0000E+00  0.0000E+00
     1     6     1     2        0  0.0000E+00  0.6145E-03  0.0000E+00  0.0000E+00
     1     7     1     1        0  0.0000E+00  0.1637E+00  0.0000E+00  0.0000E+00
     1     7     1     2        0  0.0000E+00  0.3520E-03  0.0000E+00  0.0000E+00
